Archive member included to satisfy reference by file (symbol)

C:/Program Files (x86)/STM32CubeIDE_1.17.0/STM32CubeIDE/plugins/com.st.stm32cube.ide.mcu.externaltools.gnu-tools-for-stm32.12.3.rel1.win32_1.1.0.202410251130/tools/bin/../lib/gcc/arm-none-eabi/12.3.1/../../../../arm-none-eabi/lib/thumb/v7-m/nofp\libc_nano.a(libc_a-exit.o)
                              C:/Program Files (x86)/STM32CubeIDE_1.17.0/STM32CubeIDE/plugins/com.st.stm32cube.ide.mcu.externaltools.gnu-tools-for-stm32.12.3.rel1.win32_1.1.0.202410251130/tools/bin/../lib/gcc/arm-none-eabi/12.3.1/../../../../arm-none-eabi/lib/thumb/v7-m/nofp/crt0.o (exit)
C:/Program Files (x86)/STM32CubeIDE_1.17.0/STM32CubeIDE/plugins/com.st.stm32cube.ide.mcu.externaltools.gnu-tools-for-stm32.12.3.rel1.win32_1.1.0.202410251130/tools/bin/../lib/gcc/arm-none-eabi/12.3.1/../../../../arm-none-eabi/lib/thumb/v7-m/nofp\libc_nano.a(libc_a-findfp.o)
                              C:/Program Files (x86)/STM32CubeIDE_1.17.0/STM32CubeIDE/plugins/com.st.stm32cube.ide.mcu.externaltools.gnu-tools-for-stm32.12.3.rel1.win32_1.1.0.202410251130/tools/bin/../lib/gcc/arm-none-eabi/12.3.1/../../../../arm-none-eabi/lib/thumb/v7-m/nofp\libc_nano.a(libc_a-exit.o) (__stdio_exit_handler)
C:/Program Files (x86)/STM32CubeIDE_1.17.0/STM32CubeIDE/plugins/com.st.stm32cube.ide.mcu.externaltools.gnu-tools-for-stm32.12.3.rel1.win32_1.1.0.202410251130/tools/bin/../lib/gcc/arm-none-eabi/12.3.1/../../../../arm-none-eabi/lib/thumb/v7-m/nofp\libc_nano.a(libc_a-fwalk.o)
                              C:/Program Files (x86)/STM32CubeIDE_1.17.0/STM32CubeIDE/plugins/com.st.stm32cube.ide.mcu.externaltools.gnu-tools-for-stm32.12.3.rel1.win32_1.1.0.202410251130/tools/bin/../lib/gcc/arm-none-eabi/12.3.1/../../../../arm-none-eabi/lib/thumb/v7-m/nofp\libc_nano.a(libc_a-findfp.o) (_fwalk_sglue)
C:/Program Files (x86)/STM32CubeIDE_1.17.0/STM32CubeIDE/plugins/com.st.stm32cube.ide.mcu.externaltools.gnu-tools-for-stm32.12.3.rel1.win32_1.1.0.202410251130/tools/bin/../lib/gcc/arm-none-eabi/12.3.1/../../../../arm-none-eabi/lib/thumb/v7-m/nofp\libc_nano.a(libc_a-stdio.o)
                              C:/Program Files (x86)/STM32CubeIDE_1.17.0/STM32CubeIDE/plugins/com.st.stm32cube.ide.mcu.externaltools.gnu-tools-for-stm32.12.3.rel1.win32_1.1.0.202410251130/tools/bin/../lib/gcc/arm-none-eabi/12.3.1/../../../../arm-none-eabi/lib/thumb/v7-m/nofp\libc_nano.a(libc_a-findfp.o) (__sread)
C:/Program Files (x86)/STM32CubeIDE_1.17.0/STM32CubeIDE/plugins/com.st.stm32cube.ide.mcu.externaltools.gnu-tools-for-stm32.12.3.rel1.win32_1.1.0.202410251130/tools/bin/../lib/gcc/arm-none-eabi/12.3.1/../../../../arm-none-eabi/lib/thumb/v7-m/nofp\libc_nano.a(libc_a-vsnprintf.o)
                              ./Core/Src/debug.o (vsnprintf)
C:/Program Files (x86)/STM32CubeIDE_1.17.0/STM32CubeIDE/plugins/com.st.stm32cube.ide.mcu.externaltools.gnu-tools-for-stm32.12.3.rel1.win32_1.1.0.202410251130/tools/bin/../lib/gcc/arm-none-eabi/12.3.1/../../../../arm-none-eabi/lib/thumb/v7-m/nofp\libc_nano.a(libc_a-memcmp.o)
                              ./Core/Src/sensor.o (memcmp)
C:/Program Files (x86)/STM32CubeIDE_1.17.0/STM32CubeIDE/plugins/com.st.stm32cube.ide.mcu.externaltools.gnu-tools-for-stm32.12.3.rel1.win32_1.1.0.202410251130/tools/bin/../lib/gcc/arm-none-eabi/12.3.1/../../../../arm-none-eabi/lib/thumb/v7-m/nofp\libc_nano.a(libc_a-memset.o)
                              C:/Program Files (x86)/STM32CubeIDE_1.17.0/STM32CubeIDE/plugins/com.st.stm32cube.ide.mcu.externaltools.gnu-tools-for-stm32.12.3.rel1.win32_1.1.0.202410251130/tools/bin/../lib/gcc/arm-none-eabi/12.3.1/../../../../arm-none-eabi/lib/thumb/v7-m/nofp/crt0.o (memset)
C:/Program Files (x86)/STM32CubeIDE_1.17.0/STM32CubeIDE/plugins/com.st.stm32cube.ide.mcu.externaltools.gnu-tools-for-stm32.12.3.rel1.win32_1.1.0.202410251130/tools/bin/../lib/gcc/arm-none-eabi/12.3.1/../../../../arm-none-eabi/lib/thumb/v7-m/nofp\libc_nano.a(libc_a-closer.o)
                              C:/Program Files (x86)/STM32CubeIDE_1.17.0/STM32CubeIDE/plugins/com.st.stm32cube.ide.mcu.externaltools.gnu-tools-for-stm32.12.3.rel1.win32_1.1.0.202410251130/tools/bin/../lib/gcc/arm-none-eabi/12.3.1/../../../../arm-none-eabi/lib/thumb/v7-m/nofp\libc_nano.a(libc_a-stdio.o) (_close_r)
C:/Program Files (x86)/STM32CubeIDE_1.17.0/STM32CubeIDE/plugins/com.st.stm32cube.ide.mcu.externaltools.gnu-tools-for-stm32.12.3.rel1.win32_1.1.0.202410251130/tools/bin/../lib/gcc/arm-none-eabi/12.3.1/../../../../arm-none-eabi/lib/thumb/v7-m/nofp\libc_nano.a(libc_a-reent.o)
                              C:/Program Files (x86)/STM32CubeIDE_1.17.0/STM32CubeIDE/plugins/com.st.stm32cube.ide.mcu.externaltools.gnu-tools-for-stm32.12.3.rel1.win32_1.1.0.202410251130/tools/bin/../lib/gcc/arm-none-eabi/12.3.1/../../../../arm-none-eabi/lib/thumb/v7-m/nofp\libc_nano.a(libc_a-closer.o) (errno)
[...]
Memory Configuration

Name             Origin             Length             Attributes
RAM              0x20000000         0x00005000         xrw
FLASH            0x08000000         0x00010000         xr
*default*        0x00000000         0xffffffff

Linker script and memory map

LOAD C:/Program Files (x86)/STM32CubeIDE_1.17.0/STM32CubeIDE/plugins/com.st.stm32cube.ide.mcu.externaltools.gnu-tools-for-stm32.12.3.rel1.win32_1.1.0.202410251130/tools/bin/../lib/gcc/arm-none-eabi/12.3.1/thumb/v7-m/nofp/crti.o
LOAD C:/Program Files (x86)/STM32CubeIDE_1.17.0/STM32CubeIDE/plugins/com.st.stm32cube.ide.mcu.externaltools.gnu-tools-for-stm32.12.3.rel1.win32_1.1.0.202410251130/tools/bin/../lib/gcc/arm-none-eabi/12.3.1/thumb/v7-m/nofp/crtbegin.o
LOAD C:/Program Files (x86)/STM32CubeIDE_1.17.0/STM32CubeIDE/plugins/com.st.stm32cube.ide.mcu.externaltools.gnu-tools-for-stm32.12.3.rel1.win32_1.1.0.202410251130/tools/bin/../lib/gcc/arm-none-eabi/12.3.1/../../../../arm-none-eabi/lib/thumb/v7-m/nofp/crt0.o
LOAD ./Core/Src/can_drv.o
LOAD ./Core/Src/debug.o
LOAD ./Core/Src/main.o
LOAD ./Core/Src/sensor.o
LOAD ./Core/Src/stm32f1xx_hal_msp.o
LOAD ./Core/Src/stm32f1xx_it.o
LOAD ./Core/Src/syscalls.o
LOAD ./Core/Src/sysmem.o
LOAD ./Core/Src/system_stm32f1xx.o
LOAD ./Core/Src/uart.o
LOAD ./Core/Startup/startup_stm32f103c8tx.o
LOAD ./Drivers/STM32F1xx_HAL_Driver/Src/stm32f1xx_hal.o
LOAD ./Drivers/STM32F1xx_HAL_Driver/Src/stm32f1xx_hal_can.o
LOAD ./Drivers/STM32F1xx_HAL_Driver/Src/stm32f1xx_hal_cortex.o
LOAD ./Drivers/STM32F1xx_HAL_Driver/Src/stm32f1xx_hal_dma.o
LOAD ./Drivers/STM32F1xx_HAL_Driver/Src/stm32f1xx_hal_exti.o
LOAD ./Drivers/STM32F1xx_HAL_Driver/Src/stm32f1xx_hal_flash.o
LOAD ./Drivers/STM32F1xx_HAL_Driver/Src/stm32f1xx_hal_flash_ex.o
LOAD ./Drivers/STM32F1xx_HAL_Driver/Src/stm32f1xx_hal_gpio.o
LOAD ./Drivers/STM32F1xx_HAL_Driver/Src/stm32f1xx_hal_gpio_ex.o
LOAD ./Drivers/STM32F1xx_HAL_Driver/Src/stm32f1xx_hal_pwr.o
LOAD ./Drivers/STM32F1xx_HAL_Driver/Src/stm32f1xx_hal_rcc.o
LOAD ./Drivers/STM32F1xx_HAL_Driver/Src/stm32f1xx_hal_rcc_ex.o
LOAD ./Drivers/STM32F1xx_HAL_Driver/Src/stm32f1xx_hal_uart.o
START GROUP
LOAD C:/Program Files (x86)/STM32CubeIDE_1.17.0/STM32CubeIDE/plugins/com.st.stm32cube.ide.mcu.externaltools.gnu-tools-for-stm32.12.3.rel1.win32_1.1.0.202410251130/tools/bin/../lib/gcc/arm-none-eabi/12.3.1/../../../../arm-none-eabi/lib/thumb/v7-m/nofp\libc_nano.a
LOAD C:/Program Files (x86)/STM32CubeIDE_1.17.0/STM32CubeIDE/plugins/com.st.stm32cube.ide.mcu.externaltools.gnu-tools-for-stm32.12.3.rel1.win32_1.1.0.202410251130/tools/bin/../lib/gcc/arm-none-eabi/12.3.1/../../../../arm-none-eabi/lib/thumb/v7-m/nofp\libm.a
END GROUP
START GROUP
LOAD C:/Program Files (x86)/STM32CubeIDE_1.17.0/STM32CubeIDE/plugins/com.st.stm32cube.ide.mcu.externaltools.gnu-tools-for-stm32.12.3.rel1.win32_1.1.0.202410251130/tools/bin/../lib/gcc/arm-none-eabi/12.3.1/thumb/v7-m/nofp\libgcc.a
LOAD C:/Program Files (x86)/STM32CubeIDE_1.17.0/STM32CubeIDE/plugins/com.st.stm32cube.ide.mcu.externaltools.gnu-tools-for-stm32.12.3.rel1.win32_1.1.0.202410251130/tools/bin/../lib/gcc/arm-none-eabi/12.3.1/../../../../arm-none-eabi/lib/thumb/v7-m/nofp\libc_nano.a
END GROUP
START GROUP
LOAD C:/Program Files (x86)/STM32CubeIDE_1.17.0/STM32CubeIDE/plugins/com.st.stm32cube.ide.mcu.externaltools.gnu-tools-for-stm32.12.3.rel1.win32_1.1.0.202410251130/tools/bin/../lib/gcc/arm-none-eabi/12.3.1/thumb/v7-m/nofp\libgcc.a
LOAD C:/Program Files (x86)/STM32CubeIDE_1.17.0/STM32CubeIDE/plugins/com.st.stm32cube.ide.mcu.externaltools.gnu-tools-for-stm32.12.3.rel1.win32_1.1.0.202410251130/tools/bin/../lib/gcc/arm-none-eabi/12.3.1/../../../../arm-none-eabi/lib/thumb/v7-m/nofp\libc_nano.a
LOAD C:/Program Files (x86)/STM32CubeIDE_1.17.0/STM32CubeIDE/plugins/com.st.stm32cube.ide.mcu.externaltools.gnu-tools-for-stm32.12.3.rel1.win32_1.1.0.202410251130/tools/bin/../lib/gcc/arm-none-eabi/12.3.1/../../../../arm-none-eabi/lib/thumb/v7-m/nofp\libnosys.a
END GROUP
START GROUP
LOAD C:/Program Files (x86)/STM32CubeIDE_1.17.0/STM32CubeIDE/plugins/com.st.stm32cube.ide.mcu.externaltools.gnu-tools-for-stm32.12.3.rel1.win32_1.1.0.202410251130/tools/bin/../lib/gcc/arm-none-eabi/12.3.1/thumb/v7-m/nofp\libgcc.a
LOAD C:/Program Files (x86)/STM32CubeIDE_1.17.0/STM32CubeIDE/plugins/com.st.stm32cube.ide.mcu.externaltools.gnu-tools-for-stm32.12.3.rel1.win32_1.1.0.202410251130/tools/bin/../lib/gcc/arm-none-eabi/12.3.1/../../../../arm-none-eabi/lib/thumb/v7-m/nofp\libc_nano.a
LOAD C:/Program Files (x86)/STM32CubeIDE_1.17.0/STM32CubeIDE/plugins/com.st.stm32cube.ide.mcu.externaltools.gnu-tools-for-stm32.12.3.rel1.win32_1.1.0.202410251130/tools/bin/../lib/gcc/arm-none-eabi/12.3.1/../../../../arm-none-eabi/lib/thumb/v7-m/nofp\libnosys.a
END GROUP
LOAD C:/Program Files (x86)/STM32CubeIDE_1.17.0/STM32CubeIDE/plugins/com.st.stm32cube.ide.mcu.externaltools.gnu-tools-for-stm32.12.3.rel1.win32_1.1.0.202410251130/tools/bin/../lib/gcc/arm-none-eabi/12.3.1/thumb/v7-m/nofp/crtend.o
LOAD C:/Program Files (x86)/STM32CubeIDE_1.17.0/STM32CubeIDE/plugins/com.st.stm32cube.ide.mcu.externaltools.gnu-tools-for-stm32.12.3.rel1.win32_1.1.0.202410251130/tools/bin/../lib/gcc/arm-none-eabi/12.3.1/thumb/v7-m/nofp/crtn.o
                0x20005000                        _estack = (ORIGIN (RAM) + LENGTH (RAM))
                0x00000200                        _Min_Heap_Size = 0x200
                0x00000400                        _Min_Stack_Size = 0x400

.isr_vector     0x08000000      0x10c
                0x08000000                        . = ALIGN (0x4)
 *(.isr_vector)
 .isr_vector    0x08000000      0x10c ./Core/Startup/startup_stm32f103c8tx.o
                0x08000000                g_pfnVectors
                0x0800010c                        . = ALIGN (0x4)

.text           0x0800010c     0x41f0
                0x0800010c                        . = ALIGN (0x4)
 *(.text)
 .text          0x0800010c       0x40 C:/Program Files (x86)/STM32CubeIDE_1.17.0/STM32CubeIDE/plugins/com.st.stm32cube.ide.mcu.externaltools.gnu-tools-for-stm32.12.3.rel1.win32_1.1.0.202410251130/tools/bin/../lib/gcc/arm-none-eabi/12.3.1/thumb/v7-m/nofp/crtbegin.o
 *(.text*)
 .text.CAN_Init
                0x0800014c       0xd0 ./Core/Src/can_drv.o
                0x0800014c                CAN_Init
 .text.CAN_Send
                0x0800021c       0x54 ./Core/Src/can_drv.o
                0x0800021c                CAN_Send
 .text.CAN_MessagePending
                0x08000270       0x18 ./Core/Src/can_drv.o
                0x08000270                CAN_MessagePending
 .text.CAN_Receive
                0x08000288       0x48 ./Core/Src/can_drv.o
                0x08000288                CAN_Receive
 .text.__NVIC_SystemReset
                0x080002d0       0x2c ./Core/Src/debug.o
 .text.DEBUG_Log
                0x080002fc       0x4c ./Core/Src/debug.o
                0x080002fc                DEBUG_Log
 .text.DEBUG_SelfTest
                0x08000348       0x5c ./Core/Src/debug.o
                0x08000348                DEBUG_SelfTest
 .text.DEBUG_Init
                0x080003a4        0xc ./Core/Src/main.o
 .text.main     0x080003b0       0x58 ./Core/Src/main.o
                0x080003b0                main
 .text.SystemClock_Config
                0x08000408       0x8a ./Core/Src/main.o
                0x08000408                SystemClock_Config
 *fill*         0x08000492        0x2 
 .text.MX_CAN_Init
                0x08000494       0x68 ./Core/Src/main.o
 .text.MX_USART1_UART_Init
                0x080004fc       0x84 ./Core/Src/main.o
 .text.MX_DMA_Init
                0x08000580       0x4c ./Core/Src/main.o
 .text.MX_GPIO_Init
                0x080005cc       0xb0 ./Core/Src/main.o
 .text.Error_Handler
                0x0800067c        0xc ./Core/Src/main.o
                0x0800067c                Error_Handler
 .text.SENSOR_Init
                0x08000688       0x4c ./Core/Src/sensor.o
                0x08000688                SENSOR_Init
 .text.SENSOR_Process
                0x080006d4      0x1f0 ./Core/Src/sensor.o
                0x080006d4                SENSOR_Process
 .text.HAL_MspInit
                0x080008c4       0x64 ./Core/Src/stm32f1xx_hal_msp.o
                0x080008c4                HAL_MspInit
 .text.HAL_CAN_MspInit
                0x08000928       0xc0 ./Core/Src/stm32f1xx_hal_msp.o
                0x08000928                HAL_CAN_MspInit
 .text.HAL_UART_MspInit
                0x080009e8      0x140 ./Core/Src/stm32f1xx_hal_msp.o
                0x080009e8                HAL_UART_MspInit
 .text.NMI_Handler
                0x08000b28        0x8 ./Core/Src/stm32f1xx_it.o
                0x08000b28                NMI_Handler
 .text.HardFault_Handler
                0x08000b30        0x8 ./Core/Src/stm32f1xx_it.o
                0x08000b30                HardFault_Handler
 .text.MemManage_Handler
                0x08000b38        0x8 ./Core/Src/stm32f1xx_it.o
                0x08000b38                MemManage_Handler
 .text.BusFault_Handler
                0x08000b40        0x8 ./Core/Src/stm32f1xx_it.o
                0x08000b40                BusFault_Handler
 .text.UsageFault_Handler
                0x08000b48        0x8 ./Core/Src/stm32f1xx_it.o
                0x08000b48                UsageFault_Handler
 .text.SVC_Handler
                0x08000b50        0xc ./Core/Src/stm32f1xx_it.o
                0x08000b50                SVC_Handler
 .text.DebugMon_Handler
                0x08000b5c        0xc ./Core/Src/stm32f1xx_it.o
                0x08000b5c                DebugMon_Handler
 .text.PendSV_Handler
                0x08000b68        0xc ./Core/Src/stm32f1xx_it.o
                0x08000b68                PendSV_Handler
 .text.SysTick_Handler
                0x08000b74        0xc ./Core/Src/stm32f1xx_it.o
                0x08000b74                SysTick_Handler
 .text.DMA1_Channel4_IRQHandler
                0x08000b80       0x14 ./Core/Src/stm32f1xx_it.o
                0x08000b80                DMA1_Channel4_IRQHandler
 .text.DMA1_Channel5_IRQHandler
                0x08000b94       0x14 ./Core/Src/stm32f1xx_it.o
                0x08000b94                DMA1_Channel5_IRQHandler
 .text.USART1_IRQHandler
                0x08000ba8       0x74 ./Core/Src/stm32f1xx_it.o
                0x08000ba8                USART1_IRQHandler
 .text._sbrk    0x08000c1c       0x6c ./Core/Src/sysmem.o
                0x08000c1c                _sbrk
 .text.SystemInit
                0x08000c88        0xc ./Core/Src/system_stm32f1xx.o
                0x08000c88                SystemInit
 .text.UART_Init
                0x08000c94      0x12c ./Core/Src/uart.o
                0x08000c94                UART_Init
 .text.UART_Send
                0x08000dc0       0x34 ./Core/Src/uart.o
                0x08000dc0                UART_Send
 .text.HAL_UART_TxCpltCallback
                0x08000df4       0x2c ./Core/Src/uart.o
                0x08000df4                HAL_UART_TxCpltCallback
 .text.Reset_Handler
                0x08000e20       0x48 ./Core/Startup/startup_stm32f103c8tx.o
                0x08000e20                Reset_Handler
 .text.Default_Handler
                0x08000e68        0x2 ./Core/Startup/startup_stm32f103c8tx.o
                0x08000e68                RTC_Alarm_IRQHandler
                0x08000e68                EXTI2_IRQHandler
                0x08000e68                TIM1_CC_IRQHandler
                0x08000e68                PVD_IRQHandler
                0x08000e68                EXTI3_IRQHandler
                0x08000e68                EXTI0_IRQHandler
                0x08000e68                I2C2_EV_IRQHandler
                0x08000e68                ADC1_2_IRQHandler
                0x08000e68                SPI1_IRQHandler
                0x08000e68                TAMPER_IRQHandler
                0x08000e68                USART3_IRQHandler
                0x08000e68                RTC_IRQHandler
                0x08000e68                DMA1_Channel7_IRQHandler
                0x08000e68                CAN1_RX1_IRQHandler
                0x08000e68                TIM4_IRQHandler
                0x08000e68                I2C1_EV_IRQHandler
                0x08000e68                DMA1_Channel6_IRQHandler
                0x08000e68                TIM3_IRQHandler
                0x08000e68                RCC_IRQHandler
                0x08000e68                TIM1_TRG_COM_IRQHandler
                0x08000e68                DMA1_Channel1_IRQHandler
                0x08000e68                Default_Handler
                0x08000e68                EXTI15_10_IRQHandler
                0x08000e68                EXTI9_5_IRQHandler
                0x08000e68                SPI2_IRQHandler
                0x08000e68                EXTI4_IRQHandler
                0x08000e68                USB_LP_CAN1_RX0_IRQHandler
                0x08000e68                USB_HP_CAN1_TX_IRQHandler
                0x08000e68                DMA1_Channel3_IRQHandler
                0x08000e68                TIM1_UP_IRQHandler
                0x08000e68                WWDG_IRQHandler
                0x08000e68                TIM2_IRQHandler
                0x08000e68                TIM1_BRK_IRQHandler
                0x08000e68                EXTI1_IRQHandler
                0x08000e68                USART2_IRQHandler
                0x08000e68                I2C2_ER_IRQHandler
                0x08000e68                DMA1_Channel2_IRQHandler
                0x08000e68                CAN1_SCE_IRQHandler
                0x08000e68                FLASH_IRQHandler
                0x08000e68                I2C1_ER_IRQHandler
                0x08000e68                USBWakeUp_IRQHandler
 *fill*         0x08000e6a        0x2 
 .text.HAL_Init
                0x08000e6c       0x2c ./Drivers/STM32F1xx_HAL_Driver/Src/stm32f1xx_hal.o
                0x08000e6c                HAL_Init
 .text.HAL_InitTick
                0x08000e98       0x60 ./Drivers/STM32F1xx_HAL_Driver/Src/stm32f1xx_hal.o
                0x08000e98                HAL_InitTick
 .text.HAL_IncTick
                0x08000ef8       0x24 ./Drivers/STM32F1xx_HAL_Driver/Src/stm32f1xx_hal.o
                0x08000ef8                HAL_IncTick
 .text.HAL_GetTick
                0x08000f1c       0x14 ./Drivers/STM32F1xx_HAL_Driver/Src/stm32f1xx_hal.o
                0x08000f1c                HAL_GetTick
 .text.HAL_Delay
                0x08000f30       0x48 ./Drivers/STM32F1xx_HAL_Driver/Src/stm32f1xx_hal.o
                0x08000f30                HAL_Delay
 .text.HAL_CAN_Init
                0x08000f78      0x1f6 ./Drivers/STM32F1xx_HAL_Driver/Src/stm32f1xx_hal_can.o
                0x08000f78                HAL_CAN_Init
 .text.HAL_CAN_ConfigFilter
                0x0800116e      0x192 ./Drivers/STM32F1xx_HAL_Driver/Src/stm32f1xx_hal_can.o
                0x0800116e                HAL_CAN_ConfigFilter
 .text.HAL_CAN_Start
                0x08001300       0x88 ./Drivers/STM32F1xx_HAL_Driver/Src/stm32f1xx_hal_can.o
                0x08001300                HAL_CAN_Start
 .text.HAL_CAN_AddTxMessage
                0x08001388      0x19e ./Drivers/STM32F1xx_HAL_Driver/Src/stm32f1xx_hal_can.o
                0x08001388                HAL_CAN_AddTxMessage
 .text.HAL_CAN_ActivateNotification
                0x08001526       0x4a ./Drivers/STM32F1xx_HAL_Driver/Src/stm32f1xx_hal_can.o
                0x08001526                HAL_CAN_ActivateNotification
 .text.__NVIC_SetPriorityGrouping
                0x08001570       0x48 ./Drivers/STM32F1xx_HAL_Driver/Src/stm32f1xx_hal_cortex.o
 .text.__NVIC_GetPriorityGrouping
                0x080015b8       0x1c ./Drivers/STM32F1xx_HAL_Driver/Src/stm32f1xx_hal_cortex.o
 .text.__NVIC_EnableIRQ
                0x080015d4       0x38 ./Drivers/STM32F1xx_HAL_Driver/Src/stm32f1xx_hal_cortex.o
 .text.__NVIC_SetPriority
                0x0800160c       0x54 ./Drivers/STM32F1xx_HAL_Driver/Src/stm32f1xx_hal_cortex.o
 .text.NVIC_EncodePriority
                0x08001660       0x64 ./Drivers/STM32F1xx_HAL_Driver/Src/stm32f1xx_hal_cortex.o
 .text.SysTick_Config
                0x080016c4       0x44 ./Drivers/STM32F1xx_HAL_Driver/Src/stm32f1xx_hal_cortex.o
 .text.HAL_NVIC_SetPriorityGrouping
                0x08001708       0x16 ./Drivers/STM32F1xx_HAL_Driver/Src/stm32f1xx_hal_cortex.o
                0x08001708                HAL_NVIC_SetPriorityGrouping
 .text.HAL_NVIC_SetPriority
                0x0800171e       0x38 ./Drivers/STM32F1xx_HAL_Driver/Src/stm32f1xx_hal_cortex.o
                0x0800171e                HAL_NVIC_SetPriority
 .text.HAL_NVIC_EnableIRQ
                0x08001756       0x1c ./Drivers/STM32F1xx_HAL_Driver/Src/stm32f1xx_hal_cortex.o
                0x08001756                HAL_NVIC_EnableIRQ
 .text.HAL_SYSTICK_Config
                0x08001772       0x18 ./Drivers/STM32F1xx_HAL_Driver/Src/stm32f1xx_hal_cortex.o
                0x08001772                HAL_SYSTICK_Config
 *fill*         0x0800178a        0x2 
 .text.HAL_SYSTICK_CLKSourceConfig
                0x0800178c       0x38 ./Drivers/STM32F1xx_HAL_Driver/Src/stm32f1xx_hal_cortex.o
                0x0800178c                HAL_SYSTICK_CLKSourceConfig
 .text.HAL_DMA_Init
                0x080017c4       0xb4 ./Drivers/STM32F1xx_HAL_Driver/Src/stm32f1xx_hal_dma.o
                0x080017c4                HAL_DMA_Init
 .text.HAL_DMA_Start_IT
                0x08001878       0xc0 ./Drivers/STM32F1xx_HAL_Driver/Src/stm32f1xx_hal_dma.o
                0x08001878                HAL_DMA_Start_IT
 .text.HAL_DMA_Abort
                0x08001938       0x76 ./Drivers/STM32F1xx_HAL_Driver/Src/stm32f1xx_hal_dma.o
                0x08001938                HAL_DMA_Abort
 *fill*         0x080019ae        0x2 
 .text.HAL_DMA_Abort_IT
                0x080019b0       0xf0 ./Drivers/STM32F1xx_HAL_Driver/Src/stm32f1xx_hal_dma.o
                0x080019b0                HAL_DMA_Abort_IT
 .text.HAL_DMA_IRQHandler
                0x08001aa0      0x20c ./Drivers/STM32F1xx_HAL_Driver/Src/stm32f1xx_hal_dma.o
                0x08001aa0                HAL_DMA_IRQHandler
 .text.DMA_SetConfig
                0x08001cac       0x5a ./Drivers/STM32F1xx_HAL_Driver/Src/stm32f1xx_hal_dma.o
 *fill*         0x08001d06        0x2 
 .text.HAL_GPIO_Init
                0x08001d08      0x308 ./Drivers/STM32F1xx_HAL_Driver/Src/stm32f1xx_hal_gpio.o
                0x08001d08                HAL_GPIO_Init
 .text.HAL_GPIO_WritePin
                0x08002010       0x30 ./Drivers/STM32F1xx_HAL_Driver/Src/stm32f1xx_hal_gpio.o
                0x08002010                HAL_GPIO_WritePin
 .text.HAL_RCC_OscConfig
                0x08002040      0x504 ./Drivers/STM32F1xx_HAL_Driver/Src/stm32f1xx_hal_rcc.o
                0x08002040                HAL_RCC_OscConfig
 .text.HAL_RCC_ClockConfig
                0x08002544      0x1d4 ./Drivers/STM32F1xx_HAL_Driver/Src/stm32f1xx_hal_rcc.o
                0x08002544                HAL_RCC_ClockConfig
 .text.HAL_RCC_GetSysClockFreq
                0x08002718       0xa8 ./Drivers/STM32F1xx_HAL_Driver/Src/stm32f1xx_hal_rcc.o
                0x08002718                HAL_RCC_GetSysClockFreq
 .text.HAL_RCC_GetHCLKFreq
                0x080027c0       0x14 ./Drivers/STM32F1xx_HAL_Driver/Src/stm32f1xx_hal_rcc.o
                0x080027c0                HAL_RCC_GetHCLKFreq
 .text.HAL_RCC_GetPCLK1Freq
                0x080027d4       0x28 ./Drivers/STM32F1xx_HAL_Driver/Src/stm32f1xx_hal_rcc.o
                0x080027d4                HAL_RCC_GetPCLK1Freq
 .text.HAL_RCC_GetPCLK2Freq
                0x080027fc       0x28 ./Drivers/STM32F1xx_HAL_Driver/Src/stm32f1xx_hal_rcc.o
                0x080027fc                HAL_RCC_GetPCLK2Freq
 .text.RCC_Delay
                0x08002824       0x3c ./Drivers/STM32F1xx_HAL_Driver/Src/stm32f1xx_hal_rcc.o
 .text.HAL_UART_Init
                0x08002860       0xa0 ./Drivers/STM32F1xx_HAL_Driver/Src/stm32f1xx_hal_uart.o
                0x08002860                HAL_UART_Init
 .text.HAL_UART_Transmit_DMA
                0x08002900       0xe0 ./Drivers/STM32F1xx_HAL_Driver/Src/stm32f1xx_hal_uart.o
                0x08002900                HAL_UART_Transmit_DMA
 .text.HAL_UART_Receive_DMA
                0x080029e0       0x4a ./Drivers/STM32F1xx_HAL_Driver/Src/stm32f1xx_hal_uart.o
                0x080029e0                HAL_UART_Receive_DMA
 .text.HAL_UART_DMAStop
                0x08002a2a       0xfe ./Drivers/STM32F1xx_HAL_Driver/Src/stm32f1xx_hal_uart.o
                0x08002a2a                HAL_UART_DMAStop
 .text.HAL_UART_IRQHandler
                0x08002b28      0x524 ./Drivers/STM32F1xx_HAL_Driver/Src/stm32f1xx_hal_uart.o
                0x08002b28                HAL_UART_IRQHandler
 .text.HAL_UART_TxHalfCpltCallback
                0x0800304c       0x12 ./Drivers/STM32F1xx_HAL_Driver/Src/stm32f1xx_hal_uart.o
                0x0800304c                HAL_UART_TxHalfCpltCallback
 .text.HAL_UART_RxCpltCallback
                0x0800305e       0x12 ./Drivers/STM32F1xx_HAL_Driver/Src/stm32f1xx_hal_uart.o
                0x0800305e                HAL_UART_RxCpltCallback
 .text.HAL_UART_RxHalfCpltCallback
                0x08003070       0x12 ./Drivers/STM32F1xx_HAL_Driver/Src/stm32f1xx_hal_uart.o
                0x08003070                HAL_UART_RxHalfCpltCallback
 .text.HAL_UART_ErrorCallback
                0x08003082       0x12 ./Drivers/STM32F1xx_HAL_Driver/Src/stm32f1xx_hal_uart.o
                0x08003082                HAL_UART_ErrorCallback
 .text.HAL_UARTEx_RxEventCallback
                0x08003094       0x16 ./Drivers/STM32F1xx_HAL_Driver/Src/stm32f1xx_hal_uart.o
                0x08003094                HAL_UARTEx_RxEventCallback
 .text.UART_DMATransmitCplt
                0x080030aa       0x9a ./Drivers/STM32F1xx_HAL_Driver/Src/stm32f1xx_hal_uart.o
 .text.UART_DMATxHalfCplt
                0x08003144       0x1c ./Drivers/STM32F1xx_HAL_Driver/Src/stm32f1xx_hal_uart.o
 .text.UART_DMAReceiveCplt
                0x08003160      0x12c ./Drivers/STM32F1xx_HAL_Driver/Src/stm32f1xx_hal_uart.o
 .text.UART_DMARxHalfCplt
                0x0800328c       0x3c ./Drivers/STM32F1xx_HAL_Driver/Src/stm32f1xx_hal_uart.o
 .text.UART_DMAError
                0x080032c8       0x94 ./Drivers/STM32F1xx_HAL_Driver/Src/stm32f1xx_hal_uart.o
 .text.UART_Start_Receive_DMA
                0x0800335c      0x134 ./Drivers/STM32F1xx_HAL_Driver/Src/stm32f1xx_hal_uart.o
                0x0800335c                UART_Start_Receive_DMA
 .text.UART_EndTxTransfer
                0x08003490       0x4e ./Drivers/STM32F1xx_HAL_Driver/Src/stm32f1xx_hal_uart.o
 .text.UART_EndRxTransfer
                0x080034de       0xc4 ./Drivers/STM32F1xx_HAL_Driver/Src/stm32f1xx_hal_uart.o
 .text.UART_DMAAbortOnError
                0x080035a2       0x28 ./Drivers/STM32F1xx_HAL_Driver/Src/stm32f1xx_hal_uart.o
 .text.UART_Transmit_IT
                0x080035ca       0x9e ./Drivers/STM32F1xx_HAL_Driver/Src/stm32f1xx_hal_uart.o
 .text.UART_EndTransmit_IT
                0x08003668       0x30 ./Drivers/STM32F1xx_HAL_Driver/Src/stm32f1xx_hal_uart.o
 .text.UART_Receive_IT
                0x08003698      0x17c ./Drivers/STM32F1xx_HAL_Driver/Src/stm32f1xx_hal_uart.o
 .text.UART_SetConfig
                0x08003814      0x11c ./Drivers/STM32F1xx_HAL_Driver/Src/stm32f1xx_hal_uart.o
 .text._vsnprintf_r
                0x08003930       0x56 C:/Program Files (x86)/STM32CubeIDE_1.17.0/STM32CubeIDE/plugins/com.st.stm32cube.ide.mcu.externaltools.gnu-tools-for-stm32.12.3.rel1.win32_1.1.0.202410251130/tools/bin/../lib/gcc/arm-none-eabi/12.3.1/../../../../arm-none-eabi/lib/thumb/v7-m/nofp\libc_nano.a(libc_a-vsnprintf.o)
                0x08003930                _vsniprintf_r
                0x08003930                _vsnprintf_r
 *fill*         0x08003986        0x2 
 .text.vsnprintf
                0x08003988       0x1c C:/Program Files (x86)/STM32CubeIDE_1.17.0/STM32CubeIDE/plugins/com.st.stm32cube.ide.mcu.externaltools.gnu-tools-for-stm32.12.3.rel1.win32_1.1.0.202410251130/tools/bin/../lib/gcc/arm-none-eabi/12.3.1/../../../../arm-none-eabi/lib/thumb/v7-m/nofp\libc_nano.a(libc_a-vsnprintf.o)
                0x08003988                vsniprintf
                0x08003988                vsnprintf
 .text.memcmp   0x080039a4       0x20 C:/Program Files (x86)/STM32CubeIDE_1.17.0/STM32CubeIDE/plugins/com.st.stm32cube.ide.mcu.externaltools.gnu-tools-for-stm32.12.3.rel1.win32_1.1.0.202410251130/tools/bin/../lib/gcc/arm-none-eabi/12.3.1/../../../../arm-none-eabi/lib/thumb/v7-m/nofp\libc_nano.a(libc_a-memcmp.o)
                0x080039a4                memcmp
 .text.memset   0x080039c4       0x10 C:/Program Files (x86)/STM32CubeIDE_1.17.0/STM32CubeIDE/plugins/com.st.stm32cube.ide.mcu.externaltools.gnu-tools-for-stm32.12.3.rel1.win32_1.1.0.202410251130/tools/bin/../lib/gcc/arm-none-eabi/12.3.1/../../../../arm-none-eabi/lib/thumb/v7-m/nofp\libc_nano.a(libc_a-memset.o)
                0x080039c4                memset
 .text.__errno  0x080039d4        0xc C:/Program Files (x86)/STM32CubeIDE_1.17.0/STM32CubeIDE/plugins/com.st.stm32cube.ide.mcu.externaltools.gnu-tools-for-stm32.12.3.rel1.win32_1.1.0.202410251130/tools/bin/../lib/gcc/arm-none-eabi/12.3.1/../../../../arm-none-eabi/lib/thumb/v7-m/nofp\libc_nano.a(libc_a-errno.o)
                0x080039d4                __errno
 .text.__libc_init_array
                0x080039e0       0x48 C:/Program Files (x86)/STM32CubeIDE_1.17.0/STM32CubeIDE/plugins/com.st.stm32cube.ide.mcu.externaltools.gnu-tools-for-stm32.12.3.rel1.win32_1.1.0.202410251130/tools/bin/../lib/gcc/arm-none-eabi/12.3.1/../../../../arm-none-eabi/lib/thumb/v7-m/nofp\libc_nano.a(libc_a-init.o)
                0x080039e0                __libc_init_array
 .text.__retarget_lock_acquire_recursive
                0x08003a28        0x2 C:/Program Files (x86)/STM32CubeIDE_1.17.0/STM32CubeIDE/plugins/com.st.stm32cube.ide.mcu.externaltools.gnu-tools-for-stm32.12.3.rel1.win32_1.1.0.202410251130/tools/bin/../lib/gcc/arm-none-eabi/12.3.1/../../../../arm-none-eabi/lib/thumb/v7-m/nofp\libc_nano.a(libc_a-lock.o)
                0x08003a28                __retarget_lock_acquire_recursive
 .text.__retarget_lock_release_recursive
                0x08003a2a        0x2 C:/Program Files (x86)/STM32CubeIDE_1.17.0/STM32CubeIDE/plugins/com.st.stm32cube.ide.mcu.externaltools.gnu-tools-for-stm32.12.3.rel1.win32_1.1.0.202410251130/tools/bin/../lib/gcc/arm-none-eabi/12.3.1/../../../../arm-none-eabi/lib/thumb/v7-m/nofp\libc_nano.a(libc_a-lock.o)
                0x08003a2a                __retarget_lock_release_recursive
 .text.memcpy   0x08003a2c       0x1c C:/Program Files (x86)/STM32CubeIDE_1.17.0/STM32CubeIDE/plugins/com.st.stm32cube.ide.mcu.externaltools.gnu-tools-for-stm32.12.3.rel1.win32_1.1.0.202410251130/tools/bin/../lib/gcc/arm-none-eabi/12.3.1/../../../../arm-none-eabi/lib/thumb/v7-m/nofp\libc_nano.a(libc_a-memcpy-stub.o)
                0x08003a2c                memcpy
 .text._free_r  0x08003a48       0x90 C:/Program Files (x86)/STM32CubeIDE_1.17.0/STM32CubeIDE/plugins/com.st.stm32cube.ide.mcu.externaltools.gnu-tools-for-stm32.12.3.rel1.win32_1.1.0.202410251130/tools/bin/../lib/gcc/arm-none-eabi/12.3.1/../../../../arm-none-eabi/lib/thumb/v7-m/nofp\libc_nano.a(libc_a-freer.o)
                0x08003a48                _free_r
 .text.sbrk_aligned
                0x08003ad8       0x44 C:/Program Files (x86)/STM32CubeIDE_1.17.0/STM32CubeIDE/plugins/com.st.stm32cube.ide.mcu.externaltools.gnu-tools-for-stm32.12.3.rel1.win32_1.1.0.202410251130/tools/bin/../lib/gcc/arm-none-eabi/12.3.1/../../../../arm-none-eabi/lib/thumb/v7-m/nofp\libc_nano.a(libc_a-mallocr.o)
 .text._malloc_r
                0x08003b1c      0x100 C:/Program Files (x86)/STM32CubeIDE_1.17.0/STM32CubeIDE/plugins/com.st.stm32cube.ide.mcu.externaltools.gnu-tools-for-stm32.12.3.rel1.win32_1.1.0.202410251130/tools/bin/../lib/gcc/arm-none-eabi/12.3.1/../../../../arm-none-eabi/lib/thumb/v7-m/nofp\libc_nano.a(libc_a-mallocr.o)
                0x08003b1c                _malloc_r
 .text.__malloc_lock
                0x08003c1c        0xc C:/Program Files (x86)/STM32CubeIDE_1.17.0/STM32CubeIDE/plugins/com.st.stm32cube.ide.mcu.externaltools.gnu-tools-for-stm32.12.3.rel1.win32_1.1.0.202410251130/tools/bin/../lib/gcc/arm-none-eabi/12.3.1/../../../../arm-none-eabi/lib/thumb/v7-m/nofp\libc_nano.a(libc_a-mlock.o)
                0x08003c1c                __malloc_lock
 .text.__malloc_unlock
                0x08003c28        0xc C:/Program Files (x86)/STM32CubeIDE_1.17.0/STM32CubeIDE/plugins/com.st.stm32cube.ide.mcu.externaltools.gnu-tools-for-stm32.12.3.rel1.win32_1.1.0.202410251130/tools/bin/../lib/gcc/arm-none-eabi/12.3.1/../../../../arm-none-eabi/lib/thumb/v7-m/nofp\libc_nano.a(libc_a-mlock.o)
                0x08003c28                __malloc_unlock
 .text.__ssputs_r
                0x08003c34       0xb6 C:/Program Files (x86)/STM32CubeIDE_1.17.0/STM32CubeIDE/plugins/com.st.stm32cube.ide.mcu.externaltools.gnu-tools-for-stm32.12.3.rel1.win32_1.1.0.202410251130/tools/bin/../lib/gcc/arm-none-eabi/12.3.1/../../../../arm-none-eabi/lib/thumb/v7-m/nofp\libc_nano.a(libc_a-nano-svfprintf.o)
                0x08003c34                __ssputs_r
 *fill*         0x08003cea        0x2 
 .text._svfprintf_r
                0x08003cec      0x1f8 C:/Program Files (x86)/STM32CubeIDE_1.17.0/STM32CubeIDE/plugins/com.st.stm32cube.ide.mcu.externaltools.gnu-tools-for-stm32.12.3.rel1.win32_1.1.0.202410251130/tools/bin/../lib/gcc/arm-none-eabi/12.3.1/../../../../arm-none-eabi/lib/thumb/v7-m/nofp\libc_nano.a(libc_a-nano-svfprintf.o)
                0x08003cec                _svfiprintf_r
                0x08003cec                _svfprintf_r
 .text._printf_common
                0x08003ee4       0xe4 C:/Program Files (x86)/STM32CubeIDE_1.17.0/STM32CubeIDE/plugins/com.st.stm32cube.ide.mcu.externaltools.gnu-tools-for-stm32.12.3.rel1.win32_1.1.0.202410251130/tools/bin/../lib/gcc/arm-none-eabi/12.3.1/../../../../arm-none-eabi/lib/thumb/v7-m/nofp\libc_nano.a(libc_a-nano-vfprintf_i.o)
                0x08003ee4                _printf_common
 .text._printf_i
                0x08003fc8      0x240 C:/Program Files (x86)/STM32CubeIDE_1.17.0/STM32CubeIDE/plugins/com.st.stm32cube.ide.mcu.externaltools.gnu-tools-for-stm32.12.3.rel1.win32_1.1.0.202410251130/tools/bin/../lib/gcc/arm-none-eabi/12.3.1/../../../../arm-none-eabi/lib/thumb/v7-m/nofp\libc_nano.a(libc_a-nano-vfprintf_i.o)
                0x08003fc8                _printf_i
 .text.memmove  0x08004208       0x34 C:/Program Files (x86)/STM32CubeIDE_1.17.0/STM32CubeIDE/plugins/com.st.stm32cube.ide.mcu.externaltools.gnu-tools-for-stm32.12.3.rel1.win32_1.1.0.202410251130/tools/bin/../lib/gcc/arm-none-eabi/12.3.1/../../../../arm-none-eabi/lib/thumb/v7-m/nofp\libc_nano.a(libc_a-memmove.o)
                0x08004208                memmove
 .text._sbrk_r  0x0800423c       0x20 C:/Program Files (x86)/STM32CubeIDE_1.17.0/STM32CubeIDE/plugins/com.st.stm32cube.ide.mcu.externaltools.gnu-tools-for-stm32.12.3.rel1.win32_1.1.0.202410251130/tools/bin/../lib/gcc/arm-none-eabi/12.3.1/../../../../arm-none-eabi/lib/thumb/v7-m/nofp\libc_nano.a(libc_a-sbrkr.o)
                0x0800423c                _sbrk_r
 .text.memchr   0x0800425c       0x1c C:/Program Files (x86)/STM32CubeIDE_1.17.0/STM32CubeIDE/plugins/com.st.stm32cube.ide.mcu.externaltools.gnu-tools-for-stm32.12.3.rel1.win32_1.1.0.202410251130/tools/bin/../lib/gcc/arm-none-eabi/12.3.1/../../../../arm-none-eabi/lib/thumb/v7-m/nofp\libc_nano.a(libc_a-memchr-stub.o)
                0x0800425c                memchr
 .text._realloc_r
                0x08004278       0x5c C:/Program Files (x86)/STM32CubeIDE_1.17.0/STM32CubeIDE/plugins/com.st.stm32cube.ide.mcu.externaltools.gnu-tools-for-stm32.12.3.rel1.win32_1.1.0.202410251130/tools/bin/../lib/gcc/arm-none-eabi/12.3.1/../../../../arm-none-eabi/lib/thumb/v7-m/nofp\libc_nano.a(libc_a-reallocr.o)
                0x08004278                _realloc_r
 .text._malloc_usable_size_r
                0x080042d4       0x10 C:/Program Files (x86)/STM32CubeIDE_1.17.0/STM32CubeIDE/plugins/com.st.stm32cube.ide.mcu.externaltools.gnu-tools-for-stm32.12.3.rel1.win32_1.1.0.202410251130/tools/bin/../lib/gcc/arm-none-eabi/12.3.1/../../../../arm-none-eabi/lib/thumb/v7-m/nofp\libc_nano.a(libc_a-msizer.o)
                0x080042d4                _malloc_usable_size_r
 *(.glue_7)
 .glue_7        0x080042e4        0x0 linker stubs
 *(.glue_7t)
 .glue_7t       0x080042e4        0x0 linker stubs
 *(.eh_frame)
 .eh_frame      0x080042e4        0x0 C:/Program Files (x86)/STM32CubeIDE_1.17.0/STM32CubeIDE/plugins/com.st.stm32cube.ide.mcu.externaltools.gnu-tools-for-stm32.12.3.rel1.win32_1.1.0.202410251130/tools/bin/../lib/gcc/arm-none-eabi/12.3.1/thumb/v7-m/nofp/crtbegin.o
 *(.init)
 .init          0x080042e4        0x4 C:/Program Files (x86)/STM32CubeIDE_1.17.0/STM32CubeIDE/plugins/com.st.stm32cube.ide.mcu.externaltools.gnu-tools-for-stm32.12.3.rel1.win32_1.1.0.202410251130/tools/bin/../lib/gcc/arm-none-eabi/12.3.1/thumb/v7-m/nofp/crti.o
                0x080042e4                _init
 .init          0x080042e8        0x8 C:/Program Files (x86)/STM32CubeIDE_1.17.0/STM32CubeIDE/plugins/com.st.stm32cube.ide.mcu.externaltools.gnu-tools-for-stm32.12.3.rel1.win32_1.1.0.202410251130/tools/bin/../lib/gcc/arm-none-eabi/12.3.1/thumb/v7-m/nofp/crtn.o
 *(.fini)
 .fini          0x080042f0        0x4 C:/Program Files (x86)/STM32CubeIDE_1.17.0/STM32CubeIDE/plugins/com.st.stm32cube.ide.mcu.externaltools.gnu-tools-for-stm32.12.3.rel1.win32_1.1.0.202410251130/tools/bin/../lib/gcc/arm-none-eabi/12.3.1/thumb/v7-m/nofp/crti.o
                0x080042f0                _fini
 .fini          0x080042f4        0x8 C:/Program Files (x86)/STM32CubeIDE_1.17.0/STM32CubeIDE/plugins/com.st.stm32cube.ide.mcu.externaltools.gnu-tools-for-stm32.12.3.rel1.win32_1.1.0.202410251130/tools/bin/../lib/gcc/arm-none-eabi/12.3.1/thumb/v7-m/nofp/crtn.o
                0x080042fc                        . = ALIGN (0x4)
                0x080042fc                        _etext = .

.vfp11_veneer   0x080042fc        0x0
 .vfp11_veneer  0x080042fc        0x0 linker stubs

.v4_bx          0x080042fc        0x0
 .v4_bx         0x080042fc        0x0 linker stubs

.iplt           0x080042fc        0x0
 .iplt          0x080042fc        0x0 C:/Program Files (x86)/STM32CubeIDE_1.17.0/STM32CubeIDE/plugins/com.st.stm32cube.ide.mcu.externaltools.gnu-tools-for-stm32.12.3.rel1.win32_1.1.0.202410251130/tools/bin/../lib/gcc/arm-none-eabi/12.3.1/thumb/v7-m/nofp/crtbegin.o

.rodata         0x080042fc       0xd0
                0x080042fc                        . = ALIGN (0x4)
 *(.rodata)
 .rodata        0x080042fc       0x34 ./Core/Src/debug.o
 .rodata        0x08004330        0x8 ./Core/Src/sensor.o
 *(.rodata*)
 .rodata.cmd1   0x08004338        0xc ./Core/Src/sensor.o
 .rodata.resp1  0x08004344        0xa ./Core/Src/sensor.o
 *fill*         0x0800434e        0x2 
 .rodata.cmd2   0x08004350        0xc ./Core/Src/sensor.o
 .rodata.resp2  0x0800435c        0xe ./Core/Src/sensor.o
 *fill*         0x0800436a        0x2 
 .rodata.AHBPrescTable
                0x0800436c       0x10 ./Core/Src/system_stm32f1xx.o
                0x0800436c                AHBPrescTable
 .rodata.APBPrescTable
                0x0800437c        0x8 ./Core/Src/system_stm32f1xx.o
                0x0800437c                APBPrescTable
 .rodata.aPLLMULFactorTable.1
                0x08004384       0x10 ./Drivers/STM32F1xx_HAL_Driver/Src/stm32f1xx_hal_rcc.o
 .rodata.aPredivFactorTable.0
                0x08004394        0x2 ./Drivers/STM32F1xx_HAL_Driver/Src/stm32f1xx_hal_rcc.o
 .rodata._svfprintf_r.str1.1
                0x08004396       0x11 C:/Program Files (x86)/STM32CubeIDE_1.17.0/STM32CubeIDE/plugins/com.st.stm32cube.ide.mcu.externaltools.gnu-tools-for-stm32.12.3.rel1.win32_1.1.0.202410251130/tools/bin/../lib/gcc/arm-none-eabi/12.3.1/../../../../arm-none-eabi/lib/thumb/v7-m/nofp\libc_nano.a(libc_a-nano-svfprintf.o)
 .rodata._printf_i.str1.1
                0x080043a7       0x22 C:/Program Files (x86)/STM32CubeIDE_1.17.0/STM32CubeIDE/plugins/com.st.stm32cube.ide.mcu.externaltools.gnu-tools-for-stm32.12.3.rel1.win32_1.1.0.202410251130/tools/bin/../lib/gcc/arm-none-eabi/12.3.1/../../../../arm-none-eabi/lib/thumb/v7-m/nofp\libc_nano.a(libc_a-nano-vfprintf_i.o)
                0x080043cc                        . = ALIGN (0x4)
 *fill*         0x080043c9        0x3 

.ARM.extab      0x080043cc        0x0
                0x080043cc                        . = ALIGN (0x4)
 *(.ARM.extab* .gnu.linkonce.armextab.*)
                0x080043cc                        . = ALIGN (0x4)

.ARM            0x080043cc        0x0
                0x080043cc                        . = ALIGN (0x4)
                0x080043cc                        __exidx_start = .
 *(.ARM.exidx*)
                0x080043cc                        __exidx_end = .
                0x080043cc                        . = ALIGN (0x4)

.preinit_array  0x080043cc        0x0
                0x080043cc                        . = ALIGN (0x4)
                0x080043cc                        PROVIDE (__preinit_array_start = .)
 *(.preinit_array*)
                0x080043cc                        PROVIDE (__preinit_array_end = .)
                0x080043cc                        . = ALIGN (0x4)

.init_array     0x080043cc        0x4
                0x080043cc                        . = ALIGN (0x4)
                0x080043cc                        PROVIDE (__init_array_start = .)
 *(SORT_BY_NAME(.init_array.*))
 *(.init_array*)
 .init_array    0x080043cc        0x4 C:/Program Files (x86)/STM32CubeIDE_1.17.0/STM32CubeIDE/plugins/com.st.stm32cube.ide.mcu.externaltools.gnu-tools-for-stm32.12.3.rel1.win32_1.1.0.202410251130/tools/bin/../lib/gcc/arm-none-eabi/12.3.1/thumb/v7-m/nofp/crtbegin.o
                0x080043d0                        PROVIDE (__init_array_end = .)
                0x080043d0                        . = ALIGN (0x4)

.fini_array     0x080043d0        0x4
                0x080043d0                        . = ALIGN (0x4)
                [!provide]                        PROVIDE (__fini_array_start = .)
 *(SORT_BY_NAME(.fini_array.*))
 *(.fini_array*)
 .fini_array    0x080043d0        0x4 C:/Program Files (x86)/STM32CubeIDE_1.17.0/STM32CubeIDE/plugins/com.st.stm32cube.ide.mcu.externaltools.gnu-tools-for-stm32.12.3.rel1.win32_1.1.0.202410251130/tools/bin/../lib/gcc/arm-none-eabi/12.3.1/thumb/v7-m/nofp/crtbegin.o
                [!provide]                        PROVIDE (__fini_array_end = .)
                0x080043d4                        . = ALIGN (0x4)
                0x080043d4                        _sidata = LOADADDR (.data)

.rel.dyn        0x080043d4        0x0
 .rel.iplt      0x080043d4        0x0 C:/Program Files (x86)/STM32CubeIDE_1.17.0/STM32CubeIDE/plugins/com.st.stm32cube.ide.mcu.externaltools.gnu-tools-for-stm32.12.3.rel1.win32_1.1.0.202410251130/tools/bin/../lib/gcc/arm-none-eabi/12.3.1/thumb/v7-m/nofp/crtbegin.o

.data           0x20000000       0x5c load address 0x080043d4
                0x20000000                        . = ALIGN (0x4)
                0x20000000                        _sdata = .
 *(.data)
 *(.data*)
 .data.SystemCoreClock
                0x20000000        0x4 ./Core/Src/system_stm32f1xx.o
                0x20000000                SystemCoreClock
 .data.uwTickPrio
                0x20000004        0x4 ./Drivers/STM32F1xx_HAL_Driver/Src/stm32f1xx_hal.o
                0x20000004                uwTickPrio
 .data.uwTickFreq
                0x20000008        0x1 ./Drivers/STM32F1xx_HAL_Driver/Src/stm32f1xx_hal.o
                0x20000008                uwTickFreq
 *fill*         0x20000009        0x3 
 .data._impure_ptr
                0x2000000c        0x4 C:/Program Files (x86)/STM32CubeIDE_1.17.0/STM32CubeIDE/plugins/com.st.stm32cube.ide.mcu.externaltools.gnu-tools-for-stm32.12.3.rel1.win32_1.1.0.202410251130/tools/bin/../lib/gcc/arm-none-eabi/12.3.1/../../../../arm-none-eabi/lib/thumb/v7-m/nofp\libc_nano.a(libc_a-impure.o)
                0x2000000c                _impure_ptr
 .data._impure_data
                0x20000010       0x4c C:/Program Files (x86)/STM32CubeIDE_1.17.0/STM32CubeIDE/plugins/com.st.stm32cube.ide.mcu.externaltools.gnu-tools-for-stm32.12.3.rel1.win32_1.1.0.202410251130/tools/bin/../lib/gcc/arm-none-eabi/12.3.1/../../../../arm-none-eabi/lib/thumb/v7-m/nofp\libc_nano.a(libc_a-impure.o)
                0x20000010                _impure_data
 *(.RamFunc)
 *(.RamFunc*)
                0x2000005c                        . = ALIGN (0x4)
                0x2000005c                        _edata = .

.igot.plt       0x2000005c        0x0 load address 0x08004430
 .igot.plt      0x2000005c        0x0 C:/Program Files (x86)/STM32CubeIDE_1.17.0/STM32CubeIDE/plugins/com.st.stm32cube.ide.mcu.externaltools.gnu-tools-for-stm32.12.3.rel1.win32_1.1.0.202410251130/tools/bin/../lib/gcc/arm-none-eabi/12.3.1/thumb/v7-m/nofp/crtbegin.o
                0x2000005c                        . = ALIGN (0x4)

.bss            0x2000005c      0x88c load address 0x08004430
                0x2000005c                        _sbss = .
                0x2000005c                        __bss_start__ = _sbss
 *(.bss)
 .bss           0x2000005c       0x1c C:/Program Files (x86)/STM32CubeIDE_1.17.0/STM32CubeIDE/plugins/com.st.stm32cube.ide.mcu.externaltools.gnu-tools-for-stm32.12.3.rel1.win32_1.1.0.202410251130/tools/bin/../lib/gcc/arm-none-eabi/12.3.1/thumb/v7-m/nofp/crtbegin.o
 *(.bss*)
 .bss.hcan1     0x20000078       0x28 ./Core/Src/can_drv.o
                0x20000078                hcan1
 .bss.RxHeader  0x200000a0       0x1c ./Core/Src/can_drv.o
 .bss.rxBuf     0x200000bc        0x8 ./Core/Src/can_drv.o
 .bss.newMsg    0x200000c4        0x1 ./Core/Src/can_drv.o
 *fill*         0x200000c5        0x3 
 .bss.last_tick.0
                0x200000c8        0x4 ./Core/Src/debug.o
 .bss.hcan      0x200000cc       0x28 ./Core/Src/main.o
                0x200000cc                hcan
 .bss.rx_buf    0x200000f4       0x40 ./Core/Src/main.o
                0x200000f4                rx_buf
 .bss.rx_idx    0x20000134        0x4 ./Core/Src/sensor.o
 .bss.frame_buf
                0x20000138      0x100 ./Core/Src/sensor.o
 .bss.frame_len
                0x20000238        0x4 ./Core/Src/sensor.o
 .bss.in_frame  0x2000023c        0x1 ./Core/Src/sensor.o
 *fill*         0x2000023d        0x3 
 .bss.text_buf  0x20000240       0x80 ./Core/Src/sensor.o
 .bss.text_len  0x200002c0        0x4 ./Core/Src/sensor.o
 .bss.awaiting2
                0x200002c4        0x1 ./Core/Src/sensor.o
 *fill*         0x200002c5        0x3 
 .bss.__sbrk_heap_end
                0x200002c8        0x4 ./Core/Src/sysmem.o
 .bss.uart_rx_buf
                0x200002cc      0x400 ./Core/Src/uart.o
                0x200002cc                uart_rx_buf
 .bss.huart1    0x200006cc       0x48 ./Core/Src/uart.o
                0x200006cc                huart1
 .bss.hdma_usart1_rx
                0x20000714       0x44 ./Core/Src/uart.o
                0x20000714                hdma_usart1_rx
 .bss.hdma_usart1_tx
                0x20000758       0x44 ./Core/Src/uart.o
                0x20000758                hdma_usart1_tx
 .bss.uwTick    0x2000079c        0x4 ./Drivers/STM32F1xx_HAL_Driver/Src/stm32f1xx_hal.o
                0x2000079c                uwTick
 .bss.__sf      0x200007a0      0x138 C:/Program Files (x86)/STM32CubeIDE_1.17.0/STM32CubeIDE/plugins/com.st.stm32cube.ide.mcu.externaltools.gnu-tools-for-stm32.12.3.rel1.win32_1.1.0.202410251130/tools/bin/../lib/gcc/arm-none-eabi/12.3.1/../../../../arm-none-eabi/lib/thumb/v7-m/nofp\libc_nano.a(libc_a-findfp.o)
                0x200007a0                __sf
 .bss.errno     0x200008d8        0x4 C:/Program Files (x86)/STM32CubeIDE_1.17.0/STM32CubeIDE/plugins/com.st.stm32cube.ide.mcu.externaltools.gnu-tools-for-stm32.12.3.rel1.win32_1.1.0.202410251130/tools/bin/../lib/gcc/arm-none-eabi/12.3.1/../../../../arm-none-eabi/lib/thumb/v7-m/nofp\libc_nano.a(libc_a-reent.o)
                0x200008d8                errno
 .bss.__lock___malloc_recursive_mutex
                0x200008dc        0x1 C:/Program Files (x86)/STM32CubeIDE_1.17.0/STM32CubeIDE/plugins/com.st.stm32cube.ide.mcu.externaltools.gnu-tools-for-stm32.12.3.rel1.win32_1.1.0.202410251130/tools/bin/../lib/gcc/arm-none-eabi/12.3.1/../../../../arm-none-eabi/lib/thumb/v7-m/nofp\libc_nano.a(libc_a-lock.o)
                0x200008dc                __lock___malloc_recursive_mutex
 *fill*         0x200008dd        0x3 
 .bss.__malloc_sbrk_start
                0x200008e0        0x4 C:/Program Files (x86)/STM32CubeIDE_1.17.0/STM32CubeIDE/plugins/com.st.stm32cube.ide.mcu.externaltools.gnu-tools-for-stm32.12.3.rel1.win32_1.1.0.202410251130/tools/bin/../lib/gcc/arm-none-eabi/12.3.1/../../../../arm-none-eabi/lib/thumb/v7-m/nofp\libc_nano.a(libc_a-mallocr.o)
                0x200008e0                __malloc_sbrk_start
 .bss.__malloc_free_list
                0x200008e4        0x4 C:/Program Files (x86)/STM32CubeIDE_1.17.0/STM32CubeIDE/plugins/com.st.stm32cube.ide.mcu.externaltools.gnu-tools-for-stm32.12.3.rel1.win32_1.1.0.202410251130/tools/bin/../lib/gcc/arm-none-eabi/12.3.1/../../../../arm-none-eabi/lib/thumb/v7-m/nofp\libc_nano.a(libc_a-mallocr.o)
                0x200008e4                __malloc_free_list
 *(COMMON)
                0x200008e8                        . = ALIGN (0x4)
                0x200008e8                        _ebss = .
                0x200008e8                        __bss_end__ = _ebss

._user_heap_stack
                0x200008e8      0x600 load address 0x08004430
                0x200008e8                        . = ALIGN (0x8)
                [!provide]                        PROVIDE (end = .)
                0x200008e8                        PROVIDE (_end = .)
                0x20000ae8                        . = (. + _Min_Heap_Size)
 *fill*         0x200008e8      0x200 
                0x20000ee8                        . = (. + _Min_Stack_Size)
 *fill*         0x20000ae8      0x400 
                0x20000ee8                        . = ALIGN (0x8)

/DISCARD/
 libc.a(*)
 libm.a(*)
 libgcc.a(*)

.ARM.attributes
                0x00000000       0x29
 *(.ARM.attributes)
 .ARM.attributes
                0x00000000       0x1d C:/Program Files (x86)/STM32CubeIDE_1.17.0/STM32CubeIDE/plugins/com.st.stm32cube.ide.mcu.externaltools.gnu-tools-for-stm32.12.3.rel1.win32_1.1.0.202410251130/tools/bin/../lib/gcc/arm-none-eabi/12.3.1/thumb/v7-m/nofp/crti.o
 .ARM.attributes
                0x0000001d       0x2d C:/Program Files (x86)/STM32CubeIDE_1.17.0/STM32CubeIDE/plugins/com.st.stm32cube.ide.mcu.externaltools.gnu-tools-for-stm32.12.3.rel1.win32_1.1.0.202410251130/tools/bin/../lib/gcc/arm-none-eabi/12.3.1/thumb/v7-m/nofp/crtbegin.o
 .ARM.attributes
                0x0000004a       0x2d ./Core/Src/can_drv.o
 .ARM.attributes
                0x00000077       0x2d ./Core/Src/debug.o
 .ARM.attributes
                0x000000a4       0x2d ./Core/Src/main.o
 .ARM.attributes
                0x000000d1       0x2d ./Core/Src/sensor.o
 .ARM.attributes
                0x000000fe       0x2d ./Core/Src/stm32f1xx_hal_msp.o
 .ARM.attributes
                0x0000012b       0x2d ./Core/Src/stm32f1xx_it.o
 .ARM.attributes
                0x00000158       0x2d ./Core/Src/sysmem.o
 .ARM.attributes
                0x00000185       0x2d ./Core/Src/system_stm32f1xx.o
 .ARM.attributes
                0x000001b2       0x2d ./Core/Src/uart.o
 .ARM.attributes
                0x000001df       0x21 ./Core/Startup/startup_stm32f103c8tx.o
 .ARM.attributes
                0x00000200       0x2d ./Drivers/STM32F1xx_HAL_Driver/Src/stm32f1xx_hal.o
 .ARM.attributes
                0x0000022d       0x2d ./Drivers/STM32F1xx_HAL_Driver/Src/stm32f1xx_hal_can.o
 .ARM.attributes
                0x0000025a       0x2d ./Drivers/STM32F1xx_HAL_Driver/Src/stm32f1xx_hal_cortex.o
 .ARM.attributes
                0x00000287       0x2d ./Drivers/STM32F1xx_HAL_Driver/Src/stm32f1xx_hal_dma.o
 .ARM.attributes
                0x000002b4       0x2d ./Drivers/STM32F1xx_HAL_Driver/Src/stm32f1xx_hal_gpio.o
 .ARM.attributes
                0x000002e1       0x2d ./Drivers/STM32F1xx_HAL_Driver/Src/stm32f1xx_hal_rcc.o
 .ARM.attributes
                0x0000030e       0x2d ./Drivers/STM32F1xx_HAL_Driver/Src/stm32f1xx_hal_uart.o
 .ARM.attributes
                0x0000033b       0x2d C:/Program Files (x86)/STM32CubeIDE_1.17.0/STM32CubeIDE/plugins/com.st.stm32cube.ide.mcu.externaltools.gnu-tools-for-stm32.12.3.rel1.win32_1.1.0.202410251130/tools/bin/../lib/gcc/arm-none-eabi/12.3.1/../../../../arm-none-eabi/lib/thumb/v7-m/nofp\libc_nano.a(libc_a-findfp.o)
 .ARM.attributes
                0x00000368       0x2d C:/Program Files (x86)/STM32CubeIDE_1.17.0/STM32CubeIDE/plugins/com.st.stm32cube.ide.mcu.externaltools.gnu-tools-for-stm32.12.3.rel1.win32_1.1.0.202410251130/tools/bin/../lib/gcc/arm-none-eabi/12.3.1/../../../../arm-none-eabi/lib/thumb/v7-m/nofp\libc_nano.a(libc_a-vsnprintf.o)
 .ARM.attributes
                0x00000395       0x2d C:/Program Files (x86)/STM32CubeIDE_1.17.0/STM32CubeIDE/plugins/com.st.stm32cube.ide.mcu.externaltools.gnu-tools-for-stm32.12.3.rel1.win32_1.1.0.202410251130/tools/bin/../lib/gcc/arm-none-eabi/12.3.1/../../../../arm-none-eabi/lib/thumb/v7-m/nofp\libc_nano.a(libc_a-memcmp.o)
 .ARM.attributes
                0x000003c2       0x2d C:/Program Files (x86)/STM32CubeIDE_1.17.0/STM32CubeIDE/plugins/com.st.stm32cube.ide.mcu.externaltools.gnu-tools-for-stm32.12.3.rel1.win32_1.1.0.202410251130/tools/bin/../lib/gcc/arm-none-eabi/12.3.1/../../../../arm-none-eabi/lib/thumb/v7-m/nofp\libc_nano.a(libc_a-memset.o)
 .ARM.attributes
                0x000003ef       0x2d C:/Program Files (x86)/STM32CubeIDE_1.17.0/STM32CubeIDE/plugins/com.st.stm32cube.ide.mcu.externaltools.gnu-tools-for-stm32.12.3.rel1.win32_1.1.0.202410251130/tools/bin/../lib/gcc/arm-none-eabi/12.3.1/../../../../arm-none-eabi/lib/thumb/v7-m/nofp\libc_nano.a(libc_a-reent.o)
 .ARM.attributes
                0x0000041c       0x2d C:/Program Files (x86)/STM32CubeIDE_1.17.0/STM32CubeIDE/plugins/com.st.stm32cube.ide.mcu.externaltools.gnu-tools-for-stm32.12.3.rel1.win32_1.1.0.202410251130/tools/bin/../lib/gcc/arm-none-eabi/12.3.1/../../../../arm-none-eabi/lib/thumb/v7-m/nofp\libc_nano.a(libc_a-impure.o)
 .ARM.attributes
                0x00000449       0x2d C:/Program Files (x86)/STM32CubeIDE_1.17.0/STM32CubeIDE/plugins/com.st.stm32cube.ide.mcu.externaltools.gnu-tools-for-stm32.12.3.rel1.win32_1.1.0.202410251130/tools/bin/../lib/gcc/arm-none-eabi/12.3.1/../../../../arm-none-eabi/lib/thumb/v7-m/nofp\libc_nano.a(libc_a-errno.o)
 .ARM.attributes
                0x00000476       0x2d C:/Program Files (x86)/STM32CubeIDE_1.17.0/STM32CubeIDE/plugins/com.st.stm32cube.ide.mcu.externaltools.gnu-tools-for-stm32.12.3.rel1.win32_1.1.0.202410251130/tools/bin/../lib/gcc/arm-none-eabi/12.3.1/../../../../arm-none-eabi/lib/thumb/v7-m/nofp\libc_nano.a(libc_a-init.o)
 .ARM.attributes
                0x000004a3       0x2d C:/Program Files (x86)/STM32CubeIDE_1.17.0/STM32CubeIDE/plugins/com.st.stm32cube.ide.mcu.externaltools.gnu-tools-for-stm32.12.3.rel1.win32_1.1.0.202410251130/tools/bin/../lib/gcc/arm-none-eabi/12.3.1/../../../../arm-none-eabi/lib/thumb/v7-m/nofp\libc_nano.a(libc_a-lock.o)
 .ARM.attributes
                0x000004d0       0x2d C:/Program Files (x86)/STM32CubeIDE_1.17.0/STM32CubeIDE/plugins/com.st.stm32cube.ide.mcu.externaltools.gnu-tools-for-stm32.12.3.rel1.win32_1.1.0.202410251130/tools/bin/../lib/gcc/arm-none-eabi/12.3.1/../../../../arm-none-eabi/lib/thumb/v7-m/nofp\libc_nano.a(libc_a-memcpy-stub.o)
 .ARM.attributes
                0x000004fd       0x2d C:/Program Files (x86)/STM32CubeIDE_1.17.0/STM32CubeIDE/plugins/com.st.stm32cube.ide.mcu.externaltools.gnu-tools-for-stm32.12.3.rel1.win32_1.1.0.202410251130/tools/bin/../lib/gcc/arm-none-eabi/12.3.1/../../../../arm-none-eabi/lib/thumb/v7-m/nofp\libc_nano.a(libc_a-freer.o)
 .ARM.attributes
                0x0000052a       0x2d C:/Program Files (x86)/STM32CubeIDE_1.17.0/STM32CubeIDE/plugins/com.st.stm32cube.ide.mcu.externaltools.gnu-tools-for-stm32.12.3.rel1.win32_1.1.0.202410251130/tools/bin/../lib/gcc/arm-none-eabi/12.3.1/../../../../arm-none-eabi/lib/thumb/v7-m/nofp\libc_nano.a(libc_a-mallocr.o)
 .ARM.attributes
                0x00000557       0x2d C:/Program Files (x86)/STM32CubeIDE_1.17.0/STM32CubeIDE/plugins/com.st.stm32cube.ide.mcu.externaltools.gnu-tools-for-stm32.12.3.rel1.win32_1.1.0.202410251130/tools/bin/../lib/gcc/arm-none-eabi/12.3.1/../../../../arm-none-eabi/lib/thumb/v7-m/nofp\libc_nano.a(libc_a-mlock.o)
 .ARM.attributes
                0x00000584       0x2d C:/Program Files (x86)/STM32CubeIDE_1.17.0/STM32CubeIDE/plugins/com.st.stm32cube.ide.mcu.externaltools.gnu-tools-for-stm32.12.3.rel1.win32_1.1.0.202410251130/tools/bin/../lib/gcc/arm-none-eabi/12.3.1/../../../../arm-none-eabi/lib/thumb/v7-m/nofp\libc_nano.a(libc_a-nano-svfprintf.o)
 .ARM.attributes
                0x000005b1       0x2d C:/Program Files (x86)/STM32CubeIDE_1.17.0/STM32CubeIDE/plugins/com.st.stm32cube.ide.mcu.externaltools.gnu-tools-for-stm32.12.3.rel1.win32_1.1.0.202410251130/tools/bin/../lib/gcc/arm-none-eabi/12.3.1/../../../../arm-none-eabi/lib/thumb/v7-m/nofp\libc_nano.a(libc_a-nano-vfprintf_i.o)
 .ARM.attributes
                0x000005de       0x2d C:/Program Files (x86)/STM32CubeIDE_1.17.0/STM32CubeIDE/plugins/com.st.stm32cube.ide.mcu.externaltools.gnu-tools-for-stm32.12.3.rel1.win32_1.1.0.202410251130/tools/bin/../lib/gcc/arm-none-eabi/12.3.1/../../../../arm-none-eabi/lib/thumb/v7-m/nofp\libc_nano.a(libc_a-memmove.o)
 .ARM.attributes
                0x0000060b       0x2d C:/Program Files (x86)/STM32CubeIDE_1.17.0/STM32CubeIDE/plugins/com.st.stm32cube.ide.mcu.externaltools.gnu-tools-for-stm32.12.3.rel1.win32_1.1.0.202410251130/tools/bin/../lib/gcc/arm-none-eabi/12.3.1/../../../../arm-none-eabi/lib/thumb/v7-m/nofp\libc_nano.a(libc_a-sbrkr.o)
 .ARM.attributes
                0x00000638       0x2d C:/Program Files (x86)/STM32CubeIDE_1.17.0/STM32CubeIDE/plugins/com.st.stm32cube.ide.mcu.externaltools.gnu-tools-for-stm32.12.3.rel1.win32_1.1.0.202410251130/tools/bin/../lib/gcc/arm-none-eabi/12.3.1/../../../../arm-none-eabi/lib/thumb/v7-m/nofp\libc_nano.a(libc_a-memchr-stub.o)
 .ARM.attributes
                0x00000665       0x2d C:/Program Files (x86)/STM32CubeIDE_1.17.0/STM32CubeIDE/plugins/com.st.stm32cube.ide.mcu.externaltools.gnu-tools-for-stm32.12.3.rel1.win32_1.1.0.202410251130/tools/bin/../lib/gcc/arm-none-eabi/12.3.1/../../../../arm-none-eabi/lib/thumb/v7-m/nofp\libc_nano.a(libc_a-reallocr.o)
 .ARM.attributes
                0x00000692       0x2d C:/Program Files (x86)/STM32CubeIDE_1.17.0/STM32CubeIDE/plugins/com.st.stm32cube.ide.mcu.externaltools.gnu-tools-for-stm32.12.3.rel1.win32_1.1.0.202410251130/tools/bin/../lib/gcc/arm-none-eabi/12.3.1/../../../../arm-none-eabi/lib/thumb/v7-m/nofp\libc_nano.a(libc_a-msizer.o)
 .ARM.attributes
                0x000006bf       0x1d C:/Program Files (x86)/STM32CubeIDE_1.17.0/STM32CubeIDE/plugins/com.st.stm32cube.ide.mcu.externaltools.gnu-tools-for-stm32.12.3.rel1.win32_1.1.0.202410251130/tools/bin/../lib/gcc/arm-none-eabi/12.3.1/thumb/v7-m/nofp/crtn.o
OUTPUT(CAN2RS_Translator.elf elf32-littlearm)
LOAD linker stubs
LOAD C:/Program Files (x86)/STM32CubeIDE_1.17.0/STM32CubeIDE/plugins/com.st.stm32cube.ide.mcu.externaltools.gnu-tools-for-stm32.12.3.rel1.win32_1.1.0.202410251130/tools/bin/../lib/gcc/arm-none-eabi/12.3.1/../../../../arm-none-eabi/lib/thumb/v7-m/nofp\libc.a
LOAD C:/Program Files (x86)/STM32CubeIDE_1.17.0/STM32CubeIDE/plugins/com.st.stm32cube.ide.mcu.externaltools.gnu-tools-for-stm32.12.3.rel1.win32_1.1.0.202410251130/tools/bin/../lib/gcc/arm-none-eabi/12.3.1/../../../../arm-none-eabi/lib/thumb/v7-m/nofp\libm.a
LOAD C:/Program Files (x86)/STM32CubeIDE_1.17.0/STM32CubeIDE/plugins/com.st.stm32cube.ide.mcu.externaltools.gnu-tools-for-stm32.12.3.rel1.win32_1.1.0.202410251130/tools/bin/../lib/gcc/arm-none-eabi/12.3.1/thumb/v7-m/nofp\libgcc.a

.debug_info     0x00000000     0xab00
 .debug_info    0x00000000      0x928 ./Core/Src/can_drv.o
 .debug_info    0x00000928      0x892 ./Core/Src/debug.o
 .debug_info    0x000011ba      0xff7 ./Core/Src/main.o
 .debug_info    0x000021b1      0x5ed ./Core/Src/sensor.o
 .debug_info    0x0000279e      0xcc8 ./Core/Src/stm32f1xx_hal_msp.o
 .debug_info    0x00003466      0x708 ./Core/Src/stm32f1xx_it.o
 .debug_info    0x00003b6e      0x168 ./Core/Src/sysmem.o
 .debug_info    0x00003cd6      0x222 ./Core/Src/system_stm32f1xx.o
 .debug_info    0x00003ef8      0x7fb ./Core/Src/uart.o
 .debug_info    0x000046f3       0x30 ./Core/Startup/startup_stm32f103c8tx.o
 .debug_info    0x00004723      0x704 ./Drivers/STM32F1xx_HAL_Driver/Src/stm32f1xx_hal.o
 .debug_info    0x00004e27      0xf13 ./Drivers/STM32F1xx_HAL_Driver/Src/stm32f1xx_hal_can.o
 .debug_info    0x00005d3a      0xa87 ./Drivers/STM32F1xx_HAL_Driver/Src/stm32f1xx_hal_cortex.o
 .debug_info    0x000067c1      0x6d2 ./Drivers/STM32F1xx_HAL_Driver/Src/stm32f1xx_hal_dma.o
 .debug_info    0x00006e93      0x5ab ./Drivers/STM32F1xx_HAL_Driver/Src/stm32f1xx_hal_gpio.o
 .debug_info    0x0000743e      0x7d5 ./Drivers/STM32F1xx_HAL_Driver/Src/stm32f1xx_hal_rcc.o
 .debug_info    0x00007c13     0x2eed ./Drivers/STM32F1xx_HAL_Driver/Src/stm32f1xx_hal_uart.o

.debug_abbrev   0x00000000     0x223c
 .debug_abbrev  0x00000000      0x254 ./Core/Src/can_drv.o
 .debug_abbrev  0x00000254      0x22d ./Core/Src/debug.o
 .debug_abbrev  0x00000481      0x310 ./Core/Src/main.o
 .debug_abbrev  0x00000791      0x1e7 ./Core/Src/sensor.o
 .debug_abbrev  0x00000978      0x230 ./Core/Src/stm32f1xx_hal_msp.o
 .debug_abbrev  0x00000ba8      0x1e9 ./Core/Src/stm32f1xx_it.o
 .debug_abbrev  0x00000d91       0xbc ./Core/Src/sysmem.o
 .debug_abbrev  0x00000e4d      0x13f ./Core/Src/system_stm32f1xx.o
 .debug_abbrev  0x00000f8c      0x1f7 ./Core/Src/uart.o
 .debug_abbrev  0x00001183       0x24 ./Core/Startup/startup_stm32f103c8tx.o
 .debug_abbrev  0x000011a7      0x201 ./Drivers/STM32F1xx_HAL_Driver/Src/stm32f1xx_hal.o
 .debug_abbrev  0x000013a8      0x21c ./Drivers/STM32F1xx_HAL_Driver/Src/stm32f1xx_hal_can.o
 .debug_abbrev  0x000015c4      0x2f8 ./Drivers/STM32F1xx_HAL_Driver/Src/stm32f1xx_hal_cortex.o
 .debug_abbrev  0x000018bc      0x20b ./Drivers/STM32F1xx_HAL_Driver/Src/stm32f1xx_hal_dma.o
 .debug_abbrev  0x00001ac7      0x1ca ./Drivers/STM32F1xx_HAL_Driver/Src/stm32f1xx_hal_gpio.o
 .debug_abbrev  0x00001c91      0x2b3 ./Drivers/STM32F1xx_HAL_Driver/Src/stm32f1xx_hal_rcc.o
 .debug_abbrev  0x00001f44      0x2f8 ./Drivers/STM32F1xx_HAL_Driver/Src/stm32f1xx_hal_uart.o

.debug_aranges  0x00000000      0x8d0
 .debug_aranges
                0x00000000       0x40 ./Core/Src/can_drv.o
 .debug_aranges
                0x00000040       0x30 ./Core/Src/debug.o
 .debug_aranges
                0x00000070       0x58 ./Core/Src/main.o
 .debug_aranges
                0x000000c8       0x28 ./Core/Src/sensor.o
 .debug_aranges
                0x000000f0       0x40 ./Core/Src/stm32f1xx_hal_msp.o
 .debug_aranges
                0x00000130       0x78 ./Core/Src/stm32f1xx_it.o
 .debug_aranges
                0x000001a8       0x20 ./Core/Src/sysmem.o
 .debug_aranges
                0x000001c8       0x28 ./Core/Src/system_stm32f1xx.o
 .debug_aranges
                0x000001f0       0x30 ./Core/Src/uart.o
 .debug_aranges
                0x00000220       0x28 ./Core/Startup/startup_stm32f103c8tx.o
 .debug_aranges
                0x00000248       0xe0 ./Drivers/STM32F1xx_HAL_Driver/Src/stm32f1xx_hal.o
 .debug_aranges
                0x00000328      0x138 ./Drivers/STM32F1xx_HAL_Driver/Src/stm32f1xx_hal_can.o
 .debug_aranges
                0x00000460      0x100 ./Drivers/STM32F1xx_HAL_Driver/Src/stm32f1xx_hal_cortex.o
 .debug_aranges
                0x00000560       0x80 ./Drivers/STM32F1xx_HAL_Driver/Src/stm32f1xx_hal_dma.o
 .debug_aranges
                0x000005e0       0x58 ./Drivers/STM32F1xx_HAL_Driver/Src/stm32f1xx_hal_gpio.o
 .debug_aranges
                0x00000638       0x90 ./Drivers/STM32F1xx_HAL_Driver/Src/stm32f1xx_hal_rcc.o
 .debug_aranges
                0x000006c8      0x208 ./Drivers/STM32F1xx_HAL_Driver/Src/stm32f1xx_hal_uart.o

.debug_rnglists
                0x00000000      0x6a3
 .debug_rnglists
                0x00000000       0x2c ./Core/Src/can_drv.o
 .debug_rnglists
                0x0000002c       0x1f ./Core/Src/debug.o
 .debug_rnglists
                0x0000004b       0x40 ./Core/Src/main.o
 .debug_rnglists
                0x0000008b       0x1a ./Core/Src/sensor.o
 .debug_rnglists
                0x000000a5       0x2d ./Core/Src/stm32f1xx_hal_msp.o
 .debug_rnglists
                0x000000d2       0x55 ./Core/Src/stm32f1xx_it.o
 .debug_rnglists
                0x00000127       0x13 ./Core/Src/sysmem.o
 .debug_rnglists
                0x0000013a       0x1a ./Core/Src/system_stm32f1xx.o
 .debug_rnglists
                0x00000154       0x20 ./Core/Src/uart.o
 .debug_rnglists
                0x00000174       0x19 ./Core/Startup/startup_stm32f103c8tx.o
 .debug_rnglists
                0x0000018d       0xa3 ./Drivers/STM32F1xx_HAL_Driver/Src/stm32f1xx_hal.o
 .debug_rnglists
                0x00000230       0xed ./Drivers/STM32F1xx_HAL_Driver/Src/stm32f1xx_hal_can.o
 .debug_rnglists
                0x0000031d       0xbb ./Drivers/STM32F1xx_HAL_Driver/Src/stm32f1xx_hal_cortex.o
 .debug_rnglists
                0x000003d8       0x64 ./Drivers/STM32F1xx_HAL_Driver/Src/stm32f1xx_hal_dma.o
 .debug_rnglists
                0x0000043c       0x3f ./Drivers/STM32F1xx_HAL_Driver/Src/stm32f1xx_hal_gpio.o
 .debug_rnglists
                0x0000047b       0x6c ./Drivers/STM32F1xx_HAL_Driver/Src/stm32f1xx_hal_rcc.o
 .debug_rnglists
                0x000004e7      0x1bc ./Drivers/STM32F1xx_HAL_Driver/Src/stm32f1xx_hal_uart.o

.debug_macro    0x00000000    0x1808e
 .debug_macro   0x00000000      0x279 ./Core/Src/can_drv.o
 .debug_macro   0x00000279      0xaa8 ./Core/Src/can_drv.o
 .debug_macro   0x00000d21      0x221 ./Core/Src/can_drv.o
 .debug_macro   0x00000f42       0x2e ./Core/Src/can_drv.o
 .debug_macro   0x00000f70       0x22 ./Core/Src/can_drv.o
 .debug_macro   0x00000f92       0x22 ./Core/Src/can_drv.o
 .debug_macro   0x00000fb4       0x8e ./Core/Src/can_drv.o
 .debug_macro   0x00001042       0x51 ./Core/Src/can_drv.o
 .debug_macro   0x00001093      0x103 ./Core/Src/can_drv.o
 .debug_macro   0x00001196       0x6a ./Core/Src/can_drv.o
 .debug_macro   0x00001200      0x1df ./Core/Src/can_drv.o
 .debug_macro   0x000013df       0x1c ./Core/Src/can_drv.o
 .debug_macro   0x000013fb       0x22 ./Core/Src/can_drv.o
 .debug_macro   0x0000141d       0xbd ./Core/Src/can_drv.o
 .debug_macro   0x000014da      0xd23 ./Core/Src/can_drv.o
 .debug_macro   0x000021fd     0xe09e ./Core/Src/can_drv.o
 .debug_macro   0x0001029b       0x6d ./Core/Src/can_drv.o
 .debug_macro   0x00010308     0x34a2 ./Core/Src/can_drv.o
 .debug_macro   0x000137aa      0x189 ./Core/Src/can_drv.o
 .debug_macro   0x00013933       0x5c ./Core/Src/can_drv.o
 .debug_macro   0x0001398f      0x5bc ./Core/Src/can_drv.o
 .debug_macro   0x00013f4b      0x289 ./Core/Src/can_drv.o
 .debug_macro   0x000141d4      0x1cb ./Core/Src/can_drv.o
 .debug_macro   0x0001439f      0x114 ./Core/Src/can_drv.o
 .debug_macro   0x000144b3      0x1b2 ./Core/Src/can_drv.o
 .debug_macro   0x00014665       0x27 ./Core/Src/can_drv.o
 .debug_macro   0x0001468c      0x136 ./Core/Src/can_drv.o
 .debug_macro   0x000147c2      0x1bc ./Core/Src/can_drv.o
 .debug_macro   0x0001497e       0x34 ./Core/Src/can_drv.o
 .debug_macro   0x000149b2       0x3c ./Core/Src/can_drv.o
 .debug_macro   0x000149ee      0x408 ./Core/Src/can_drv.o
 .debug_macro   0x00014df6       0x57 ./Core/Src/can_drv.o
 .debug_macro   0x00014e4d       0x87 ./Core/Src/can_drv.o
 .debug_macro   0x00014ed4      0x240 ./Core/Src/can_drv.o
 .debug_macro   0x00015114      0x140 ./Core/Src/can_drv.o
 .debug_macro   0x00015254      0x28e ./Core/Src/can_drv.o
 .debug_macro   0x000154e2       0x83 ./Core/Src/can_drv.o
 .debug_macro   0x00015565       0x22 ./Core/Src/can_drv.o
 .debug_macro   0x00015587       0x61 ./Core/Src/can_drv.o
 .debug_macro   0x000155e8       0x24 ./Core/Src/can_drv.o
 .debug_macro   0x0001560c       0x43 ./Core/Src/can_drv.o
 .debug_macro   0x0001564f       0x34 ./Core/Src/can_drv.o
 .debug_macro   0x00015683       0x16 ./Core/Src/can_drv.o
 .debug_macro   0x00015699       0x43 ./Core/Src/can_drv.o
 .debug_macro   0x000156dc       0x34 ./Core/Src/can_drv.o
 .debug_macro   0x00015710       0x10 ./Core/Src/can_drv.o
 .debug_macro   0x00015720       0x58 ./Core/Src/can_drv.o
 .debug_macro   0x00015778       0x8e ./Core/Src/can_drv.o
 .debug_macro   0x00015806       0x1c ./Core/Src/can_drv.o
 .debug_macro   0x00015822      0x177 ./Core/Src/can_drv.o
 .debug_macro   0x00015999      0x369 ./Core/Src/can_drv.o
 .debug_macro   0x00015d02       0x10 ./Core/Src/can_drv.o
 .debug_macro   0x00015d12       0x35 ./Core/Src/can_drv.o
 .debug_macro   0x00015d47       0x20 ./Core/Src/can_drv.o
 .debug_macro   0x00015d67      0x287 ./Core/Src/debug.o
 .debug_macro   0x00015fee       0x58 ./Core/Src/debug.o
 .debug_macro   0x00016046       0x5b ./Core/Src/debug.o
 .debug_macro   0x000160a1       0x94 ./Core/Src/debug.o
 .debug_macro   0x00016135       0x16 ./Core/Src/debug.o
 .debug_macro   0x0001614b       0x57 ./Core/Src/debug.o
 .debug_macro   0x000161a2       0x9e ./Core/Src/debug.o
 .debug_macro   0x00016240      0x10b ./Core/Src/debug.o
 .debug_macro   0x0001634b       0x16 ./Core/Src/debug.o
 .debug_macro   0x00016361       0x16 ./Core/Src/debug.o
 .debug_macro   0x00016377      0x146 ./Core/Src/debug.o
 .debug_macro   0x000164bd       0x56 ./Core/Src/debug.o
 .debug_macro   0x00016513      0x2db ./Core/Src/main.o
 .debug_macro   0x000167ee       0x1c ./Core/Src/main.o
 .debug_macro   0x0001680a       0x1c ./Core/Src/main.o
 .debug_macro   0x00016826      0x2ab ./Core/Src/sensor.o
 .debug_macro   0x00016ad1      0x1a8 ./Core/Src/stm32f1xx_hal_msp.o
 .debug_macro   0x00016c79      0x1b2 ./Core/Src/stm32f1xx_it.o
 .debug_macro   0x00016e2b       0xff ./Core/Src/sysmem.o
 .debug_macro   0x00016f2a      0x23c ./Core/Src/sysmem.o
 .debug_macro   0x00017166      0x198 ./Core/Src/system_stm32f1xx.o
 .debug_macro   0x000172fe      0x1b7 ./Core/Src/uart.o
 .debug_macro   0x000174b5      0x1bc ./Drivers/STM32F1xx_HAL_Driver/Src/stm32f1xx_hal.o
 .debug_macro   0x00017671      0x1a7 ./Drivers/STM32F1xx_HAL_Driver/Src/stm32f1xx_hal_can.o
 .debug_macro   0x00017818      0x198 ./Drivers/STM32F1xx_HAL_Driver/Src/stm32f1xx_hal_cortex.o
 .debug_macro   0x000179b0      0x198 ./Drivers/STM32F1xx_HAL_Driver/Src/stm32f1xx_hal_dma.o
 .debug_macro   0x00017b48      0x203 ./Drivers/STM32F1xx_HAL_Driver/Src/stm32f1xx_hal_gpio.o
 .debug_macro   0x00017d4b      0x1aa ./Drivers/STM32F1xx_HAL_Driver/Src/stm32f1xx_hal_rcc.o
 .debug_macro   0x00017ef5      0x199 ./Drivers/STM32F1xx_HAL_Driver/Src/stm32f1xx_hal_uart.o

.debug_line     0x00000000     0xd742
 .debug_line    0x00000000      0xaa3 ./Core/Src/can_drv.o
 .debug_line    0x00000aa3      0xa70 ./Core/Src/debug.o
 .debug_line    0x00001513      0xba2 ./Core/Src/main.o
 .debug_line    0x000020b5      0xaf2 ./Core/Src/sensor.o
 .debug_line    0x00002ba7      0x95e ./Core/Src/stm32f1xx_hal_msp.o
 .debug_line    0x00003505      0x995 ./Core/Src/stm32f1xx_it.o
 .debug_line    0x00003e9a      0x716 ./Core/Src/sysmem.o
 .debug_line    0x000045b0      0x8ed ./Core/Src/system_stm32f1xx.o
 .debug_line    0x00004e9d      0x8cf ./Core/Src/uart.o
 .debug_line    0x0000576c       0x78 ./Core/Startup/startup_stm32f103c8tx.o
 .debug_line    0x000057e4      0xb1a ./Drivers/STM32F1xx_HAL_Driver/Src/stm32f1xx_hal.o
 .debug_line    0x000062fe     0x12fc ./Drivers/STM32F1xx_HAL_Driver/Src/stm32f1xx_hal_can.o
 .debug_line    0x000075fa      0xd06 ./Drivers/STM32F1xx_HAL_Driver/Src/stm32f1xx_hal_cortex.o
 .debug_line    0x00008300      0xf73 ./Drivers/STM32F1xx_HAL_Driver/Src/stm32f1xx_hal_dma.o
 .debug_line    0x00009273      0xbb3 ./Drivers/STM32F1xx_HAL_Driver/Src/stm32f1xx_hal_gpio.o
 .debug_line    0x00009e26      0xf23 ./Drivers/STM32F1xx_HAL_Driver/Src/stm32f1xx_hal_rcc.o
 .debug_line    0x0000ad49     0x29f9 ./Drivers/STM32F1xx_HAL_Driver/Src/stm32f1xx_hal_uart.o

.debug_str      0x00000000    0x84e0d
 .debug_str     0x00000000    0x81df6 ./Core/Src/can_drv.o
                              0x82194 (size before relaxing)
 .debug_str     0x00081df6      0xb44 ./Core/Src/debug.o
                              0x827f6 (size before relaxing)
 .debug_str     0x0008293a      0x575 ./Core/Src/main.o
                              0x8308e (size before relaxing)
 .debug_str     0x00082eaf      0x115 ./Core/Src/sensor.o
                              0x81ff9 (size before relaxing)
 .debug_str     0x00082fc4       0xd7 ./Core/Src/stm32f1xx_hal_msp.o
                              0x7f2da (size before relaxing)
 .debug_str     0x0008309b      0x15b ./Core/Src/stm32f1xx_it.o
                              0x7f08a (size before relaxing)
 .debug_str     0x000831f6      0x4dc ./Core/Src/sysmem.o
                               0x608c (size before relaxing)
 .debug_str     0x000836d2       0x7e ./Core/Src/system_stm32f1xx.o
                              0x7eb71 (size before relaxing)
 .debug_str     0x00083750       0x2b ./Core/Src/uart.o
                              0x7f086 (size before relaxing)
 .debug_str     0x0008377b       0x44 ./Core/Startup/startup_stm32f103c8tx.o
                                 0x97 (size before relaxing)
 .debug_str     0x000837bf      0x365 ./Drivers/STM32F1xx_HAL_Driver/Src/stm32f1xx_hal.o
                              0x7f2a4 (size before relaxing)
 .debug_str     0x00083b24      0x40e ./Drivers/STM32F1xx_HAL_Driver/Src/stm32f1xx_hal_can.o
                              0x7f379 (size before relaxing)
 .debug_str     0x00083f32      0x226 ./Drivers/STM32F1xx_HAL_Driver/Src/stm32f1xx_hal_cortex.o
                              0x7f1f0 (size before relaxing)
 .debug_str     0x00084158      0x20b ./Drivers/STM32F1xx_HAL_Driver/Src/stm32f1xx_hal_dma.o
                              0x7ef1a (size before relaxing)
 .debug_str     0x00084363      0x2e1 ./Drivers/STM32F1xx_HAL_Driver/Src/stm32f1xx_hal_gpio.o
                              0x7eef7 (size before relaxing)
 .debug_str     0x00084644      0x215 ./Drivers/STM32F1xx_HAL_Driver/Src/stm32f1xx_hal_rcc.o
                              0x7efa0 (size before relaxing)
 .debug_str     0x00084859      0x5b4 ./Drivers/STM32F1xx_HAL_Driver/Src/stm32f1xx_hal_uart.o
                              0x7f611 (size before relaxing)

.comment        0x00000000       0x43
 .comment       0x00000000       0x43 ./Core/Src/can_drv.o
                                 0x44 (size before relaxing)
 .comment       0x00000043       0x44 ./Core/Src/debug.o
 .comment       0x00000043       0x44 ./Core/Src/main.o
 .comment       0x00000043       0x44 ./Core/Src/sensor.o
 .comment       0x00000043       0x44 ./Core/Src/stm32f1xx_hal_msp.o
 .comment       0x00000043       0x44 ./Core/Src/stm32f1xx_it.o
 .comment       0x00000043       0x44 ./Core/Src/sysmem.o
 .comment       0x00000043       0x44 ./Core/Src/system_stm32f1xx.o
 .comment       0x00000043       0x44 ./Core/Src/uart.o
 .comment       0x00000043       0x44 ./Drivers/STM32F1xx_HAL_Driver/Src/stm32f1xx_hal.o
 .comment       0x00000043       0x44 ./Drivers/STM32F1xx_HAL_Driver/Src/stm32f1xx_hal_can.o
 .comment       0x00000043       0x44 ./Drivers/STM32F1xx_HAL_Driver/Src/stm32f1xx_hal_cortex.o
 .comment       0x00000043       0x44 ./Drivers/STM32F1xx_HAL_Driver/Src/stm32f1xx_hal_dma.o
 .comment       0x00000043       0x44 ./Drivers/STM32F1xx_HAL_Driver/Src/stm32f1xx_hal_gpio.o
 .comment       0x00000043       0x44 ./Drivers/STM32F1xx_HAL_Driver/Src/stm32f1xx_hal_rcc.o
 .comment       0x00000043       0x44 ./Drivers/STM32F1xx_HAL_Driver/Src/stm32f1xx_hal_uart.o

.debug_frame    0x00000000     0x2734
 .debug_frame   0x00000000       0xc0 ./Core/Src/can_drv.o
 .debug_frame   0x000000c0       0x88 ./Core/Src/debug.o
 .debug_frame   0x00000148      0x108 ./Core/Src/main.o
 .debug_frame   0x00000250       0x54 ./Core/Src/sensor.o
 .debug_frame   0x000002a4       0xc8 ./Core/Src/stm32f1xx_hal_msp.o
 .debug_frame   0x0000036c      0x160 ./Core/Src/stm32f1xx_it.o
 .debug_frame   0x000004cc       0x34 ./Core/Src/sysmem.o
 .debug_frame   0x00000500       0x58 ./Core/Src/system_stm32f1xx.o
 .debug_frame   0x00000558       0x7c ./Core/Src/uart.o
 .debug_frame   0x000005d4      0x334 ./Drivers/STM32F1xx_HAL_Driver/Src/stm32f1xx_hal.o
 .debug_frame   0x00000908      0x5a0 ./Drivers/STM32F1xx_HAL_Driver/Src/stm32f1xx_hal_can.o
 .debug_frame   0x00000ea8      0x428 ./Drivers/STM32F1xx_HAL_Driver/Src/stm32f1xx_hal_cortex.o
 .debug_frame   0x000012d0      0x208 ./Drivers/STM32F1xx_HAL_Driver/Src/stm32f1xx_hal_dma.o
 .debug_frame   0x000014d8      0x14c ./Drivers/STM32F1xx_HAL_Driver/Src/stm32f1xx_hal_gpio.o
 .debug_frame   0x00001624      0x218 ./Drivers/STM32F1xx_HAL_Driver/Src/stm32f1xx_hal_rcc.o
 .debug_frame   0x0000183c      0x944 ./Drivers/STM32F1xx_HAL_Driver/Src/stm32f1xx_hal_uart.o
 .debug_frame   0x00002180      0x144 C:/Program Files (x86)/STM32CubeIDE_1.17.0/STM32CubeIDE/plugins/com.st.stm32cube.ide.mcu.externaltools.gnu-tools-for-stm32.12.3.rel1.win32_1.1.0.202410251130/tools/bin/../lib/gcc/arm-none-eabi/12.3.1/../../../../arm-none-eabi/lib/thumb/v7-m/nofp\libc_nano.a(libc_a-findfp.o)
 .debug_frame   0x000022c4       0x4c C:/Program Files (x86)/STM32CubeIDE_1.17.0/STM32CubeIDE/plugins/com.st.stm32cube.ide.mcu.externaltools.gnu-tools-for-stm32.12.3.rel1.win32_1.1.0.202410251130/tools/bin/../lib/gcc/arm-none-eabi/12.3.1/../../../../arm-none-eabi/lib/thumb/v7-m/nofp\libc_nano.a(libc_a-vsnprintf.o)
 .debug_frame   0x00002310       0x28 C:/Program Files (x86)/STM32CubeIDE_1.17.0/STM32CubeIDE/plugins/com.st.stm32cube.ide.mcu.externaltools.gnu-tools-for-stm32.12.3.rel1.win32_1.1.0.202410251130/tools/bin/../lib/gcc/arm-none-eabi/12.3.1/../../../../arm-none-eabi/lib/thumb/v7-m/nofp\libc_nano.a(libc_a-memcmp.o)
 .debug_frame   0x00002338       0x20 C:/Program Files (x86)/STM32CubeIDE_1.17.0/STM32CubeIDE/plugins/com.st.stm32cube.ide.mcu.externaltools.gnu-tools-for-stm32.12.3.rel1.win32_1.1.0.202410251130/tools/bin/../lib/gcc/arm-none-eabi/12.3.1/../../../../arm-none-eabi/lib/thumb/v7-m/nofp\libc_nano.a(libc_a-memset.o)
 .debug_frame   0x00002358       0x38 C:/Program Files (x86)/STM32CubeIDE_1.17.0/STM32CubeIDE/plugins/com.st.stm32cube.ide.mcu.externaltools.gnu-tools-for-stm32.12.3.rel1.win32_1.1.0.202410251130/tools/bin/../lib/gcc/arm-none-eabi/12.3.1/../../../../arm-none-eabi/lib/thumb/v7-m/nofp\libc_nano.a(libc_a-reent.o)
 .debug_frame   0x00002390       0x20 C:/Program Files (x86)/STM32CubeIDE_1.17.0/STM32CubeIDE/plugins/com.st.stm32cube.ide.mcu.externaltools.gnu-tools-for-stm32.12.3.rel1.win32_1.1.0.202410251130/tools/bin/../lib/gcc/arm-none-eabi/12.3.1/../../../../arm-none-eabi/lib/thumb/v7-m/nofp\libc_nano.a(libc_a-errno.o)
 .debug_frame   0x000023b0       0x2c C:/Program Files (x86)/STM32CubeIDE_1.17.0/STM32CubeIDE/plugins/com.st.stm32cube.ide.mcu.externaltools.gnu-tools-for-stm32.12.3.rel1.win32_1.1.0.202410251130/tools/bin/../lib/gcc/arm-none-eabi/12.3.1/../../../../arm-none-eabi/lib/thumb/v7-m/nofp\libc_nano.a(libc_a-init.o)
 .debug_frame   0x000023dc       0xb0 C:/Program Files (x86)/STM32CubeIDE_1.17.0/STM32CubeIDE/plugins/com.st.stm32cube.ide.mcu.externaltools.gnu-tools-for-stm32.12.3.rel1.win32_1.1.0.202410251130/tools/bin/../lib/gcc/arm-none-eabi/12.3.1/../../../../arm-none-eabi/lib/thumb/v7-m/nofp\libc_nano.a(libc_a-lock.o)
 .debug_frame   0x0000248c       0x28 C:/Program Files (x86)/STM32CubeIDE_1.17.0/STM32CubeIDE/plugins/com.st.stm32cube.ide.mcu.externaltools.gnu-tools-for-stm32.12.3.rel1.win32_1.1.0.202410251130/tools/bin/../lib/gcc/arm-none-eabi/12.3.1/../../../../arm-none-eabi/lib/thumb/v7-m/nofp\libc_nano.a(libc_a-memcpy-stub.o)
 .debug_frame   0x000024b4       0x38 C:/Program Files (x86)/STM32CubeIDE_1.17.0/STM32CubeIDE/plugins/com.st.stm32cube.ide.mcu.externaltools.gnu-tools-for-stm32.12.3.rel1.win32_1.1.0.202410251130/tools/bin/../lib/gcc/arm-none-eabi/12.3.1/../../../../arm-none-eabi/lib/thumb/v7-m/nofp\libc_nano.a(libc_a-freer.o)
 .debug_frame   0x000024ec       0x50 C:/Program Files (x86)/STM32CubeIDE_1.17.0/STM32CubeIDE/plugins/com.st.stm32cube.ide.mcu.externaltools.gnu-tools-for-stm32.12.3.rel1.win32_1.1.0.202410251130/tools/bin/../lib/gcc/arm-none-eabi/12.3.1/../../../../arm-none-eabi/lib/thumb/v7-m/nofp\libc_nano.a(libc_a-mallocr.o)
 .debug_frame   0x0000253c       0x30 C:/Program Files (x86)/STM32CubeIDE_1.17.0/STM32CubeIDE/plugins/com.st.stm32cube.ide.mcu.externaltools.gnu-tools-for-stm32.12.3.rel1.win32_1.1.0.202410251130/tools/bin/../lib/gcc/arm-none-eabi/12.3.1/../../../../arm-none-eabi/lib/thumb/v7-m/nofp\libc_nano.a(libc_a-mlock.o)
 .debug_frame   0x0000256c       0x90 C:/Program Files (x86)/STM32CubeIDE_1.17.0/STM32CubeIDE/plugins/com.st.stm32cube.ide.mcu.externaltools.gnu-tools-for-stm32.12.3.rel1.win32_1.1.0.202410251130/tools/bin/../lib/gcc/arm-none-eabi/12.3.1/../../../../arm-none-eabi/lib/thumb/v7-m/nofp\libc_nano.a(libc_a-nano-svfprintf.o)
 .debug_frame   0x000025fc       0x60 C:/Program Files (x86)/STM32CubeIDE_1.17.0/STM32CubeIDE/plugins/com.st.stm32cube.ide.mcu.externaltools.gnu-tools-for-stm32.12.3.rel1.win32_1.1.0.202410251130/tools/bin/../lib/gcc/arm-none-eabi/12.3.1/../../../../arm-none-eabi/lib/thumb/v7-m/nofp\libc_nano.a(libc_a-nano-vfprintf_i.o)
 .debug_frame   0x0000265c       0x28 C:/Program Files (x86)/STM32CubeIDE_1.17.0/STM32CubeIDE/plugins/com.st.stm32cube.ide.mcu.externaltools.gnu-tools-for-stm32.12.3.rel1.win32_1.1.0.202410251130/tools/bin/../lib/gcc/arm-none-eabi/12.3.1/../../../../arm-none-eabi/lib/thumb/v7-m/nofp\libc_nano.a(libc_a-memmove.o)
 .debug_frame   0x00002684       0x2c C:/Program Files (x86)/STM32CubeIDE_1.17.0/STM32CubeIDE/plugins/com.st.stm32cube.ide.mcu.externaltools.gnu-tools-for-stm32.12.3.rel1.win32_1.1.0.202410251130/tools/bin/../lib/gcc/arm-none-eabi/12.3.1/../../../../arm-none-eabi/lib/thumb/v7-m/nofp\libc_nano.a(libc_a-sbrkr.o)
 .debug_frame   0x000026b0       0x28 C:/Program Files (x86)/STM32CubeIDE_1.17.0/STM32CubeIDE/plugins/com.st.stm32cube.ide.mcu.externaltools.gnu-tools-for-stm32.12.3.rel1.win32_1.1.0.202410251130/tools/bin/../lib/gcc/arm-none-eabi/12.3.1/../../../../arm-none-eabi/lib/thumb/v7-m/nofp\libc_nano.a(libc_a-memchr-stub.o)
 .debug_frame   0x000026d8       0x3c C:/Program Files (x86)/STM32CubeIDE_1.17.0/STM32CubeIDE/plugins/com.st.stm32cube.ide.mcu.externaltools.gnu-tools-for-stm32.12.3.rel1.win32_1.1.0.202410251130/tools/bin/../lib/gcc/arm-none-eabi/12.3.1/../../../../arm-none-eabi/lib/thumb/v7-m/nofp\libc_nano.a(libc_a-reallocr.o)
 .debug_frame   0x00002714       0x20 C:/Program Files (x86)/STM32CubeIDE_1.17.0/STM32CubeIDE/plugins/com.st.stm32cube.ide.mcu.externaltools.gnu-tools-for-stm32.12.3.rel1.win32_1.1.0.202410251130/tools/bin/../lib/gcc/arm-none-eabi/12.3.1/../../../../arm-none-eabi/lib/thumb/v7-m/nofp\libc_nano.a(libc_a-msizer.o)

.debug_line_str
                0x00000000       0x7b
 .debug_line_str
                0x00000000       0x7b ./Core/Startup/startup_stm32f103c8tx.o
