Archive member included to satisfy reference by file (symbol)

C:/Program Files (x86)/STM32CubeIDE_1.17.0/STM32CubeIDE/plugins/com.st.stm32cube.ide.mcu.externaltools.gnu-tools-for-stm32.12.3.rel1.win32_1.1.0.202410251130/tools/bin/../lib/gcc/arm-none-eabi/12.3.1/../../../../arm-none-eabi/lib/thumb/v7-m/nofp\libc_nano.a(libc_a-exit.o)
                              C:/Program Files (x86)/STM32CubeIDE_1.17.0/STM32CubeIDE/plugins/com.st.stm32cube.ide.mcu.externaltools.gnu-tools-for-stm32.12.3.rel1.win32_1.1.0.202410251130/tools/bin/../lib/gcc/arm-none-eabi/12.3.1/../../../../arm-none-eabi/lib/thumb/v7-m/nofp/crt0.o (exit)
C:/Program Files (x86)/STM32CubeIDE_1.17.0/STM32CubeIDE/plugins/com.st.stm32cube.ide.mcu.externaltools.gnu-tools-for-stm32.12.3.rel1.win32_1.1.0.202410251130/tools/bin/../lib/gcc/arm-none-eabi/12.3.1/../../../../arm-none-eabi/lib/thumb/v7-m/nofp\libc_nano.a(libc_a-findfp.o)
                              C:/Program Files (x86)/STM32CubeIDE_1.17.0/STM32CubeIDE/plugins/com.st.stm32cube.ide.mcu.externaltools.gnu-tools-for-stm32.12.3.rel1.win32_1.1.0.202410251130/tools/bin/../lib/gcc/arm-none-eabi/12.3.1/../../../../arm-none-eabi/lib/thumb/v7-m/nofp\libc_nano.a(libc_a-exit.o) (__stdio_exit_handler)
C:/Program Files (x86)/STM32CubeIDE_1.17.0/STM32CubeIDE/plugins/com.st.stm32cube.ide.mcu.externaltools.gnu-tools-for-stm32.12.3.rel1.win32_1.1.0.202410251130/tools/bin/../lib/gcc/arm-none-eabi/12.3.1/../../../../arm-none-eabi/lib/thumb/v7-m/nofp\libc_nano.a(libc_a-fwalk.o)
                              C:/Program Files (x86)/STM32CubeIDE_1.17.0/STM32CubeIDE/plugins/com.st.stm32cube.ide.mcu.externaltools.gnu-tools-for-stm32.12.3.rel1.win32_1.1.0.202410251130/tools/bin/../lib/gcc/arm-none-eabi/12.3.1/../../../../arm-none-eabi/lib/thumb/v7-m/nofp\libc_nano.a(libc_a-findfp.o) (_fwalk_sglue)
C:/Program Files (x86)/STM32CubeIDE_1.17.0/STM32CubeIDE/plugins/com.st.stm32cube.ide.mcu.externaltools.gnu-tools-for-stm32.12.3.rel1.win32_1.1.0.202410251130/tools/bin/../lib/gcc/arm-none-eabi/12.3.1/../../../../arm-none-eabi/lib/thumb/v7-m/nofp\libc_nano.a(libc_a-stdio.o)
                              C:/Program Files (x86)/STM32CubeIDE_1.17.0/STM32CubeIDE/plugins/com.st.stm32cube.ide.mcu.externaltools.gnu-tools-for-stm32.12.3.rel1.win32_1.1.0.202410251130/tools/bin/../lib/gcc/arm-none-eabi/12.3.1/../../../../arm-none-eabi/lib/thumb/v7-m/nofp\libc_nano.a(libc_a-findfp.o) (__sread)
C:/Program Files (x86)/STM32CubeIDE_1.17.0/STM32CubeIDE/plugins/com.st.stm32cube.ide.mcu.externaltools.gnu-tools-for-stm32.12.3.rel1.win32_1.1.0.202410251130/tools/bin/../lib/gcc/arm-none-eabi/12.3.1/../../../../arm-none-eabi/lib/thumb/v7-m/nofp\libc_nano.a(libc_a-vsnprintf.o)
                              ./Core/Src/debug.o (vsnprintf)
C:/Program Files (x86)/STM32CubeIDE_1.17.0/STM32CubeIDE/plugins/com.st.stm32cube.ide.mcu.externaltools.gnu-tools-for-stm32.12.3.rel1.win32_1.1.0.202410251130/tools/bin/../lib/gcc/arm-none-eabi/12.3.1/../../../../arm-none-eabi/lib/thumb/v7-m/nofp\libc_nano.a(libc_a-memcmp.o)
                              ./Core/Src/sensor.o (memcmp)
C:/Program Files (x86)/STM32CubeIDE_1.17.0/STM32CubeIDE/plugins/com.st.stm32cube.ide.mcu.externaltools.gnu-tools-for-stm32.12.3.rel1.win32_1.1.0.202410251130/tools/bin/../lib/gcc/arm-none-eabi/12.3.1/../../../../arm-none-eabi/lib/thumb/v7-m/nofp\libc_nano.a(libc_a-memset.o)
                              C:/Program Files (x86)/STM32CubeIDE_1.17.0/STM32CubeIDE/plugins/com.st.stm32cube.ide.mcu.externaltools.gnu-tools-for-stm32.12.3.rel1.win32_1.1.0.202410251130/tools/bin/../lib/gcc/arm-none-eabi/12.3.1/../../../../arm-none-eabi/lib/thumb/v7-m/nofp/crt0.o (memset)
C:/Program Files (x86)/STM32CubeIDE_1.17.0/STM32CubeIDE/plugins/com.st.stm32cube.ide.mcu.externaltools.gnu-tools-for-stm32.12.3.rel1.win32_1.1.0.202410251130/tools/bin/../lib/gcc/arm-none-eabi/12.3.1/../../../../arm-none-eabi/lib/thumb/v7-m/nofp\libc_nano.a(libc_a-closer.o)
                              C:/Program Files (x86)/STM32CubeIDE_1.17.0/STM32CubeIDE/plugins/com.st.stm32cube.ide.mcu.externaltools.gnu-tools-for-stm32.12.3.rel1.win32_1.1.0.202410251130/tools/bin/../lib/gcc/arm-none-eabi/12.3.1/../../../../arm-none-eabi/lib/thumb/v7-m/nofp\libc_nano.a(libc_a-stdio.o) (_close_r)
C:/Program Files (x86)/STM32CubeIDE_1.17.0/STM32CubeIDE/plugins/com.st.stm32cube.ide.mcu.externaltools.gnu-tools-for-stm32.12.3.rel1.win32_1.1.0.202410251130/tools/bin/../lib/gcc/arm-none-eabi/12.3.1/../../../../arm-none-eabi/lib/thumb/v7-m/nofp\libc_nano.a(libc_a-reent.o)
                              C:/Program Files (x86)/STM32CubeIDE_1.17.0/STM32CubeIDE/plugins/com.st.stm32cube.ide.mcu.externaltools.gnu-tools-for-stm32.12.3.rel1.win32_1.1.0.202410251130/tools/bin/../lib/gcc/arm-none-eabi/12.3.1/../../../../arm-none-eabi/lib/thumb/v7-m/nofp\libc_nano.a(libc_a-closer.o) (errno)
[...]
Memory Configuration

Name             Origin             Length             Attributes
RAM              0x20000000         0x00005000         xrw
FLASH            0x08000000         0x00010000         xr
*default*        0x00000000         0xffffffff

Linker script and memory map

LOAD C:/Program Files (x86)/STM32CubeIDE_1.17.0/STM32CubeIDE/plugins/com.st.stm32cube.ide.mcu.externaltools.gnu-tools-for-stm32.12.3.rel1.win32_1.1.0.202410251130/tools/bin/../lib/gcc/arm-none-eabi/12.3.1/thumb/v7-m/nofp/crti.o
LOAD C:/Program Files (x86)/STM32CubeIDE_1.17.0/STM32CubeIDE/plugins/com.st.stm32cube.ide.mcu.externaltools.gnu-tools-for-stm32.12.3.rel1.win32_1.1.0.202410251130/tools/bin/../lib/gcc/arm-none-eabi/12.3.1/thumb/v7-m/nofp/crtbegin.o
LOAD C:/Program Files (x86)/STM32CubeIDE_1.17.0/STM32CubeIDE/plugins/com.st.stm32cube.ide.mcu.externaltools.gnu-tools-for-stm32.12.3.rel1.win32_1.1.0.202410251130/tools/bin/../lib/gcc/arm-none-eabi/12.3.1/../../../../arm-none-eabi/lib/thumb/v7-m/nofp/crt0.o
LOAD ./Core/Src/can_drv.o
LOAD ./Core/Src/debug.o
LOAD ./Core/Src/main.o
LOAD ./Core/Src/sensor.o
LOAD ./Core/Src/stm32f1xx_hal_msp.o
LOAD ./Core/Src/stm32f1xx_it.o
LOAD ./Core/Src/syscalls.o
LOAD ./Core/Src/sysmem.o
LOAD ./Core/Src/system_stm32f1xx.o
LOAD ./Core/Src/uart.o
LOAD ./Core/Startup/startup_stm32f103c8tx.o
LOAD ./Drivers/STM32F1xx_HAL_Driver/Src/stm32f1xx_hal.o
LOAD ./Drivers/STM32F1xx_HAL_Driver/Src/stm32f1xx_hal_can.o
LOAD ./Drivers/STM32F1xx_HAL_Driver/Src/stm32f1xx_hal_cortex.o
LOAD ./Drivers/STM32F1xx_HAL_Driver/Src/stm32f1xx_hal_dma.o
LOAD ./Drivers/STM32F1xx_HAL_Driver/Src/stm32f1xx_hal_exti.o
LOAD ./Drivers/STM32F1xx_HAL_Driver/Src/stm32f1xx_hal_flash.o
LOAD ./Drivers/STM32F1xx_HAL_Driver/Src/stm32f1xx_hal_flash_ex.o
LOAD ./Drivers/STM32F1xx_HAL_Driver/Src/stm32f1xx_hal_gpio.o
LOAD ./Drivers/STM32F1xx_HAL_Driver/Src/stm32f1xx_hal_gpio_ex.o
LOAD ./Drivers/STM32F1xx_HAL_Driver/Src/stm32f1xx_hal_pwr.o
LOAD ./Drivers/STM32F1xx_HAL_Driver/Src/stm32f1xx_hal_rcc.o
LOAD ./Drivers/STM32F1xx_HAL_Driver/Src/stm32f1xx_hal_rcc_ex.o
LOAD ./Drivers/STM32F1xx_HAL_Driver/Src/stm32f1xx_hal_uart.o
START GROUP
LOAD C:/Program Files (x86)/STM32CubeIDE_1.17.0/STM32CubeIDE/plugins/com.st.stm32cube.ide.mcu.externaltools.gnu-tools-for-stm32.12.3.rel1.win32_1.1.0.202410251130/tools/bin/../lib/gcc/arm-none-eabi/12.3.1/../../../../arm-none-eabi/lib/thumb/v7-m/nofp\libc_nano.a
LOAD C:/Program Files (x86)/STM32CubeIDE_1.17.0/STM32CubeIDE/plugins/com.st.stm32cube.ide.mcu.externaltools.gnu-tools-for-stm32.12.3.rel1.win32_1.1.0.202410251130/tools/bin/../lib/gcc/arm-none-eabi/12.3.1/../../../../arm-none-eabi/lib/thumb/v7-m/nofp\libm.a
END GROUP
START GROUP
LOAD C:/Program Files (x86)/STM32CubeIDE_1.17.0/STM32CubeIDE/plugins/com.st.stm32cube.ide.mcu.externaltools.gnu-tools-for-stm32.12.3.rel1.win32_1.1.0.202410251130/tools/bin/../lib/gcc/arm-none-eabi/12.3.1/thumb/v7-m/nofp\libgcc.a
LOAD C:/Program Files (x86)/STM32CubeIDE_1.17.0/STM32CubeIDE/plugins/com.st.stm32cube.ide.mcu.externaltools.gnu-tools-for-stm32.12.3.rel1.win32_1.1.0.202410251130/tools/bin/../lib/gcc/arm-none-eabi/12.3.1/../../../../arm-none-eabi/lib/thumb/v7-m/nofp\libc_nano.a
END GROUP
START GROUP
LOAD C:/Program Files (x86)/STM32CubeIDE_1.17.0/STM32CubeIDE/plugins/com.st.stm32cube.ide.mcu.externaltools.gnu-tools-for-stm32.12.3.rel1.win32_1.1.0.202410251130/tools/bin/../lib/gcc/arm-none-eabi/12.3.1/thumb/v7-m/nofp\libgcc.a
LOAD C:/Program Files (x86)/STM32CubeIDE_1.17.0/STM32CubeIDE/plugins/com.st.stm32cube.ide.mcu.externaltools.gnu-tools-for-stm32.12.3.rel1.win32_1.1.0.202410251130/tools/bin/../lib/gcc/arm-none-eabi/12.3.1/../../../../arm-none-eabi/lib/thumb/v7-m/nofp\libc_nano.a
LOAD C:/Program Files (x86)/STM32CubeIDE_1.17.0/STM32CubeIDE/plugins/com.st.stm32cube.ide.mcu.externaltools.gnu-tools-for-stm32.12.3.rel1.win32_1.1.0.202410251130/tools/bin/../lib/gcc/arm-none-eabi/12.3.1/../../../../arm-none-eabi/lib/thumb/v7-m/nofp\libnosys.a
END GROUP
START GROUP
LOAD C:/Program Files (x86)/STM32CubeIDE_1.17.0/STM32CubeIDE/plugins/com.st.stm32cube.ide.mcu.externaltools.gnu-tools-for-stm32.12.3.rel1.win32_1.1.0.202410251130/tools/bin/../lib/gcc/arm-none-eabi/12.3.1/thumb/v7-m/nofp\libgcc.a
LOAD C:/Program Files (x86)/STM32CubeIDE_1.17.0/STM32CubeIDE/plugins/com.st.stm32cube.ide.mcu.externaltools.gnu-tools-for-stm32.12.3.rel1.win32_1.1.0.202410251130/tools/bin/../lib/gcc/arm-none-eabi/12.3.1/../../../../arm-none-eabi/lib/thumb/v7-m/nofp\libc_nano.a
LOAD C:/Program Files (x86)/STM32CubeIDE_1.17.0/STM32CubeIDE/plugins/com.st.stm32cube.ide.mcu.externaltools.gnu-tools-for-stm32.12.3.rel1.win32_1.1.0.202410251130/tools/bin/../lib/gcc/arm-none-eabi/12.3.1/../../../../arm-none-eabi/lib/thumb/v7-m/nofp\libnosys.a
END GROUP
LOAD C:/Program Files (x86)/STM32CubeIDE_1.17.0/STM32CubeIDE/plugins/com.st.stm32cube.ide.mcu.externaltools.gnu-tools-for-stm32.12.3.rel1.win32_1.1.0.202410251130/tools/bin/../lib/gcc/arm-none-eabi/12.3.1/thumb/v7-m/nofp/crtend.o
LOAD C:/Program Files (x86)/STM32CubeIDE_1.17.0/STM32CubeIDE/plugins/com.st.stm32cube.ide.mcu.externaltools.gnu-tools-for-stm32.12.3.rel1.win32_1.1.0.202410251130/tools/bin/../lib/gcc/arm-none-eabi/12.3.1/thumb/v7-m/nofp/crtn.o
                0x20005000                        _estack = (ORIGIN (RAM) + LENGTH (RAM))
                0x00000200                        _Min_Heap_Size = 0x200
                0x00000400                        _Min_Stack_Size = 0x400

.isr_vector     0x08000000      0x10c
                0x08000000                        . = ALIGN (0x4)
 *(.isr_vector)
 .isr_vector    0x08000000      0x10c ./Core/Startup/startup_stm32f103c8tx.o
                0x08000000                g_pfnVectors
                0x0800010c                        . = ALIGN (0x4)

.text           0x0800010c     0x380c
                0x0800010c                        . = ALIGN (0x4)
 *(.text)
 .text          0x0800010c       0x40 C:/Program Files (x86)/STM32CubeIDE_1.17.0/STM32CubeIDE/plugins/com.st.stm32cube.ide.mcu.externaltools.gnu-tools-for-stm32.12.3.rel1.win32_1.1.0.202410251130/tools/bin/../lib/gcc/arm-none-eabi/12.3.1/thumb/v7-m/nofp/crtbegin.o
 *(.text*)
 .text.CAN_Init
                0x0800014c       0xd0 ./Core/Src/can_drv.o
                0x0800014c                CAN_Init
 .text.CAN_Send
                0x0800021c       0x54 ./Core/Src/can_drv.o
                0x0800021c                CAN_Send
 .text.CAN_MessagePending
                0x08000270       0x18 ./Core/Src/can_drv.o
                0x08000270                CAN_MessagePending
 .text.CAN_Receive
                0x08000288       0x48 ./Core/Src/can_drv.o
                0x08000288                CAN_Receive
 .text.__NVIC_SystemReset
                0x080002d0       0x2c ./Core/Src/debug.o
 .text.DEBUG_Log
                0x080002fc       0x4c ./Core/Src/debug.o
                0x080002fc                DEBUG_Log
 .text.DEBUG_SelfTest
                0x08000348       0x5c ./Core/Src/debug.o
                0x08000348                DEBUG_SelfTest
 .text.DEBUG_Init
                0x080003a4        0xc ./Core/Src/main.o
 .text.main     0x080003b0       0x58 ./Core/Src/main.o
                0x080003b0                main
 .text.SystemClock_Config
                0x08000408       0x8a ./Core/Src/main.o
                0x08000408                SystemClock_Config
 *fill*         0x08000492        0x2 
 .text.MX_CAN_Init
                0x08000494       0x68 ./Core/Src/main.o
 .text.MX_USART1_UART_Init
                0x080004fc       0x54 ./Core/Src/main.o
 .text.MX_DMA_Init
                0x08000550       0x4c ./Core/Src/main.o
 .text.MX_GPIO_Init
                0x0800059c       0xb0 ./Core/Src/main.o
 .text.Error_Handler
                0x0800064c        0xc ./Core/Src/main.o
                0x0800064c                Error_Handler
 .text.endswith
                0x08000658       0x4c ./Core/Src/sensor.o
 .text.SENSOR_Init
                0x080006a4       0x7c ./Core/Src/sensor.o
                0x080006a4                SENSOR_Init
 .text.SENSOR_Process
                0x08000720      0x22c ./Core/Src/sensor.o
                0x08000720                SENSOR_Process
 .text.HAL_MspInit
                0x0800094c       0x64 ./Core/Src/stm32f1xx_hal_msp.o
                0x0800094c                HAL_MspInit
 .text.HAL_CAN_MspInit
                0x080009b0       0xc0 ./Core/Src/stm32f1xx_hal_msp.o
                0x080009b0                HAL_CAN_MspInit
 .text.HAL_UART_MspInit
                0x08000a70      0x140 ./Core/Src/stm32f1xx_hal_msp.o
                0x08000a70                HAL_UART_MspInit
 .text.NMI_Handler
                0x08000bb0        0x8 ./Core/Src/stm32f1xx_it.o
                0x08000bb0                NMI_Handler
 .text.HardFault_Handler
                0x08000bb8        0x8 ./Core/Src/stm32f1xx_it.o
                0x08000bb8                HardFault_Handler
 .text.MemManage_Handler
                0x08000bc0        0x8 ./Core/Src/stm32f1xx_it.o
                0x08000bc0                MemManage_Handler
 .text.BusFault_Handler
                0x08000bc8        0x8 ./Core/Src/stm32f1xx_it.o
                0x08000bc8                BusFault_Handler
 .text.UsageFault_Handler
                0x08000bd0        0x8 ./Core/Src/stm32f1xx_it.o
                0x08000bd0                UsageFault_Handler
 .text.SVC_Handler
                0x08000bd8        0xc ./Core/Src/stm32f1xx_it.o
                0x08000bd8                SVC_Handler
 .text.DebugMon_Handler
                0x08000be4        0xc ./Core/Src/stm32f1xx_it.o
                0x08000be4                DebugMon_Handler
 .text.PendSV_Handler
                0x08000bf0        0xc ./Core/Src/stm32f1xx_it.o
                0x08000bf0                PendSV_Handler
 .text.SysTick_Handler
                0x08000bfc        0xc ./Core/Src/stm32f1xx_it.o
                0x08000bfc                SysTick_Handler
 .text.DMA1_Channel4_IRQHandler
                0x08000c08       0x14 ./Core/Src/stm32f1xx_it.o
                0x08000c08                DMA1_Channel4_IRQHandler
 .text.DMA1_Channel5_IRQHandler
                0x08000c1c       0x14 ./Core/Src/stm32f1xx_it.o
                0x08000c1c                DMA1_Channel5_IRQHandler
 .text._sbrk    0x08000c30       0x6c ./Core/Src/sysmem.o
                0x08000c30                _sbrk
 .text.SystemInit
                0x08000c9c        0xc ./Core/Src/system_stm32f1xx.o
                0x08000c9c                SystemInit
 .text.UART_Init
                0x08000ca8      0x12c ./Core/Src/uart.o
                0x08000ca8                UART_Init
 .text.UART_Send
                0x08000dd4       0x34 ./Core/Src/uart.o
                0x08000dd4                UART_Send
 .text.HAL_UART_TxCpltCallback
                0x08000e08       0x2c ./Core/Src/uart.o
                0x08000e08                HAL_UART_TxCpltCallback
 .text.Reset_Handler
                0x08000e34       0x48 ./Core/Startup/startup_stm32f103c8tx.o
                0x08000e34                Reset_Handler
 .text.Default_Handler
                0x08000e7c        0x2 ./Core/Startup/startup_stm32f103c8tx.o
                0x08000e7c                RTC_Alarm_IRQHandler
                0x08000e7c                EXTI2_IRQHandler
                0x08000e7c                TIM1_CC_IRQHandler
                0x08000e7c                PVD_IRQHandler
                0x08000e7c                EXTI3_IRQHandler
                0x08000e7c                EXTI0_IRQHandler
                0x08000e7c                I2C2_EV_IRQHandler
                0x08000e7c                ADC1_2_IRQHandler
                0x08000e7c                SPI1_IRQHandler
                0x08000e7c                TAMPER_IRQHandler
                0x08000e7c                USART3_IRQHandler
                0x08000e7c                RTC_IRQHandler
                0x08000e7c                DMA1_Channel7_IRQHandler
                0x08000e7c                CAN1_RX1_IRQHandler
                0x08000e7c                TIM4_IRQHandler
                0x08000e7c                I2C1_EV_IRQHandler
                0x08000e7c                DMA1_Channel6_IRQHandler
                0x08000e7c                TIM3_IRQHandler
                0x08000e7c                RCC_IRQHandler
                0x08000e7c                TIM1_TRG_COM_IRQHandler
                0x08000e7c                DMA1_Channel1_IRQHandler
                0x08000e7c                Default_Handler
                0x08000e7c                EXTI15_10_IRQHandler
                0x08000e7c                EXTI9_5_IRQHandler
                0x08000e7c                SPI2_IRQHandler
                0x08000e7c                EXTI4_IRQHandler
                0x08000e7c                USB_LP_CAN1_RX0_IRQHandler
                0x08000e7c                USB_HP_CAN1_TX_IRQHandler
                0x08000e7c                DMA1_Channel3_IRQHandler
                0x08000e7c                TIM1_UP_IRQHandler
                0x08000e7c                WWDG_IRQHandler
                0x08000e7c                TIM2_IRQHandler
                0x08000e7c                TIM1_BRK_IRQHandler
                0x08000e7c                EXTI1_IRQHandler
                0x08000e7c                USART2_IRQHandler
                0x08000e7c                I2C2_ER_IRQHandler
                0x08000e7c                DMA1_Channel2_IRQHandler
                0x08000e7c                CAN1_SCE_IRQHandler
                0x08000e7c                FLASH_IRQHandler
                0x08000e7c                USART1_IRQHandler
                0x08000e7c                I2C1_ER_IRQHandler
                0x08000e7c                USBWakeUp_IRQHandler
 *fill*         0x08000e7e        0x2 
 .text.HAL_Init
                0x08000e80       0x2c ./Drivers/STM32F1xx_HAL_Driver/Src/stm32f1xx_hal.o
                0x08000e80                HAL_Init
 .text.HAL_InitTick
                0x08000eac       0x60 ./Drivers/STM32F1xx_HAL_Driver/Src/stm32f1xx_hal.o
                0x08000eac                HAL_InitTick
 .text.HAL_IncTick
                0x08000f0c       0x24 ./Drivers/STM32F1xx_HAL_Driver/Src/stm32f1xx_hal.o
                0x08000f0c                HAL_IncTick
 .text.HAL_GetTick
                0x08000f30       0x14 ./Drivers/STM32F1xx_HAL_Driver/Src/stm32f1xx_hal.o
                0x08000f30                HAL_GetTick
 .text.HAL_Delay
                0x08000f44       0x48 ./Drivers/STM32F1xx_HAL_Driver/Src/stm32f1xx_hal.o
                0x08000f44                HAL_Delay
 .text.HAL_CAN_Init
                0x08000f8c      0x1f6 ./Drivers/STM32F1xx_HAL_Driver/Src/stm32f1xx_hal_can.o
                0x08000f8c                HAL_CAN_Init
 .text.HAL_CAN_ConfigFilter
                0x08001182      0x192 ./Drivers/STM32F1xx_HAL_Driver/Src/stm32f1xx_hal_can.o
                0x08001182                HAL_CAN_ConfigFilter
 .text.HAL_CAN_Start
                0x08001314       0x88 ./Drivers/STM32F1xx_HAL_Driver/Src/stm32f1xx_hal_can.o
                0x08001314                HAL_CAN_Start
 .text.HAL_CAN_AddTxMessage
                0x0800139c      0x19e ./Drivers/STM32F1xx_HAL_Driver/Src/stm32f1xx_hal_can.o
                0x0800139c                HAL_CAN_AddTxMessage
 .text.HAL_CAN_ActivateNotification
                0x0800153a       0x4a ./Drivers/STM32F1xx_HAL_Driver/Src/stm32f1xx_hal_can.o
                0x0800153a                HAL_CAN_ActivateNotification
 .text.__NVIC_SetPriorityGrouping
                0x08001584       0x48 ./Drivers/STM32F1xx_HAL_Driver/Src/stm32f1xx_hal_cortex.o
 .text.__NVIC_GetPriorityGrouping
                0x080015cc       0x1c ./Drivers/STM32F1xx_HAL_Driver/Src/stm32f1xx_hal_cortex.o
 .text.__NVIC_EnableIRQ
                0x080015e8       0x38 ./Drivers/STM32F1xx_HAL_Driver/Src/stm32f1xx_hal_cortex.o
 .text.__NVIC_SetPriority
                0x08001620       0x54 ./Drivers/STM32F1xx_HAL_Driver/Src/stm32f1xx_hal_cortex.o
 .text.NVIC_EncodePriority
                0x08001674       0x64 ./Drivers/STM32F1xx_HAL_Driver/Src/stm32f1xx_hal_cortex.o
 .text.SysTick_Config
                0x080016d8       0x44 ./Drivers/STM32F1xx_HAL_Driver/Src/stm32f1xx_hal_cortex.o
 .text.HAL_NVIC_SetPriorityGrouping
                0x0800171c       0x16 ./Drivers/STM32F1xx_HAL_Driver/Src/stm32f1xx_hal_cortex.o
                0x0800171c                HAL_NVIC_SetPriorityGrouping
 .text.HAL_NVIC_SetPriority
                0x08001732       0x38 ./Drivers/STM32F1xx_HAL_Driver/Src/stm32f1xx_hal_cortex.o
                0x08001732                HAL_NVIC_SetPriority
 .text.HAL_NVIC_EnableIRQ
                0x0800176a       0x1c ./Drivers/STM32F1xx_HAL_Driver/Src/stm32f1xx_hal_cortex.o
                0x0800176a                HAL_NVIC_EnableIRQ
 .text.HAL_SYSTICK_Config
                0x08001786       0x18 ./Drivers/STM32F1xx_HAL_Driver/Src/stm32f1xx_hal_cortex.o
                0x08001786                HAL_SYSTICK_Config
 *fill*         0x0800179e        0x2 
 .text.HAL_SYSTICK_CLKSourceConfig
                0x080017a0       0x38 ./Drivers/STM32F1xx_HAL_Driver/Src/stm32f1xx_hal_cortex.o
                0x080017a0                HAL_SYSTICK_CLKSourceConfig
 .text.HAL_DMA_Init
                0x080017d8       0xb4 ./Drivers/STM32F1xx_HAL_Driver/Src/stm32f1xx_hal_dma.o
                0x080017d8                HAL_DMA_Init
 .text.HAL_DMA_Start_IT
                0x0800188c       0xc0 ./Drivers/STM32F1xx_HAL_Driver/Src/stm32f1xx_hal_dma.o
                0x0800188c                HAL_DMA_Start_IT
 .text.HAL_DMA_IRQHandler
                0x0800194c      0x20c ./Drivers/STM32F1xx_HAL_Driver/Src/stm32f1xx_hal_dma.o
                0x0800194c                HAL_DMA_IRQHandler
 .text.DMA_SetConfig
                0x08001b58       0x5a ./Drivers/STM32F1xx_HAL_Driver/Src/stm32f1xx_hal_dma.o
 *fill*         0x08001bb2        0x2 
 .text.HAL_GPIO_Init
                0x08001bb4      0x308 ./Drivers/STM32F1xx_HAL_Driver/Src/stm32f1xx_hal_gpio.o
                0x08001bb4                HAL_GPIO_Init
 .text.HAL_GPIO_WritePin
                0x08001ebc       0x30 ./Drivers/STM32F1xx_HAL_Driver/Src/stm32f1xx_hal_gpio.o
                0x08001ebc                HAL_GPIO_WritePin
 .text.HAL_RCC_OscConfig
                0x08001eec      0x504 ./Drivers/STM32F1xx_HAL_Driver/Src/stm32f1xx_hal_rcc.o
                0x08001eec                HAL_RCC_OscConfig
 .text.HAL_RCC_ClockConfig
                0x080023f0      0x1d4 ./Drivers/STM32F1xx_HAL_Driver/Src/stm32f1xx_hal_rcc.o
                0x080023f0                HAL_RCC_ClockConfig
 .text.HAL_RCC_GetSysClockFreq
                0x080025c4       0xa8 ./Drivers/STM32F1xx_HAL_Driver/Src/stm32f1xx_hal_rcc.o
                0x080025c4                HAL_RCC_GetSysClockFreq
 .text.HAL_RCC_GetHCLKFreq
                0x0800266c       0x14 ./Drivers/STM32F1xx_HAL_Driver/Src/stm32f1xx_hal_rcc.o
                0x0800266c                HAL_RCC_GetHCLKFreq
 .text.HAL_RCC_GetPCLK1Freq
                0x08002680       0x28 ./Drivers/STM32F1xx_HAL_Driver/Src/stm32f1xx_hal_rcc.o
                0x08002680                HAL_RCC_GetPCLK1Freq
 .text.HAL_RCC_GetPCLK2Freq
                0x080026a8       0x28 ./Drivers/STM32F1xx_HAL_Driver/Src/stm32f1xx_hal_rcc.o
                0x080026a8                HAL_RCC_GetPCLK2Freq
 .text.RCC_Delay
                0x080026d0       0x3c ./Drivers/STM32F1xx_HAL_Driver/Src/stm32f1xx_hal_rcc.o
 .text.HAL_UART_Init
                0x0800270c       0xa0 ./Drivers/STM32F1xx_HAL_Driver/Src/stm32f1xx_hal_uart.o
                0x0800270c                HAL_UART_Init
 .text.HAL_UART_Transmit_DMA
                0x080027ac       0xe0 ./Drivers/STM32F1xx_HAL_Driver/Src/stm32f1xx_hal_uart.o
                0x080027ac                HAL_UART_Transmit_DMA
 .text.HAL_UART_Receive_DMA
                0x0800288c       0x4a ./Drivers/STM32F1xx_HAL_Driver/Src/stm32f1xx_hal_uart.o
                0x0800288c                HAL_UART_Receive_DMA
 .text.HAL_UART_TxHalfCpltCallback
                0x080028d6       0x12 ./Drivers/STM32F1xx_HAL_Driver/Src/stm32f1xx_hal_uart.o
                0x080028d6                HAL_UART_TxHalfCpltCallback
 .text.HAL_UART_RxCpltCallback
                0x080028e8       0x12 ./Drivers/STM32F1xx_HAL_Driver/Src/stm32f1xx_hal_uart.o
                0x080028e8                HAL_UART_RxCpltCallback
 .text.HAL_UART_RxHalfCpltCallback
                0x080028fa       0x12 ./Drivers/STM32F1xx_HAL_Driver/Src/stm32f1xx_hal_uart.o
                0x080028fa                HAL_UART_RxHalfCpltCallback
 .text.HAL_UART_ErrorCallback
                0x0800290c       0x12 ./Drivers/STM32F1xx_HAL_Driver/Src/stm32f1xx_hal_uart.o
                0x0800290c                HAL_UART_ErrorCallback
 .text.HAL_UARTEx_RxEventCallback
                0x0800291e       0x16 ./Drivers/STM32F1xx_HAL_Driver/Src/stm32f1xx_hal_uart.o
                0x0800291e                HAL_UARTEx_RxEventCallback
 .text.UART_DMATransmitCplt
                0x08002934       0x9a ./Drivers/STM32F1xx_HAL_Driver/Src/stm32f1xx_hal_uart.o
 .text.UART_DMATxHalfCplt
                0x080029ce       0x1c ./Drivers/STM32F1xx_HAL_Driver/Src/stm32f1xx_hal_uart.o
 .text.UART_DMAReceiveCplt
                0x080029ea      0x12c ./Drivers/STM32F1xx_HAL_Driver/Src/stm32f1xx_hal_uart.o
 .text.UART_DMARxHalfCplt
                0x08002b16       0x3c ./Drivers/STM32F1xx_HAL_Driver/Src/stm32f1xx_hal_uart.o
 .text.UART_DMAError
                0x08002b52       0x94 ./Drivers/STM32F1xx_HAL_Driver/Src/stm32f1xx_hal_uart.o
 *fill*         0x08002be6        0x2 
 .text.UART_Start_Receive_DMA
                0x08002be8      0x134 ./Drivers/STM32F1xx_HAL_Driver/Src/stm32f1xx_hal_uart.o
                0x08002be8                UART_Start_Receive_DMA
 .text.UART_EndTxTransfer
                0x08002d1c       0x4e ./Drivers/STM32F1xx_HAL_Driver/Src/stm32f1xx_hal_uart.o
 .text.UART_EndRxTransfer
                0x08002d6a       0xc4 ./Drivers/STM32F1xx_HAL_Driver/Src/stm32f1xx_hal_uart.o
 *fill*         0x08002e2e        0x2 
 .text.UART_SetConfig
                0x08002e30      0x11c ./Drivers/STM32F1xx_HAL_Driver/Src/stm32f1xx_hal_uart.o
 .text._vsnprintf_r
                0x08002f4c       0x56 C:/Program Files (x86)/STM32CubeIDE_1.17.0/STM32CubeIDE/plugins/com.st.stm32cube.ide.mcu.externaltools.gnu-tools-for-stm32.12.3.rel1.win32_1.1.0.202410251130/tools/bin/../lib/gcc/arm-none-eabi/12.3.1/../../../../arm-none-eabi/lib/thumb/v7-m/nofp\libc_nano.a(libc_a-vsnprintf.o)
                0x08002f4c                _vsniprintf_r
                0x08002f4c                _vsnprintf_r
 *fill*         0x08002fa2        0x2 
 .text.vsnprintf
                0x08002fa4       0x1c C:/Program Files (x86)/STM32CubeIDE_1.17.0/STM32CubeIDE/plugins/com.st.stm32cube.ide.mcu.externaltools.gnu-tools-for-stm32.12.3.rel1.win32_1.1.0.202410251130/tools/bin/../lib/gcc/arm-none-eabi/12.3.1/../../../../arm-none-eabi/lib/thumb/v7-m/nofp\libc_nano.a(libc_a-vsnprintf.o)
                0x08002fa4                vsniprintf
                0x08002fa4                vsnprintf
 .text.memcmp   0x08002fc0       0x20 C:/Program Files (x86)/STM32CubeIDE_1.17.0/STM32CubeIDE/plugins/com.st.stm32cube.ide.mcu.externaltools.gnu-tools-for-stm32.12.3.rel1.win32_1.1.0.202410251130/tools/bin/../lib/gcc/arm-none-eabi/12.3.1/../../../../arm-none-eabi/lib/thumb/v7-m/nofp\libc_nano.a(libc_a-memcmp.o)
                0x08002fc0                memcmp
 .text.memset   0x08002fe0       0x10 C:/Program Files (x86)/STM32CubeIDE_1.17.0/STM32CubeIDE/plugins/com.st.stm32cube.ide.mcu.externaltools.gnu-tools-for-stm32.12.3.rel1.win32_1.1.0.202410251130/tools/bin/../lib/gcc/arm-none-eabi/12.3.1/../../../../arm-none-eabi/lib/thumb/v7-m/nofp\libc_nano.a(libc_a-memset.o)
                0x08002fe0                memset
 .text.__errno  0x08002ff0        0xc C:/Program Files (x86)/STM32CubeIDE_1.17.0/STM32CubeIDE/plugins/com.st.stm32cube.ide.mcu.externaltools.gnu-tools-for-stm32.12.3.rel1.win32_1.1.0.202410251130/tools/bin/../lib/gcc/arm-none-eabi/12.3.1/../../../../arm-none-eabi/lib/thumb/v7-m/nofp\libc_nano.a(libc_a-errno.o)
                0x08002ff0                __errno
 .text.__libc_init_array
                0x08002ffc       0x48 C:/Program Files (x86)/STM32CubeIDE_1.17.0/STM32CubeIDE/plugins/com.st.stm32cube.ide.mcu.externaltools.gnu-tools-for-stm32.12.3.rel1.win32_1.1.0.202410251130/tools/bin/../lib/gcc/arm-none-eabi/12.3.1/../../../../arm-none-eabi/lib/thumb/v7-m/nofp\libc_nano.a(libc_a-init.o)
                0x08002ffc                __libc_init_array
 .text.__retarget_lock_acquire_recursive
                0x08003044        0x2 C:/Program Files (x86)/STM32CubeIDE_1.17.0/STM32CubeIDE/plugins/com.st.stm32cube.ide.mcu.externaltools.gnu-tools-for-stm32.12.3.rel1.win32_1.1.0.202410251130/tools/bin/../lib/gcc/arm-none-eabi/12.3.1/../../../../arm-none-eabi/lib/thumb/v7-m/nofp\libc_nano.a(libc_a-lock.o)
                0x08003044                __retarget_lock_acquire_recursive
 .text.__retarget_lock_release_recursive
                0x08003046        0x2 C:/Program Files (x86)/STM32CubeIDE_1.17.0/STM32CubeIDE/plugins/com.st.stm32cube.ide.mcu.externaltools.gnu-tools-for-stm32.12.3.rel1.win32_1.1.0.202410251130/tools/bin/../lib/gcc/arm-none-eabi/12.3.1/../../../../arm-none-eabi/lib/thumb/v7-m/nofp\libc_nano.a(libc_a-lock.o)
                0x08003046                __retarget_lock_release_recursive
 .text.memcpy   0x08003048       0x1c C:/Program Files (x86)/STM32CubeIDE_1.17.0/STM32CubeIDE/plugins/com.st.stm32cube.ide.mcu.externaltools.gnu-tools-for-stm32.12.3.rel1.win32_1.1.0.202410251130/tools/bin/../lib/gcc/arm-none-eabi/12.3.1/../../../../arm-none-eabi/lib/thumb/v7-m/nofp\libc_nano.a(libc_a-memcpy-stub.o)
                0x08003048                memcpy
 .text._free_r  0x08003064       0x90 C:/Program Files (x86)/STM32CubeIDE_1.17.0/STM32CubeIDE/plugins/com.st.stm32cube.ide.mcu.externaltools.gnu-tools-for-stm32.12.3.rel1.win32_1.1.0.202410251130/tools/bin/../lib/gcc/arm-none-eabi/12.3.1/../../../../arm-none-eabi/lib/thumb/v7-m/nofp\libc_nano.a(libc_a-freer.o)
                0x08003064                _free_r
 .text.sbrk_aligned
                0x080030f4       0x44 C:/Program Files (x86)/STM32CubeIDE_1.17.0/STM32CubeIDE/plugins/com.st.stm32cube.ide.mcu.externaltools.gnu-tools-for-stm32.12.3.rel1.win32_1.1.0.202410251130/tools/bin/../lib/gcc/arm-none-eabi/12.3.1/../../../../arm-none-eabi/lib/thumb/v7-m/nofp\libc_nano.a(libc_a-mallocr.o)
 .text._malloc_r
                0x08003138      0x100 C:/Program Files (x86)/STM32CubeIDE_1.17.0/STM32CubeIDE/plugins/com.st.stm32cube.ide.mcu.externaltools.gnu-tools-for-stm32.12.3.rel1.win32_1.1.0.202410251130/tools/bin/../lib/gcc/arm-none-eabi/12.3.1/../../../../arm-none-eabi/lib/thumb/v7-m/nofp\libc_nano.a(libc_a-mallocr.o)
                0x08003138                _malloc_r
 .text.__malloc_lock
                0x08003238        0xc C:/Program Files (x86)/STM32CubeIDE_1.17.0/STM32CubeIDE/plugins/com.st.stm32cube.ide.mcu.externaltools.gnu-tools-for-stm32.12.3.rel1.win32_1.1.0.202410251130/tools/bin/../lib/gcc/arm-none-eabi/12.3.1/../../../../arm-none-eabi/lib/thumb/v7-m/nofp\libc_nano.a(libc_a-mlock.o)
                0x08003238                __malloc_lock
 .text.__malloc_unlock
                0x08003244        0xc C:/Program Files (x86)/STM32CubeIDE_1.17.0/STM32CubeIDE/plugins/com.st.stm32cube.ide.mcu.externaltools.gnu-tools-for-stm32.12.3.rel1.win32_1.1.0.202410251130/tools/bin/../lib/gcc/arm-none-eabi/12.3.1/../../../../arm-none-eabi/lib/thumb/v7-m/nofp\libc_nano.a(libc_a-mlock.o)
                0x08003244                __malloc_unlock
 .text.__ssputs_r
                0x08003250       0xb6 C:/Program Files (x86)/STM32CubeIDE_1.17.0/STM32CubeIDE/plugins/com.st.stm32cube.ide.mcu.externaltools.gnu-tools-for-stm32.12.3.rel1.win32_1.1.0.202410251130/tools/bin/../lib/gcc/arm-none-eabi/12.3.1/../../../../arm-none-eabi/lib/thumb/v7-m/nofp\libc_nano.a(libc_a-nano-svfprintf.o)
                0x08003250                __ssputs_r
 *fill*         0x08003306        0x2 
 .text._svfprintf_r
                0x08003308      0x1f8 C:/Program Files (x86)/STM32CubeIDE_1.17.0/STM32CubeIDE/plugins/com.st.stm32cube.ide.mcu.externaltools.gnu-tools-for-stm32.12.3.rel1.win32_1.1.0.202410251130/tools/bin/../lib/gcc/arm-none-eabi/12.3.1/../../../../arm-none-eabi/lib/thumb/v7-m/nofp\libc_nano.a(libc_a-nano-svfprintf.o)
                0x08003308                _svfiprintf_r
                0x08003308                _svfprintf_r
 .text._printf_common
                0x08003500       0xe4 C:/Program Files (x86)/STM32CubeIDE_1.17.0/STM32CubeIDE/plugins/com.st.stm32cube.ide.mcu.externaltools.gnu-tools-for-stm32.12.3.rel1.win32_1.1.0.202410251130/tools/bin/../lib/gcc/arm-none-eabi/12.3.1/../../../../arm-none-eabi/lib/thumb/v7-m/nofp\libc_nano.a(libc_a-nano-vfprintf_i.o)
                0x08003500                _printf_common
 .text._printf_i
                0x080035e4      0x240 C:/Program Files (x86)/STM32CubeIDE_1.17.0/STM32CubeIDE/plugins/com.st.stm32cube.ide.mcu.externaltools.gnu-tools-for-stm32.12.3.rel1.win32_1.1.0.202410251130/tools/bin/../lib/gcc/arm-none-eabi/12.3.1/../../../../arm-none-eabi/lib/thumb/v7-m/nofp\libc_nano.a(libc_a-nano-vfprintf_i.o)
                0x080035e4                _printf_i
 .text.memmove  0x08003824       0x34 C:/Program Files (x86)/STM32CubeIDE_1.17.0/STM32CubeIDE/plugins/com.st.stm32cube.ide.mcu.externaltools.gnu-tools-for-stm32.12.3.rel1.win32_1.1.0.202410251130/tools/bin/../lib/gcc/arm-none-eabi/12.3.1/../../../../arm-none-eabi/lib/thumb/v7-m/nofp\libc_nano.a(libc_a-memmove.o)
                0x08003824                memmove
 .text._sbrk_r  0x08003858       0x20 C:/Program Files (x86)/STM32CubeIDE_1.17.0/STM32CubeIDE/plugins/com.st.stm32cube.ide.mcu.externaltools.gnu-tools-for-stm32.12.3.rel1.win32_1.1.0.202410251130/tools/bin/../lib/gcc/arm-none-eabi/12.3.1/../../../../arm-none-eabi/lib/thumb/v7-m/nofp\libc_nano.a(libc_a-sbrkr.o)
                0x08003858                _sbrk_r
 .text.memchr   0x08003878       0x1c C:/Program Files (x86)/STM32CubeIDE_1.17.0/STM32CubeIDE/plugins/com.st.stm32cube.ide.mcu.externaltools.gnu-tools-for-stm32.12.3.rel1.win32_1.1.0.202410251130/tools/bin/../lib/gcc/arm-none-eabi/12.3.1/../../../../arm-none-eabi/lib/thumb/v7-m/nofp\libc_nano.a(libc_a-memchr-stub.o)
                0x08003878                memchr
 .text._realloc_r
                0x08003894       0x5c C:/Program Files (x86)/STM32CubeIDE_1.17.0/STM32CubeIDE/plugins/com.st.stm32cube.ide.mcu.externaltools.gnu-tools-for-stm32.12.3.rel1.win32_1.1.0.202410251130/tools/bin/../lib/gcc/arm-none-eabi/12.3.1/../../../../arm-none-eabi/lib/thumb/v7-m/nofp\libc_nano.a(libc_a-reallocr.o)
                0x08003894                _realloc_r
 .text._malloc_usable_size_r
                0x080038f0       0x10 C:/Program Files (x86)/STM32CubeIDE_1.17.0/STM32CubeIDE/plugins/com.st.stm32cube.ide.mcu.externaltools.gnu-tools-for-stm32.12.3.rel1.win32_1.1.0.202410251130/tools/bin/../lib/gcc/arm-none-eabi/12.3.1/../../../../arm-none-eabi/lib/thumb/v7-m/nofp\libc_nano.a(libc_a-msizer.o)
                0x080038f0                _malloc_usable_size_r
 *(.glue_7)
 .glue_7        0x08003900        0x0 linker stubs
 *(.glue_7t)
 .glue_7t       0x08003900        0x0 linker stubs
 *(.eh_frame)
 .eh_frame      0x08003900        0x0 C:/Program Files (x86)/STM32CubeIDE_1.17.0/STM32CubeIDE/plugins/com.st.stm32cube.ide.mcu.externaltools.gnu-tools-for-stm32.12.3.rel1.win32_1.1.0.202410251130/tools/bin/../lib/gcc/arm-none-eabi/12.3.1/thumb/v7-m/nofp/crtbegin.o
 *(.init)
 .init          0x08003900        0x4 C:/Program Files (x86)/STM32CubeIDE_1.17.0/STM32CubeIDE/plugins/com.st.stm32cube.ide.mcu.externaltools.gnu-tools-for-stm32.12.3.rel1.win32_1.1.0.202410251130/tools/bin/../lib/gcc/arm-none-eabi/12.3.1/thumb/v7-m/nofp/crti.o
                0x08003900                _init
 .init          0x08003904        0x8 C:/Program Files (x86)/STM32CubeIDE_1.17.0/STM32CubeIDE/plugins/com.st.stm32cube.ide.mcu.externaltools.gnu-tools-for-stm32.12.3.rel1.win32_1.1.0.202410251130/tools/bin/../lib/gcc/arm-none-eabi/12.3.1/thumb/v7-m/nofp/crtn.o
 *(.fini)
 .fini          0x0800390c        0x4 C:/Program Files (x86)/STM32CubeIDE_1.17.0/STM32CubeIDE/plugins/com.st.stm32cube.ide.mcu.externaltools.gnu-tools-for-stm32.12.3.rel1.win32_1.1.0.202410251130/tools/bin/../lib/gcc/arm-none-eabi/12.3.1/thumb/v7-m/nofp/crti.o
                0x0800390c                _fini
 .fini          0x08003910        0x8 C:/Program Files (x86)/STM32CubeIDE_1.17.0/STM32CubeIDE/plugins/com.st.stm32cube.ide.mcu.externaltools.gnu-tools-for-stm32.12.3.rel1.win32_1.1.0.202410251130/tools/bin/../lib/gcc/arm-none-eabi/12.3.1/thumb/v7-m/nofp/crtn.o
                0x08003918                        . = ALIGN (0x4)
                0x08003918                        _etext = .

.vfp11_veneer   0x08003918        0x0
 .vfp11_veneer  0x08003918        0x0 linker stubs

.v4_bx          0x08003918        0x0
 .v4_bx         0x08003918        0x0 linker stubs

.iplt           0x08003918        0x0
 .iplt          0x08003918        0x0 C:/Program Files (x86)/STM32CubeIDE_1.17.0/STM32CubeIDE/plugins/com.st.stm32cube.ide.mcu.externaltools.gnu-tools-for-stm32.12.3.rel1.win32_1.1.0.202410251130/tools/bin/../lib/gcc/arm-none-eabi/12.3.1/thumb/v7-m/nofp/crtbegin.o

.rodata         0x08003918      0x128
                0x08003918                        . = ALIGN (0x4)
 *(.rodata)
 .rodata        0x08003918       0x34 ./Core/Src/debug.o
 .rodata        0x0800394c       0x94 ./Core/Src/sensor.o
 *(.rodata*)
 .rodata.AHBPrescTable
                0x080039e0       0x10 ./Core/Src/system_stm32f1xx.o
                0x080039e0                AHBPrescTable
 .rodata.APBPrescTable
                0x080039f0        0x8 ./Core/Src/system_stm32f1xx.o
                0x080039f0                APBPrescTable
 .rodata.aPLLMULFactorTable.1
                0x080039f8       0x10 ./Drivers/STM32F1xx_HAL_Driver/Src/stm32f1xx_hal_rcc.o
 .rodata.aPredivFactorTable.0
                0x08003a08        0x2 ./Drivers/STM32F1xx_HAL_Driver/Src/stm32f1xx_hal_rcc.o
 .rodata._svfprintf_r.str1.1
                0x08003a0a       0x11 C:/Program Files (x86)/STM32CubeIDE_1.17.0/STM32CubeIDE/plugins/com.st.stm32cube.ide.mcu.externaltools.gnu-tools-for-stm32.12.3.rel1.win32_1.1.0.202410251130/tools/bin/../lib/gcc/arm-none-eabi/12.3.1/../../../../arm-none-eabi/lib/thumb/v7-m/nofp\libc_nano.a(libc_a-nano-svfprintf.o)
 .rodata._printf_i.str1.1
                0x08003a1b       0x22 C:/Program Files (x86)/STM32CubeIDE_1.17.0/STM32CubeIDE/plugins/com.st.stm32cube.ide.mcu.externaltools.gnu-tools-for-stm32.12.3.rel1.win32_1.1.0.202410251130/tools/bin/../lib/gcc/arm-none-eabi/12.3.1/../../../../arm-none-eabi/lib/thumb/v7-m/nofp\libc_nano.a(libc_a-nano-vfprintf_i.o)
                0x08003a40                        . = ALIGN (0x4)
 *fill*         0x08003a3d        0x3 

.ARM.extab      0x08003a40        0x0
                0x08003a40                        . = ALIGN (0x4)
 *(.ARM.extab* .gnu.linkonce.armextab.*)
                0x08003a40                        . = ALIGN (0x4)

.ARM            0x08003a40        0x0
                0x08003a40                        . = ALIGN (0x4)
                0x08003a40                        __exidx_start = .
 *(.ARM.exidx*)
                0x08003a40                        __exidx_end = .
                0x08003a40                        . = ALIGN (0x4)

.preinit_array  0x08003a40        0x0
                0x08003a40                        . = ALIGN (0x4)
                0x08003a40                        PROVIDE (__preinit_array_start = .)
 *(.preinit_array*)
                0x08003a40                        PROVIDE (__preinit_array_end = .)
                0x08003a40                        . = ALIGN (0x4)

.init_array     0x08003a40        0x4
                0x08003a40                        . = ALIGN (0x4)
                0x08003a40                        PROVIDE (__init_array_start = .)
 *(SORT_BY_NAME(.init_array.*))
 *(.init_array*)
 .init_array    0x08003a40        0x4 C:/Program Files (x86)/STM32CubeIDE_1.17.0/STM32CubeIDE/plugins/com.st.stm32cube.ide.mcu.externaltools.gnu-tools-for-stm32.12.3.rel1.win32_1.1.0.202410251130/tools/bin/../lib/gcc/arm-none-eabi/12.3.1/thumb/v7-m/nofp/crtbegin.o
                0x08003a44                        PROVIDE (__init_array_end = .)
                0x08003a44                        . = ALIGN (0x4)

.fini_array     0x08003a44        0x4
                0x08003a44                        . = ALIGN (0x4)
                [!provide]                        PROVIDE (__fini_array_start = .)
 *(SORT_BY_NAME(.fini_array.*))
 *(.fini_array*)
 .fini_array    0x08003a44        0x4 C:/Program Files (x86)/STM32CubeIDE_1.17.0/STM32CubeIDE/plugins/com.st.stm32cube.ide.mcu.externaltools.gnu-tools-for-stm32.12.3.rel1.win32_1.1.0.202410251130/tools/bin/../lib/gcc/arm-none-eabi/12.3.1/thumb/v7-m/nofp/crtbegin.o
                [!provide]                        PROVIDE (__fini_array_end = .)
                0x08003a48                        . = ALIGN (0x4)
                0x08003a48                        _sidata = LOADADDR (.data)

.rel.dyn        0x08003a48        0x0
 .rel.iplt      0x08003a48        0x0 C:/Program Files (x86)/STM32CubeIDE_1.17.0/STM32CubeIDE/plugins/com.st.stm32cube.ide.mcu.externaltools.gnu-tools-for-stm32.12.3.rel1.win32_1.1.0.202410251130/tools/bin/../lib/gcc/arm-none-eabi/12.3.1/thumb/v7-m/nofp/crtbegin.o

.data           0x20000000       0x5c load address 0x08003a48
                0x20000000                        . = ALIGN (0x4)
                0x20000000                        _sdata = .
 *(.data)
 *(.data*)
 .data.SystemCoreClock
                0x20000000        0x4 ./Core/Src/system_stm32f1xx.o
                0x20000000                SystemCoreClock
 .data.uwTickPrio
                0x20000004        0x4 ./Drivers/STM32F1xx_HAL_Driver/Src/stm32f1xx_hal.o
                0x20000004                uwTickPrio
 .data.uwTickFreq
                0x20000008        0x1 ./Drivers/STM32F1xx_HAL_Driver/Src/stm32f1xx_hal.o
                0x20000008                uwTickFreq
 *fill*         0x20000009        0x3 
 .data._impure_ptr
                0x2000000c        0x4 C:/Program Files (x86)/STM32CubeIDE_1.17.0/STM32CubeIDE/plugins/com.st.stm32cube.ide.mcu.externaltools.gnu-tools-for-stm32.12.3.rel1.win32_1.1.0.202410251130/tools/bin/../lib/gcc/arm-none-eabi/12.3.1/../../../../arm-none-eabi/lib/thumb/v7-m/nofp\libc_nano.a(libc_a-impure.o)
                0x2000000c                _impure_ptr
 .data._impure_data
                0x20000010       0x4c C:/Program Files (x86)/STM32CubeIDE_1.17.0/STM32CubeIDE/plugins/com.st.stm32cube.ide.mcu.externaltools.gnu-tools-for-stm32.12.3.rel1.win32_1.1.0.202410251130/tools/bin/../lib/gcc/arm-none-eabi/12.3.1/../../../../arm-none-eabi/lib/thumb/v7-m/nofp\libc_nano.a(libc_a-impure.o)
                0x20000010                _impure_data
 *(.RamFunc)
 *(.RamFunc*)
                0x2000005c                        . = ALIGN (0x4)
                0x2000005c                        _edata = .

.igot.plt       0x2000005c        0x0 load address 0x08003aa4
 .igot.plt      0x2000005c        0x0 C:/Program Files (x86)/STM32CubeIDE_1.17.0/STM32CubeIDE/plugins/com.st.stm32cube.ide.mcu.externaltools.gnu-tools-for-stm32.12.3.rel1.win32_1.1.0.202410251130/tools/bin/../lib/gcc/arm-none-eabi/12.3.1/thumb/v7-m/nofp/crtbegin.o
                0x2000005c                        . = ALIGN (0x4)

.bss            0x2000005c      0xb00 load address 0x08003aa4
                0x2000005c                        _sbss = .
                0x2000005c                        __bss_start__ = _sbss
 *(.bss)
 .bss           0x2000005c       0x1c C:/Program Files (x86)/STM32CubeIDE_1.17.0/STM32CubeIDE/plugins/com.st.stm32cube.ide.mcu.externaltools.gnu-tools-for-stm32.12.3.rel1.win32_1.1.0.202410251130/tools/bin/../lib/gcc/arm-none-eabi/12.3.1/thumb/v7-m/nofp/crtbegin.o
 *(.bss*)
 .bss.hcan1     0x20000078       0x28 ./Core/Src/can_drv.o
                0x20000078                hcan1
 .bss.RxHeader  0x200000a0       0x1c ./Core/Src/can_drv.o
 .bss.rxBuf     0x200000bc        0x8 ./Core/Src/can_drv.o
 .bss.newMsg    0x200000c4        0x1 ./Core/Src/can_drv.o
 *fill*         0x200000c5        0x3 
 .bss.last_tick.0
                0x200000c8        0x4 ./Core/Src/debug.o
 .bss.hcan      0x200000cc       0x28 ./Core/Src/main.o
                0x200000cc                hcan
 .bss.uart_last_idx
                0x200000f4        0x4 ./Core/Src/sensor.o
 .bss.last_req_tick
                0x200000f8        0x4 ./Core/Src/sensor.o
 .bss.awaiting_sensor
                0x200000fc        0x1 ./Core/Src/sensor.o
 .bss.awaiting_handshake2
                0x200000fd        0x1 ./Core/Src/sensor.o
 *fill*         0x200000fe        0x2 
 .bss.ac_buf    0x20000100       0x20 ./Core/Src/sensor.o
 .bss.ac_len    0x20000120        0x4 ./Core/Src/sensor.o
 .bss.bin_buf   0x20000124      0x410 ./Core/Src/sensor.o
 .bss.bin_len   0x20000534        0x4 ./Core/Src/sensor.o
 .bss.in_bin    0x20000538        0x1 ./Core/Src/sensor.o
 *fill*         0x20000539        0x3 
 .bss.__sbrk_heap_end
                0x2000053c        0x4 ./Core/Src/sysmem.o
 .bss.uart_rx_buf
                0x20000540      0x400 ./Core/Src/uart.o
                0x20000540                uart_rx_buf
 .bss.huart1    0x20000940       0x48 ./Core/Src/uart.o
                0x20000940                huart1
 .bss.hdma_usart1_rx
                0x20000988       0x44 ./Core/Src/uart.o
                0x20000988                hdma_usart1_rx
 .bss.hdma_usart1_tx
                0x200009cc       0x44 ./Core/Src/uart.o
                0x200009cc                hdma_usart1_tx
 .bss.uwTick    0x20000a10        0x4 ./Drivers/STM32F1xx_HAL_Driver/Src/stm32f1xx_hal.o
                0x20000a10                uwTick
 .bss.__sf      0x20000a14      0x138 C:/Program Files (x86)/STM32CubeIDE_1.17.0/STM32CubeIDE/plugins/com.st.stm32cube.ide.mcu.externaltools.gnu-tools-for-stm32.12.3.rel1.win32_1.1.0.202410251130/tools/bin/../lib/gcc/arm-none-eabi/12.3.1/../../../../arm-none-eabi/lib/thumb/v7-m/nofp\libc_nano.a(libc_a-findfp.o)
                0x20000a14                __sf
 .bss.errno     0x20000b4c        0x4 C:/Program Files (x86)/STM32CubeIDE_1.17.0/STM32CubeIDE/plugins/com.st.stm32cube.ide.mcu.externaltools.gnu-tools-for-stm32.12.3.rel1.win32_1.1.0.202410251130/tools/bin/../lib/gcc/arm-none-eabi/12.3.1/../../../../arm-none-eabi/lib/thumb/v7-m/nofp\libc_nano.a(libc_a-reent.o)
                0x20000b4c                errno
 .bss.__lock___malloc_recursive_mutex
                0x20000b50        0x1 C:/Program Files (x86)/STM32CubeIDE_1.17.0/STM32CubeIDE/plugins/com.st.stm32cube.ide.mcu.externaltools.gnu-tools-for-stm32.12.3.rel1.win32_1.1.0.202410251130/tools/bin/../lib/gcc/arm-none-eabi/12.3.1/../../../../arm-none-eabi/lib/thumb/v7-m/nofp\libc_nano.a(libc_a-lock.o)
                0x20000b50                __lock___malloc_recursive_mutex
 *fill*         0x20000b51        0x3 
 .bss.__malloc_sbrk_start
                0x20000b54        0x4 C:/Program Files (x86)/STM32CubeIDE_1.17.0/STM32CubeIDE/plugins/com.st.stm32cube.ide.mcu.externaltools.gnu-tools-for-stm32.12.3.rel1.win32_1.1.0.202410251130/tools/bin/../lib/gcc/arm-none-eabi/12.3.1/../../../../arm-none-eabi/lib/thumb/v7-m/nofp\libc_nano.a(libc_a-mallocr.o)
                0x20000b54                __malloc_sbrk_start
 .bss.__malloc_free_list
                0x20000b58        0x4 C:/Program Files (x86)/STM32CubeIDE_1.17.0/STM32CubeIDE/plugins/com.st.stm32cube.ide.mcu.externaltools.gnu-tools-for-stm32.12.3.rel1.win32_1.1.0.202410251130/tools/bin/../lib/gcc/arm-none-eabi/12.3.1/../../../../arm-none-eabi/lib/thumb/v7-m/nofp\libc_nano.a(libc_a-mallocr.o)
                0x20000b58                __malloc_free_list
 *(COMMON)
                0x20000b5c                        . = ALIGN (0x4)
                0x20000b5c                        _ebss = .
                0x20000b5c                        __bss_end__ = _ebss

._user_heap_stack
                0x20000b5c      0x604 load address 0x08003aa4
                0x20000b60                        . = ALIGN (0x8)
 *fill*         0x20000b5c        0x4 
                [!provide]                        PROVIDE (end = .)
                0x20000b60                        PROVIDE (_end = .)
                0x20000d60                        . = (. + _Min_Heap_Size)
 *fill*         0x20000b60      0x200 
                0x20001160                        . = (. + _Min_Stack_Size)
 *fill*         0x20000d60      0x400 
                0x20001160                        . = ALIGN (0x8)

/DISCARD/
 libc.a(*)
 libm.a(*)
 libgcc.a(*)

.ARM.attributes
                0x00000000       0x29
 *(.ARM.attributes)
 .ARM.attributes
                0x00000000       0x1d C:/Program Files (x86)/STM32CubeIDE_1.17.0/STM32CubeIDE/plugins/com.st.stm32cube.ide.mcu.externaltools.gnu-tools-for-stm32.12.3.rel1.win32_1.1.0.202410251130/tools/bin/../lib/gcc/arm-none-eabi/12.3.1/thumb/v7-m/nofp/crti.o
 .ARM.attributes
                0x0000001d       0x2d C:/Program Files (x86)/STM32CubeIDE_1.17.0/STM32CubeIDE/plugins/com.st.stm32cube.ide.mcu.externaltools.gnu-tools-for-stm32.12.3.rel1.win32_1.1.0.202410251130/tools/bin/../lib/gcc/arm-none-eabi/12.3.1/thumb/v7-m/nofp/crtbegin.o
 .ARM.attributes
                0x0000004a       0x2d ./Core/Src/can_drv.o
 .ARM.attributes
                0x00000077       0x2d ./Core/Src/debug.o
 .ARM.attributes
                0x000000a4       0x2d ./Core/Src/main.o
 .ARM.attributes
                0x000000d1       0x2d ./Core/Src/sensor.o
 .ARM.attributes
                0x000000fe       0x2d ./Core/Src/stm32f1xx_hal_msp.o
 .ARM.attributes
                0x0000012b       0x2d ./Core/Src/stm32f1xx_it.o
 .ARM.attributes
                0x00000158       0x2d ./Core/Src/sysmem.o
 .ARM.attributes
                0x00000185       0x2d ./Core/Src/system_stm32f1xx.o
 .ARM.attributes
                0x000001b2       0x2d ./Core/Src/uart.o
 .ARM.attributes
                0x000001df       0x21 ./Core/Startup/startup_stm32f103c8tx.o
 .ARM.attributes
                0x00000200       0x2d ./Drivers/STM32F1xx_HAL_Driver/Src/stm32f1xx_hal.o
 .ARM.attributes
                0x0000022d       0x2d ./Drivers/STM32F1xx_HAL_Driver/Src/stm32f1xx_hal_can.o
 .ARM.attributes
                0x0000025a       0x2d ./Drivers/STM32F1xx_HAL_Driver/Src/stm32f1xx_hal_cortex.o
 .ARM.attributes
                0x00000287       0x2d ./Drivers/STM32F1xx_HAL_Driver/Src/stm32f1xx_hal_dma.o
 .ARM.attributes
                0x000002b4       0x2d ./Drivers/STM32F1xx_HAL_Driver/Src/stm32f1xx_hal_gpio.o
 .ARM.attributes
                0x000002e1       0x2d ./Drivers/STM32F1xx_HAL_Driver/Src/stm32f1xx_hal_rcc.o
 .ARM.attributes
                0x0000030e       0x2d ./Drivers/STM32F1xx_HAL_Driver/Src/stm32f1xx_hal_uart.o
 .ARM.attributes
                0x0000033b       0x2d C:/Program Files (x86)/STM32CubeIDE_1.17.0/STM32CubeIDE/plugins/com.st.stm32cube.ide.mcu.externaltools.gnu-tools-for-stm32.12.3.rel1.win32_1.1.0.202410251130/tools/bin/../lib/gcc/arm-none-eabi/12.3.1/../../../../arm-none-eabi/lib/thumb/v7-m/nofp\libc_nano.a(libc_a-findfp.o)
 .ARM.attributes
                0x00000368       0x2d C:/Program Files (x86)/STM32CubeIDE_1.17.0/STM32CubeIDE/plugins/com.st.stm32cube.ide.mcu.externaltools.gnu-tools-for-stm32.12.3.rel1.win32_1.1.0.202410251130/tools/bin/../lib/gcc/arm-none-eabi/12.3.1/../../../../arm-none-eabi/lib/thumb/v7-m/nofp\libc_nano.a(libc_a-vsnprintf.o)
 .ARM.attributes
                0x00000395       0x2d C:/Program Files (x86)/STM32CubeIDE_1.17.0/STM32CubeIDE/plugins/com.st.stm32cube.ide.mcu.externaltools.gnu-tools-for-stm32.12.3.rel1.win32_1.1.0.202410251130/tools/bin/../lib/gcc/arm-none-eabi/12.3.1/../../../../arm-none-eabi/lib/thumb/v7-m/nofp\libc_nano.a(libc_a-memcmp.o)
 .ARM.attributes
                0x000003c2       0x2d C:/Program Files (x86)/STM32CubeIDE_1.17.0/STM32CubeIDE/plugins/com.st.stm32cube.ide.mcu.externaltools.gnu-tools-for-stm32.12.3.rel1.win32_1.1.0.202410251130/tools/bin/../lib/gcc/arm-none-eabi/12.3.1/../../../../arm-none-eabi/lib/thumb/v7-m/nofp\libc_nano.a(libc_a-memset.o)
 .ARM.attributes
                0x000003ef       0x2d C:/Program Files (x86)/STM32CubeIDE_1.17.0/STM32CubeIDE/plugins/com.st.stm32cube.ide.mcu.externaltools.gnu-tools-for-stm32.12.3.rel1.win32_1.1.0.202410251130/tools/bin/../lib/gcc/arm-none-eabi/12.3.1/../../../../arm-none-eabi/lib/thumb/v7-m/nofp\libc_nano.a(libc_a-reent.o)
 .ARM.attributes
                0x0000041c       0x2d C:/Program Files (x86)/STM32CubeIDE_1.17.0/STM32CubeIDE/plugins/com.st.stm32cube.ide.mcu.externaltools.gnu-tools-for-stm32.12.3.rel1.win32_1.1.0.202410251130/tools/bin/../lib/gcc/arm-none-eabi/12.3.1/../../../../arm-none-eabi/lib/thumb/v7-m/nofp\libc_nano.a(libc_a-impure.o)
 .ARM.attributes
                0x00000449       0x2d C:/Program Files (x86)/STM32CubeIDE_1.17.0/STM32CubeIDE/plugins/com.st.stm32cube.ide.mcu.externaltools.gnu-tools-for-stm32.12.3.rel1.win32_1.1.0.202410251130/tools/bin/../lib/gcc/arm-none-eabi/12.3.1/../../../../arm-none-eabi/lib/thumb/v7-m/nofp\libc_nano.a(libc_a-errno.o)
 .ARM.attributes
                0x00000476       0x2d C:/Program Files (x86)/STM32CubeIDE_1.17.0/STM32CubeIDE/plugins/com.st.stm32cube.ide.mcu.externaltools.gnu-tools-for-stm32.12.3.rel1.win32_1.1.0.202410251130/tools/bin/../lib/gcc/arm-none-eabi/12.3.1/../../../../arm-none-eabi/lib/thumb/v7-m/nofp\libc_nano.a(libc_a-init.o)
 .ARM.attributes
                0x000004a3       0x2d C:/Program Files (x86)/STM32CubeIDE_1.17.0/STM32CubeIDE/plugins/com.st.stm32cube.ide.mcu.externaltools.gnu-tools-for-stm32.12.3.rel1.win32_1.1.0.202410251130/tools/bin/../lib/gcc/arm-none-eabi/12.3.1/../../../../arm-none-eabi/lib/thumb/v7-m/nofp\libc_nano.a(libc_a-lock.o)
 .ARM.attributes
                0x000004d0       0x2d C:/Program Files (x86)/STM32CubeIDE_1.17.0/STM32CubeIDE/plugins/com.st.stm32cube.ide.mcu.externaltools.gnu-tools-for-stm32.12.3.rel1.win32_1.1.0.202410251130/tools/bin/../lib/gcc/arm-none-eabi/12.3.1/../../../../arm-none-eabi/lib/thumb/v7-m/nofp\libc_nano.a(libc_a-memcpy-stub.o)
 .ARM.attributes
                0x000004fd       0x2d C:/Program Files (x86)/STM32CubeIDE_1.17.0/STM32CubeIDE/plugins/com.st.stm32cube.ide.mcu.externaltools.gnu-tools-for-stm32.12.3.rel1.win32_1.1.0.202410251130/tools/bin/../lib/gcc/arm-none-eabi/12.3.1/../../../../arm-none-eabi/lib/thumb/v7-m/nofp\libc_nano.a(libc_a-freer.o)
 .ARM.attributes
                0x0000052a       0x2d C:/Program Files (x86)/STM32CubeIDE_1.17.0/STM32CubeIDE/plugins/com.st.stm32cube.ide.mcu.externaltools.gnu-tools-for-stm32.12.3.rel1.win32_1.1.0.202410251130/tools/bin/../lib/gcc/arm-none-eabi/12.3.1/../../../../arm-none-eabi/lib/thumb/v7-m/nofp\libc_nano.a(libc_a-mallocr.o)
 .ARM.attributes
                0x00000557       0x2d C:/Program Files (x86)/STM32CubeIDE_1.17.0/STM32CubeIDE/plugins/com.st.stm32cube.ide.mcu.externaltools.gnu-tools-for-stm32.12.3.rel1.win32_1.1.0.202410251130/tools/bin/../lib/gcc/arm-none-eabi/12.3.1/../../../../arm-none-eabi/lib/thumb/v7-m/nofp\libc_nano.a(libc_a-mlock.o)
 .ARM.attributes
                0x00000584       0x2d C:/Program Files (x86)/STM32CubeIDE_1.17.0/STM32CubeIDE/plugins/com.st.stm32cube.ide.mcu.externaltools.gnu-tools-for-stm32.12.3.rel1.win32_1.1.0.202410251130/tools/bin/../lib/gcc/arm-none-eabi/12.3.1/../../../../arm-none-eabi/lib/thumb/v7-m/nofp\libc_nano.a(libc_a-nano-svfprintf.o)
 .ARM.attributes
                0x000005b1       0x2d C:/Program Files (x86)/STM32CubeIDE_1.17.0/STM32CubeIDE/plugins/com.st.stm32cube.ide.mcu.externaltools.gnu-tools-for-stm32.12.3.rel1.win32_1.1.0.202410251130/tools/bin/../lib/gcc/arm-none-eabi/12.3.1/../../../../arm-none-eabi/lib/thumb/v7-m/nofp\libc_nano.a(libc_a-nano-vfprintf_i.o)
 .ARM.attributes
                0x000005de       0x2d C:/Program Files (x86)/STM32CubeIDE_1.17.0/STM32CubeIDE/plugins/com.st.stm32cube.ide.mcu.externaltools.gnu-tools-for-stm32.12.3.rel1.win32_1.1.0.202410251130/tools/bin/../lib/gcc/arm-none-eabi/12.3.1/../../../../arm-none-eabi/lib/thumb/v7-m/nofp\libc_nano.a(libc_a-memmove.o)
 .ARM.attributes
                0x0000060b       0x2d C:/Program Files (x86)/STM32CubeIDE_1.17.0/STM32CubeIDE/plugins/com.st.stm32cube.ide.mcu.externaltools.gnu-tools-for-stm32.12.3.rel1.win32_1.1.0.202410251130/tools/bin/../lib/gcc/arm-none-eabi/12.3.1/../../../../arm-none-eabi/lib/thumb/v7-m/nofp\libc_nano.a(libc_a-sbrkr.o)
 .ARM.attributes
                0x00000638       0x2d C:/Program Files (x86)/STM32CubeIDE_1.17.0/STM32CubeIDE/plugins/com.st.stm32cube.ide.mcu.externaltools.gnu-tools-for-stm32.12.3.rel1.win32_1.1.0.202410251130/tools/bin/../lib/gcc/arm-none-eabi/12.3.1/../../../../arm-none-eabi/lib/thumb/v7-m/nofp\libc_nano.a(libc_a-memchr-stub.o)
 .ARM.attributes
                0x00000665       0x2d C:/Program Files (x86)/STM32CubeIDE_1.17.0/STM32CubeIDE/plugins/com.st.stm32cube.ide.mcu.externaltools.gnu-tools-for-stm32.12.3.rel1.win32_1.1.0.202410251130/tools/bin/../lib/gcc/arm-none-eabi/12.3.1/../../../../arm-none-eabi/lib/thumb/v7-m/nofp\libc_nano.a(libc_a-reallocr.o)
 .ARM.attributes
                0x00000692       0x2d C:/Program Files (x86)/STM32CubeIDE_1.17.0/STM32CubeIDE/plugins/com.st.stm32cube.ide.mcu.externaltools.gnu-tools-for-stm32.12.3.rel1.win32_1.1.0.202410251130/tools/bin/../lib/gcc/arm-none-eabi/12.3.1/../../../../arm-none-eabi/lib/thumb/v7-m/nofp\libc_nano.a(libc_a-msizer.o)
 .ARM.attributes
                0x000006bf       0x1d C:/Program Files (x86)/STM32CubeIDE_1.17.0/STM32CubeIDE/plugins/com.st.stm32cube.ide.mcu.externaltools.gnu-tools-for-stm32.12.3.rel1.win32_1.1.0.202410251130/tools/bin/../lib/gcc/arm-none-eabi/12.3.1/thumb/v7-m/nofp/crtn.o
OUTPUT(CAN2RS_Translator.elf elf32-littlearm)
LOAD linker stubs
LOAD C:/Program Files (x86)/STM32CubeIDE_1.17.0/STM32CubeIDE/plugins/com.st.stm32cube.ide.mcu.externaltools.gnu-tools-for-stm32.12.3.rel1.win32_1.1.0.202410251130/tools/bin/../lib/gcc/arm-none-eabi/12.3.1/../../../../arm-none-eabi/lib/thumb/v7-m/nofp\libc.a
LOAD C:/Program Files (x86)/STM32CubeIDE_1.17.0/STM32CubeIDE/plugins/com.st.stm32cube.ide.mcu.externaltools.gnu-tools-for-stm32.12.3.rel1.win32_1.1.0.202410251130/tools/bin/../lib/gcc/arm-none-eabi/12.3.1/../../../../arm-none-eabi/lib/thumb/v7-m/nofp\libm.a
LOAD C:/Program Files (x86)/STM32CubeIDE_1.17.0/STM32CubeIDE/plugins/com.st.stm32cube.ide.mcu.externaltools.gnu-tools-for-stm32.12.3.rel1.win32_1.1.0.202410251130/tools/bin/../lib/gcc/arm-none-eabi/12.3.1/thumb/v7-m/nofp\libgcc.a

.debug_info     0x00000000     0xa792
 .debug_info    0x00000000      0x928 ./Core/Src/can_drv.o
 .debug_info    0x00000928      0x892 ./Core/Src/debug.o
 .debug_info    0x000011ba      0xfae ./Core/Src/main.o
 .debug_info    0x00002168      0x65a ./Core/Src/sensor.o
 .debug_info    0x000027c2      0xcc8 ./Core/Src/stm32f1xx_hal_msp.o
 .debug_info    0x0000348a      0x376 ./Core/Src/stm32f1xx_it.o
 .debug_info    0x00003800      0x168 ./Core/Src/sysmem.o
 .debug_info    0x00003968      0x222 ./Core/Src/system_stm32f1xx.o
 .debug_info    0x00003b8a      0x7fb ./Core/Src/uart.o
 .debug_info    0x00004385       0x30 ./Core/Startup/startup_stm32f103c8tx.o
 .debug_info    0x000043b5      0x704 ./Drivers/STM32F1xx_HAL_Driver/Src/stm32f1xx_hal.o
 .debug_info    0x00004ab9      0xf13 ./Drivers/STM32F1xx_HAL_Driver/Src/stm32f1xx_hal_can.o
 .debug_info    0x000059cc      0xa87 ./Drivers/STM32F1xx_HAL_Driver/Src/stm32f1xx_hal_cortex.o
 .debug_info    0x00006453      0x6d2 ./Drivers/STM32F1xx_HAL_Driver/Src/stm32f1xx_hal_dma.o
 .debug_info    0x00006b25      0x5ab ./Drivers/STM32F1xx_HAL_Driver/Src/stm32f1xx_hal_gpio.o
 .debug_info    0x000070d0      0x7d5 ./Drivers/STM32F1xx_HAL_Driver/Src/stm32f1xx_hal_rcc.o
 .debug_info    0x000078a5     0x2eed ./Drivers/STM32F1xx_HAL_Driver/Src/stm32f1xx_hal_uart.o

.debug_abbrev   0x00000000     0x2234
 .debug_abbrev  0x00000000      0x254 ./Core/Src/can_drv.o
 .debug_abbrev  0x00000254      0x22d ./Core/Src/debug.o
 .debug_abbrev  0x00000481      0x30f ./Core/Src/main.o
 .debug_abbrev  0x00000790      0x259 ./Core/Src/sensor.o
 .debug_abbrev  0x000009e9      0x230 ./Core/Src/stm32f1xx_hal_msp.o
 .debug_abbrev  0x00000c19      0x170 ./Core/Src/stm32f1xx_it.o
 .debug_abbrev  0x00000d89       0xbc ./Core/Src/sysmem.o
 .debug_abbrev  0x00000e45      0x13f ./Core/Src/system_stm32f1xx.o
 .debug_abbrev  0x00000f84      0x1f7 ./Core/Src/uart.o
 .debug_abbrev  0x0000117b       0x24 ./Core/Startup/startup_stm32f103c8tx.o
 .debug_abbrev  0x0000119f      0x201 ./Drivers/STM32F1xx_HAL_Driver/Src/stm32f1xx_hal.o
 .debug_abbrev  0x000013a0      0x21c ./Drivers/STM32F1xx_HAL_Driver/Src/stm32f1xx_hal_can.o
 .debug_abbrev  0x000015bc      0x2f8 ./Drivers/STM32F1xx_HAL_Driver/Src/stm32f1xx_hal_cortex.o
 .debug_abbrev  0x000018b4      0x20b ./Drivers/STM32F1xx_HAL_Driver/Src/stm32f1xx_hal_dma.o
 .debug_abbrev  0x00001abf      0x1ca ./Drivers/STM32F1xx_HAL_Driver/Src/stm32f1xx_hal_gpio.o
 .debug_abbrev  0x00001c89      0x2b3 ./Drivers/STM32F1xx_HAL_Driver/Src/stm32f1xx_hal_rcc.o
 .debug_abbrev  0x00001f3c      0x2f8 ./Drivers/STM32F1xx_HAL_Driver/Src/stm32f1xx_hal_uart.o

.debug_aranges  0x00000000      0x8d0
 .debug_aranges
                0x00000000       0x40 ./Core/Src/can_drv.o
 .debug_aranges
                0x00000040       0x30 ./Core/Src/debug.o
 .debug_aranges
                0x00000070       0x58 ./Core/Src/main.o
 .debug_aranges
                0x000000c8       0x30 ./Core/Src/sensor.o
 .debug_aranges
                0x000000f8       0x40 ./Core/Src/stm32f1xx_hal_msp.o
 .debug_aranges
                0x00000138       0x70 ./Core/Src/stm32f1xx_it.o
 .debug_aranges
                0x000001a8       0x20 ./Core/Src/sysmem.o
 .debug_aranges
                0x000001c8       0x28 ./Core/Src/system_stm32f1xx.o
 .debug_aranges
                0x000001f0       0x30 ./Core/Src/uart.o
 .debug_aranges
                0x00000220       0x28 ./Core/Startup/startup_stm32f103c8tx.o
 .debug_aranges
                0x00000248       0xe0 ./Drivers/STM32F1xx_HAL_Driver/Src/stm32f1xx_hal.o
 .debug_aranges
                0x00000328      0x138 ./Drivers/STM32F1xx_HAL_Driver/Src/stm32f1xx_hal_can.o
 .debug_aranges
                0x00000460      0x100 ./Drivers/STM32F1xx_HAL_Driver/Src/stm32f1xx_hal_cortex.o
 .debug_aranges
                0x00000560       0x80 ./Drivers/STM32F1xx_HAL_Driver/Src/stm32f1xx_hal_dma.o
 .debug_aranges
                0x000005e0       0x58 ./Drivers/STM32F1xx_HAL_Driver/Src/stm32f1xx_hal_gpio.o
 .debug_aranges
                0x00000638       0x90 ./Drivers/STM32F1xx_HAL_Driver/Src/stm32f1xx_hal_rcc.o
 .debug_aranges
                0x000006c8      0x208 ./Drivers/STM32F1xx_HAL_Driver/Src/stm32f1xx_hal_uart.o

.debug_rnglists
                0x00000000      0x6b0
 .debug_rnglists
                0x00000000       0x2c ./Core/Src/can_drv.o
 .debug_rnglists
                0x0000002c       0x1f ./Core/Src/debug.o
 .debug_rnglists
                0x0000004b       0x3f ./Core/Src/main.o
 .debug_rnglists
                0x0000008a       0x2e ./Core/Src/sensor.o
 .debug_rnglists
                0x000000b8       0x2d ./Core/Src/stm32f1xx_hal_msp.o
 .debug_rnglists
                0x000000e5       0x4f ./Core/Src/stm32f1xx_it.o
 .debug_rnglists
                0x00000134       0x13 ./Core/Src/sysmem.o
 .debug_rnglists
                0x00000147       0x1a ./Core/Src/system_stm32f1xx.o
 .debug_rnglists
                0x00000161       0x20 ./Core/Src/uart.o
 .debug_rnglists
                0x00000181       0x19 ./Core/Startup/startup_stm32f103c8tx.o
 .debug_rnglists
                0x0000019a       0xa3 ./Drivers/STM32F1xx_HAL_Driver/Src/stm32f1xx_hal.o
 .debug_rnglists
                0x0000023d       0xed ./Drivers/STM32F1xx_HAL_Driver/Src/stm32f1xx_hal_can.o
 .debug_rnglists
                0x0000032a       0xbb ./Drivers/STM32F1xx_HAL_Driver/Src/stm32f1xx_hal_cortex.o
 .debug_rnglists
                0x000003e5       0x64 ./Drivers/STM32F1xx_HAL_Driver/Src/stm32f1xx_hal_dma.o
 .debug_rnglists
                0x00000449       0x3f ./Drivers/STM32F1xx_HAL_Driver/Src/stm32f1xx_hal_gpio.o
 .debug_rnglists
                0x00000488       0x6c ./Drivers/STM32F1xx_HAL_Driver/Src/stm32f1xx_hal_rcc.o
 .debug_rnglists
                0x000004f4      0x1bc ./Drivers/STM32F1xx_HAL_Driver/Src/stm32f1xx_hal_uart.o

.debug_macro    0x00000000    0x180b4
 .debug_macro   0x00000000      0x279 ./Core/Src/can_drv.o
 .debug_macro   0x00000279      0xaa8 ./Core/Src/can_drv.o
 .debug_macro   0x00000d21      0x221 ./Core/Src/can_drv.o
 .debug_macro   0x00000f42       0x2e ./Core/Src/can_drv.o
 .debug_macro   0x00000f70       0x22 ./Core/Src/can_drv.o
 .debug_macro   0x00000f92       0x22 ./Core/Src/can_drv.o
 .debug_macro   0x00000fb4       0x8e ./Core/Src/can_drv.o
 .debug_macro   0x00001042       0x51 ./Core/Src/can_drv.o
 .debug_macro   0x00001093      0x103 ./Core/Src/can_drv.o
 .debug_macro   0x00001196       0x6a ./Core/Src/can_drv.o
 .debug_macro   0x00001200      0x1df ./Core/Src/can_drv.o
 .debug_macro   0x000013df       0x1c ./Core/Src/can_drv.o
 .debug_macro   0x000013fb       0x22 ./Core/Src/can_drv.o
 .debug_macro   0x0000141d       0xbd ./Core/Src/can_drv.o
 .debug_macro   0x000014da      0xd23 ./Core/Src/can_drv.o
 .debug_macro   0x000021fd     0xe09e ./Core/Src/can_drv.o
 .debug_macro   0x0001029b       0x6d ./Core/Src/can_drv.o
 .debug_macro   0x00010308     0x34a2 ./Core/Src/can_drv.o
 .debug_macro   0x000137aa      0x189 ./Core/Src/can_drv.o
 .debug_macro   0x00013933       0x5c ./Core/Src/can_drv.o
 .debug_macro   0x0001398f      0x5bc ./Core/Src/can_drv.o
 .debug_macro   0x00013f4b      0x289 ./Core/Src/can_drv.o
 .debug_macro   0x000141d4      0x1cb ./Core/Src/can_drv.o
 .debug_macro   0x0001439f      0x114 ./Core/Src/can_drv.o
 .debug_macro   0x000144b3      0x1b2 ./Core/Src/can_drv.o
 .debug_macro   0x00014665       0x27 ./Core/Src/can_drv.o
 .debug_macro   0x0001468c      0x136 ./Core/Src/can_drv.o
 .debug_macro   0x000147c2      0x1bc ./Core/Src/can_drv.o
 .debug_macro   0x0001497e       0x34 ./Core/Src/can_drv.o
 .debug_macro   0x000149b2       0x3c ./Core/Src/can_drv.o
 .debug_macro   0x000149ee      0x408 ./Core/Src/can_drv.o
 .debug_macro   0x00014df6       0x57 ./Core/Src/can_drv.o
 .debug_macro   0x00014e4d       0x87 ./Core/Src/can_drv.o
 .debug_macro   0x00014ed4      0x240 ./Core/Src/can_drv.o
 .debug_macro   0x00015114      0x140 ./Core/Src/can_drv.o
 .debug_macro   0x00015254      0x28e ./Core/Src/can_drv.o
 .debug_macro   0x000154e2       0x83 ./Core/Src/can_drv.o
 .debug_macro   0x00015565       0x22 ./Core/Src/can_drv.o
 .debug_macro   0x00015587       0x61 ./Core/Src/can_drv.o
 .debug_macro   0x000155e8       0x24 ./Core/Src/can_drv.o
 .debug_macro   0x0001560c       0x43 ./Core/Src/can_drv.o
 .debug_macro   0x0001564f       0x34 ./Core/Src/can_drv.o
 .debug_macro   0x00015683       0x16 ./Core/Src/can_drv.o
 .debug_macro   0x00015699       0x43 ./Core/Src/can_drv.o
 .debug_macro   0x000156dc       0x34 ./Core/Src/can_drv.o
 .debug_macro   0x00015710       0x10 ./Core/Src/can_drv.o
 .debug_macro   0x00015720       0x58 ./Core/Src/can_drv.o
 .debug_macro   0x00015778       0x8e ./Core/Src/can_drv.o
 .debug_macro   0x00015806       0x1c ./Core/Src/can_drv.o
 .debug_macro   0x00015822      0x177 ./Core/Src/can_drv.o
 .debug_macro   0x00015999      0x369 ./Core/Src/can_drv.o
 .debug_macro   0x00015d02       0x10 ./Core/Src/can_drv.o
 .debug_macro   0x00015d12       0x35 ./Core/Src/can_drv.o
 .debug_macro   0x00015d47       0x20 ./Core/Src/can_drv.o
 .debug_macro   0x00015d67      0x287 ./Core/Src/debug.o
 .debug_macro   0x00015fee       0x58 ./Core/Src/debug.o
 .debug_macro   0x00016046       0x5b ./Core/Src/debug.o
 .debug_macro   0x000160a1       0x94 ./Core/Src/debug.o
 .debug_macro   0x00016135       0x16 ./Core/Src/debug.o
 .debug_macro   0x0001614b       0x57 ./Core/Src/debug.o
 .debug_macro   0x000161a2       0x9e ./Core/Src/debug.o
 .debug_macro   0x00016240      0x10b ./Core/Src/debug.o
 .debug_macro   0x0001634b       0x16 ./Core/Src/debug.o
 .debug_macro   0x00016361       0x16 ./Core/Src/debug.o
 .debug_macro   0x00016377      0x146 ./Core/Src/debug.o
 .debug_macro   0x000164bd       0x56 ./Core/Src/debug.o
 .debug_macro   0x00016513      0x2d5 ./Core/Src/main.o
 .debug_macro   0x000167e8       0x1c ./Core/Src/main.o
 .debug_macro   0x00016804       0x1c ./Core/Src/main.o
 .debug_macro   0x00016820      0x2e3 ./Core/Src/sensor.o
 .debug_macro   0x00016b03      0x1a2 ./Core/Src/stm32f1xx_hal_msp.o
 .debug_macro   0x00016ca5      0x1ac ./Core/Src/stm32f1xx_it.o
 .debug_macro   0x00016e51       0xff ./Core/Src/sysmem.o
 .debug_macro   0x00016f50      0x23c ./Core/Src/sysmem.o
 .debug_macro   0x0001718c      0x198 ./Core/Src/system_stm32f1xx.o
 .debug_macro   0x00017324      0x1b7 ./Core/Src/uart.o
 .debug_macro   0x000174db      0x1bc ./Drivers/STM32F1xx_HAL_Driver/Src/stm32f1xx_hal.o
 .debug_macro   0x00017697      0x1a7 ./Drivers/STM32F1xx_HAL_Driver/Src/stm32f1xx_hal_can.o
 .debug_macro   0x0001783e      0x198 ./Drivers/STM32F1xx_HAL_Driver/Src/stm32f1xx_hal_cortex.o
 .debug_macro   0x000179d6      0x198 ./Drivers/STM32F1xx_HAL_Driver/Src/stm32f1xx_hal_dma.o
 .debug_macro   0x00017b6e      0x203 ./Drivers/STM32F1xx_HAL_Driver/Src/stm32f1xx_hal_gpio.o
 .debug_macro   0x00017d71      0x1aa ./Drivers/STM32F1xx_HAL_Driver/Src/stm32f1xx_hal_rcc.o
 .debug_macro   0x00017f1b      0x199 ./Drivers/STM32F1xx_HAL_Driver/Src/stm32f1xx_hal_uart.o

.debug_line     0x00000000     0xd7b7
 .debug_line    0x00000000      0xaa3 ./Core/Src/can_drv.o
 .debug_line    0x00000aa3      0xa70 ./Core/Src/debug.o
 .debug_line    0x00001513      0xb9c ./Core/Src/main.o
 .debug_line    0x000020af      0xba1 ./Core/Src/sensor.o
 .debug_line    0x00002c50      0x95e ./Core/Src/stm32f1xx_hal_msp.o
 .debug_line    0x000035ae      0x961 ./Core/Src/stm32f1xx_it.o
 .debug_line    0x00003f0f      0x716 ./Core/Src/sysmem.o
 .debug_line    0x00004625      0x8ed ./Core/Src/system_stm32f1xx.o
 .debug_line    0x00004f12      0x8cf ./Core/Src/uart.o
 .debug_line    0x000057e1       0x78 ./Core/Startup/startup_stm32f103c8tx.o
 .debug_line    0x00005859      0xb1a ./Drivers/STM32F1xx_HAL_Driver/Src/stm32f1xx_hal.o
 .debug_line    0x00006373     0x12fc ./Drivers/STM32F1xx_HAL_Driver/Src/stm32f1xx_hal_can.o
 .debug_line    0x0000766f      0xd06 ./Drivers/STM32F1xx_HAL_Driver/Src/stm32f1xx_hal_cortex.o
 .debug_line    0x00008375      0xf73 ./Drivers/STM32F1xx_HAL_Driver/Src/stm32f1xx_hal_dma.o
 .debug_line    0x000092e8      0xbb3 ./Drivers/STM32F1xx_HAL_Driver/Src/stm32f1xx_hal_gpio.o
 .debug_line    0x00009e9b      0xf23 ./Drivers/STM32F1xx_HAL_Driver/Src/stm32f1xx_hal_rcc.o
 .debug_line    0x0000adbe     0x29f9 ./Drivers/STM32F1xx_HAL_Driver/Src/stm32f1xx_hal_uart.o

.debug_str      0x00000000    0x84de9
 .debug_str     0x00000000    0x81df6 ./Core/Src/can_drv.o
                              0x82194 (size before relaxing)
 .debug_str     0x00081df6      0xb44 ./Core/Src/debug.o
                              0x827f6 (size before relaxing)
 .debug_str     0x0008293a      0x551 ./Core/Src/main.o
                              0x83063 (size before relaxing)
 .debug_str     0x00082e8b      0x112 ./Core/Src/sensor.o
                              0x8278d (size before relaxing)
 .debug_str     0x00082f9d       0xd7 ./Core/Src/stm32f1xx_hal_msp.o
                              0x7f2cb (size before relaxing)
 .debug_str     0x00083074      0x10e ./Core/Src/stm32f1xx_it.o
                              0x7eda9 (size before relaxing)
 .debug_str     0x00083182      0x4dc ./Core/Src/sysmem.o
                               0x608c (size before relaxing)
 .debug_str     0x0008365e       0x7e ./Core/Src/system_stm32f1xx.o
                              0x7eb71 (size before relaxing)
 .debug_str     0x000836dc       0x56 ./Core/Src/uart.o
                              0x7f086 (size before relaxing)
 .debug_str     0x00083732       0x44 ./Core/Startup/startup_stm32f103c8tx.o
                                 0x97 (size before relaxing)
 .debug_str     0x00083776      0x365 ./Drivers/STM32F1xx_HAL_Driver/Src/stm32f1xx_hal.o
                              0x7f2a4 (size before relaxing)
 .debug_str     0x00083adb      0x40e ./Drivers/STM32F1xx_HAL_Driver/Src/stm32f1xx_hal_can.o
                              0x7f379 (size before relaxing)
 .debug_str     0x00083ee9      0x226 ./Drivers/STM32F1xx_HAL_Driver/Src/stm32f1xx_hal_cortex.o
                              0x7f1f0 (size before relaxing)
 .debug_str     0x0008410f      0x20b ./Drivers/STM32F1xx_HAL_Driver/Src/stm32f1xx_hal_dma.o
                              0x7ef1a (size before relaxing)
 .debug_str     0x0008431a      0x2e1 ./Drivers/STM32F1xx_HAL_Driver/Src/stm32f1xx_hal_gpio.o
                              0x7eef7 (size before relaxing)
 .debug_str     0x000845fb      0x215 ./Drivers/STM32F1xx_HAL_Driver/Src/stm32f1xx_hal_rcc.o
                              0x7efa0 (size before relaxing)
 .debug_str     0x00084810      0x5d9 ./Drivers/STM32F1xx_HAL_Driver/Src/stm32f1xx_hal_uart.o
                              0x7f611 (size before relaxing)

.comment        0x00000000       0x43
 .comment       0x00000000       0x43 ./Core/Src/can_drv.o
                                 0x44 (size before relaxing)
 .comment       0x00000043       0x44 ./Core/Src/debug.o
 .comment       0x00000043       0x44 ./Core/Src/main.o
 .comment       0x00000043       0x44 ./Core/Src/sensor.o
 .comment       0x00000043       0x44 ./Core/Src/stm32f1xx_hal_msp.o
 .comment       0x00000043       0x44 ./Core/Src/stm32f1xx_it.o
 .comment       0x00000043       0x44 ./Core/Src/sysmem.o
 .comment       0x00000043       0x44 ./Core/Src/system_stm32f1xx.o
 .comment       0x00000043       0x44 ./Core/Src/uart.o
 .comment       0x00000043       0x44 ./Drivers/STM32F1xx_HAL_Driver/Src/stm32f1xx_hal.o
 .comment       0x00000043       0x44 ./Drivers/STM32F1xx_HAL_Driver/Src/stm32f1xx_hal_can.o
 .comment       0x00000043       0x44 ./Drivers/STM32F1xx_HAL_Driver/Src/stm32f1xx_hal_cortex.o
 .comment       0x00000043       0x44 ./Drivers/STM32F1xx_HAL_Driver/Src/stm32f1xx_hal_dma.o
 .comment       0x00000043       0x44 ./Drivers/STM32F1xx_HAL_Driver/Src/stm32f1xx_hal_gpio.o
 .comment       0x00000043       0x44 ./Drivers/STM32F1xx_HAL_Driver/Src/stm32f1xx_hal_rcc.o
 .comment       0x00000043       0x44 ./Drivers/STM32F1xx_HAL_Driver/Src/stm32f1xx_hal_uart.o

.debug_frame    0x00000000     0x2730
 .debug_frame   0x00000000       0xc0 ./Core/Src/can_drv.o
 .debug_frame   0x000000c0       0x88 ./Core/Src/debug.o
 .debug_frame   0x00000148      0x108 ./Core/Src/main.o
 .debug_frame   0x00000250       0x74 ./Core/Src/sensor.o
 .debug_frame   0x000002c4       0xc8 ./Core/Src/stm32f1xx_hal_msp.o
 .debug_frame   0x0000038c      0x13c ./Core/Src/stm32f1xx_it.o
 .debug_frame   0x000004c8       0x34 ./Core/Src/sysmem.o
 .debug_frame   0x000004fc       0x58 ./Core/Src/system_stm32f1xx.o
 .debug_frame   0x00000554       0x7c ./Core/Src/uart.o
 .debug_frame   0x000005d0      0x334 ./Drivers/STM32F1xx_HAL_Driver/Src/stm32f1xx_hal.o
 .debug_frame   0x00000904      0x5a0 ./Drivers/STM32F1xx_HAL_Driver/Src/stm32f1xx_hal_can.o
 .debug_frame   0x00000ea4      0x428 ./Drivers/STM32F1xx_HAL_Driver/Src/stm32f1xx_hal_cortex.o
 .debug_frame   0x000012cc      0x208 ./Drivers/STM32F1xx_HAL_Driver/Src/stm32f1xx_hal_dma.o
 .debug_frame   0x000014d4      0x14c ./Drivers/STM32F1xx_HAL_Driver/Src/stm32f1xx_hal_gpio.o
 .debug_frame   0x00001620      0x218 ./Drivers/STM32F1xx_HAL_Driver/Src/stm32f1xx_hal_rcc.o
 .debug_frame   0x00001838      0x944 ./Drivers/STM32F1xx_HAL_Driver/Src/stm32f1xx_hal_uart.o
 .debug_frame   0x0000217c      0x144 C:/Program Files (x86)/STM32CubeIDE_1.17.0/STM32CubeIDE/plugins/com.st.stm32cube.ide.mcu.externaltools.gnu-tools-for-stm32.12.3.rel1.win32_1.1.0.202410251130/tools/bin/../lib/gcc/arm-none-eabi/12.3.1/../../../../arm-none-eabi/lib/thumb/v7-m/nofp\libc_nano.a(libc_a-findfp.o)
 .debug_frame   0x000022c0       0x4c C:/Program Files (x86)/STM32CubeIDE_1.17.0/STM32CubeIDE/plugins/com.st.stm32cube.ide.mcu.externaltools.gnu-tools-for-stm32.12.3.rel1.win32_1.1.0.202410251130/tools/bin/../lib/gcc/arm-none-eabi/12.3.1/../../../../arm-none-eabi/lib/thumb/v7-m/nofp\libc_nano.a(libc_a-vsnprintf.o)
 .debug_frame   0x0000230c       0x28 C:/Program Files (x86)/STM32CubeIDE_1.17.0/STM32CubeIDE/plugins/com.st.stm32cube.ide.mcu.externaltools.gnu-tools-for-stm32.12.3.rel1.win32_1.1.0.202410251130/tools/bin/../lib/gcc/arm-none-eabi/12.3.1/../../../../arm-none-eabi/lib/thumb/v7-m/nofp\libc_nano.a(libc_a-memcmp.o)
 .debug_frame   0x00002334       0x20 C:/Program Files (x86)/STM32CubeIDE_1.17.0/STM32CubeIDE/plugins/com.st.stm32cube.ide.mcu.externaltools.gnu-tools-for-stm32.12.3.rel1.win32_1.1.0.202410251130/tools/bin/../lib/gcc/arm-none-eabi/12.3.1/../../../../arm-none-eabi/lib/thumb/v7-m/nofp\libc_nano.a(libc_a-memset.o)
 .debug_frame   0x00002354       0x38 C:/Program Files (x86)/STM32CubeIDE_1.17.0/STM32CubeIDE/plugins/com.st.stm32cube.ide.mcu.externaltools.gnu-tools-for-stm32.12.3.rel1.win32_1.1.0.202410251130/tools/bin/../lib/gcc/arm-none-eabi/12.3.1/../../../../arm-none-eabi/lib/thumb/v7-m/nofp\libc_nano.a(libc_a-reent.o)
 .debug_frame   0x0000238c       0x20 C:/Program Files (x86)/STM32CubeIDE_1.17.0/STM32CubeIDE/plugins/com.st.stm32cube.ide.mcu.externaltools.gnu-tools-for-stm32.12.3.rel1.win32_1.1.0.202410251130/tools/bin/../lib/gcc/arm-none-eabi/12.3.1/../../../../arm-none-eabi/lib/thumb/v7-m/nofp\libc_nano.a(libc_a-errno.o)
 .debug_frame   0x000023ac       0x2c C:/Program Files (x86)/STM32CubeIDE_1.17.0/STM32CubeIDE/plugins/com.st.stm32cube.ide.mcu.externaltools.gnu-tools-for-stm32.12.3.rel1.win32_1.1.0.202410251130/tools/bin/../lib/gcc/arm-none-eabi/12.3.1/../../../../arm-none-eabi/lib/thumb/v7-m/nofp\libc_nano.a(libc_a-init.o)
 .debug_frame   0x000023d8       0xb0 C:/Program Files (x86)/STM32CubeIDE_1.17.0/STM32CubeIDE/plugins/com.st.stm32cube.ide.mcu.externaltools.gnu-tools-for-stm32.12.3.rel1.win32_1.1.0.202410251130/tools/bin/../lib/gcc/arm-none-eabi/12.3.1/../../../../arm-none-eabi/lib/thumb/v7-m/nofp\libc_nano.a(libc_a-lock.o)
 .debug_frame   0x00002488       0x28 C:/Program Files (x86)/STM32CubeIDE_1.17.0/STM32CubeIDE/plugins/com.st.stm32cube.ide.mcu.externaltools.gnu-tools-for-stm32.12.3.rel1.win32_1.1.0.202410251130/tools/bin/../lib/gcc/arm-none-eabi/12.3.1/../../../../arm-none-eabi/lib/thumb/v7-m/nofp\libc_nano.a(libc_a-memcpy-stub.o)
 .debug_frame   0x000024b0       0x38 C:/Program Files (x86)/STM32CubeIDE_1.17.0/STM32CubeIDE/plugins/com.st.stm32cube.ide.mcu.externaltools.gnu-tools-for-stm32.12.3.rel1.win32_1.1.0.202410251130/tools/bin/../lib/gcc/arm-none-eabi/12.3.1/../../../../arm-none-eabi/lib/thumb/v7-m/nofp\libc_nano.a(libc_a-freer.o)
 .debug_frame   0x000024e8       0x50 C:/Program Files (x86)/STM32CubeIDE_1.17.0/STM32CubeIDE/plugins/com.st.stm32cube.ide.mcu.externaltools.gnu-tools-for-stm32.12.3.rel1.win32_1.1.0.202410251130/tools/bin/../lib/gcc/arm-none-eabi/12.3.1/../../../../arm-none-eabi/lib/thumb/v7-m/nofp\libc_nano.a(libc_a-mallocr.o)
 .debug_frame   0x00002538       0x30 C:/Program Files (x86)/STM32CubeIDE_1.17.0/STM32CubeIDE/plugins/com.st.stm32cube.ide.mcu.externaltools.gnu-tools-for-stm32.12.3.rel1.win32_1.1.0.202410251130/tools/bin/../lib/gcc/arm-none-eabi/12.3.1/../../../../arm-none-eabi/lib/thumb/v7-m/nofp\libc_nano.a(libc_a-mlock.o)
 .debug_frame   0x00002568       0x90 C:/Program Files (x86)/STM32CubeIDE_1.17.0/STM32CubeIDE/plugins/com.st.stm32cube.ide.mcu.externaltools.gnu-tools-for-stm32.12.3.rel1.win32_1.1.0.202410251130/tools/bin/../lib/gcc/arm-none-eabi/12.3.1/../../../../arm-none-eabi/lib/thumb/v7-m/nofp\libc_nano.a(libc_a-nano-svfprintf.o)
 .debug_frame   0x000025f8       0x60 C:/Program Files (x86)/STM32CubeIDE_1.17.0/STM32CubeIDE/plugins/com.st.stm32cube.ide.mcu.externaltools.gnu-tools-for-stm32.12.3.rel1.win32_1.1.0.202410251130/tools/bin/../lib/gcc/arm-none-eabi/12.3.1/../../../../arm-none-eabi/lib/thumb/v7-m/nofp\libc_nano.a(libc_a-nano-vfprintf_i.o)
 .debug_frame   0x00002658       0x28 C:/Program Files (x86)/STM32CubeIDE_1.17.0/STM32CubeIDE/plugins/com.st.stm32cube.ide.mcu.externaltools.gnu-tools-for-stm32.12.3.rel1.win32_1.1.0.202410251130/tools/bin/../lib/gcc/arm-none-eabi/12.3.1/../../../../arm-none-eabi/lib/thumb/v7-m/nofp\libc_nano.a(libc_a-memmove.o)
 .debug_frame   0x00002680       0x2c C:/Program Files (x86)/STM32CubeIDE_1.17.0/STM32CubeIDE/plugins/com.st.stm32cube.ide.mcu.externaltools.gnu-tools-for-stm32.12.3.rel1.win32_1.1.0.202410251130/tools/bin/../lib/gcc/arm-none-eabi/12.3.1/../../../../arm-none-eabi/lib/thumb/v7-m/nofp\libc_nano.a(libc_a-sbrkr.o)
 .debug_frame   0x000026ac       0x28 C:/Program Files (x86)/STM32CubeIDE_1.17.0/STM32CubeIDE/plugins/com.st.stm32cube.ide.mcu.externaltools.gnu-tools-for-stm32.12.3.rel1.win32_1.1.0.202410251130/tools/bin/../lib/gcc/arm-none-eabi/12.3.1/../../../../arm-none-eabi/lib/thumb/v7-m/nofp\libc_nano.a(libc_a-memchr-stub.o)
 .debug_frame   0x000026d4       0x3c C:/Program Files (x86)/STM32CubeIDE_1.17.0/STM32CubeIDE/plugins/com.st.stm32cube.ide.mcu.externaltools.gnu-tools-for-stm32.12.3.rel1.win32_1.1.0.202410251130/tools/bin/../lib/gcc/arm-none-eabi/12.3.1/../../../../arm-none-eabi/lib/thumb/v7-m/nofp\libc_nano.a(libc_a-reallocr.o)
 .debug_frame   0x00002710       0x20 C:/Program Files (x86)/STM32CubeIDE_1.17.0/STM32CubeIDE/plugins/com.st.stm32cube.ide.mcu.externaltools.gnu-tools-for-stm32.12.3.rel1.win32_1.1.0.202410251130/tools/bin/../lib/gcc/arm-none-eabi/12.3.1/../../../../arm-none-eabi/lib/thumb/v7-m/nofp\libc_nano.a(libc_a-msizer.o)

.debug_line_str
                0x00000000       0x7b
 .debug_line_str
                0x00000000       0x7b ./Core/Startup/startup_stm32f103c8tx.o
