02:10:16 **** Incremental Build of configuration Debug for project CAN2RS_Translator ****
make -j8 all 
arm-none-eabi-size  CAN2RS_Translator.elf 
   text	   data	    bss	    dec	    hex	filename
   6888	     12	   1684	   8584	   2188	CAN2RS_Translator.elf
Finished building: default.size.stdout
 
02:11:15 **** Incremental Build of configuration Debug for project CAN2RS_Translator ****
make -j8 all 
arm-none-eabi-size  CAN2RS_Translator.elf 
   text	   data	    bss	    dec	    hex	filename
   6888	     12	   1684	   8584	   2188	CAN2RS_Translator.elf
Finished building: default.size.stdout
 
02:13:26 **** Incremental Build of configuration Debug for project CAN2RS_Translator ****
make -j8 all 
arm-none-eabi-gcc "../Core/Src/main.c" -mcpu=cortex-m3 -std=gnu11 -g3 -DDEBUG -DUSE_HAL_DRIVER -DSTM32F103xB -c -I../Core/Inc -I../Drivers/STM32F1xx_HAL_Driver/Inc/Legacy -I../Drivers/STM32F1xx_HAL_Driver/Inc -I../Drivers/CMSIS/Device/ST/STM32F1xx/Include -I../Drivers/CMSIS/Include -O0 -ffunction-sections -fdata-sections -Wall -fstack-usage -fcyclomatic-complexity -MMD -MP -MF"Core/Src/main.d" -MT"Core/Src/main.o" --specs=nano.specs -mfloat-abi=soft -mthumb -o "Core/Src/main.o"
../Core/Src/main.c: In function 'main':
../Core/Src/main.c:97:11: warning: unused variable 'uart_msg' [-Wunused-variable]
   97 |   uint8_t uart_msg[] = "Hello from UART via NUCLEO USB\r\n";
      |           ^~~~~~~~
arm-none-eabi-gcc -o "CAN2RS_Translator.elf" @"objects.list"   -mcpu=cortex-m3 -T"C:\Users\Yapupalo\Desktop\pet-проекты\STM workspace\CAN2RS_Translator\STM32F103C8TX_FLASH.ld" --specs=nosys.specs -Wl,-Map="CAN2RS_Translator.map" -Wl,--gc-sections -static --specs=nano.specs -mfloat-abi=soft -mthumb -Wl,--start-group -lc -lm -Wl,--end-group
Finished building target: CAN2RS_Translator.elf
 
arm-none-eabi-size  CAN2RS_Translator.elf 
arm-none-eabi-objdump -h -S CAN2RS_Translator.elf  > "CAN2RS_Translator.list"
   text	   data	    bss	    dec	    hex	filename
   6092	     12	   1684	   7788	   1e6c	CAN2RS_Translator.elf
Finished building: default.size.stdout
 
Finished building: CAN2RS_Translator.list
 
02:15:50 **** Incremental Build of configuration Debug for project CAN2RS_Translator ****
make -j8 all 
arm-none-eabi-gcc "../Core/Src/main.c" -mcpu=cortex-m3 -std=gnu11 -g3 -DDEBUG -DUSE_HAL_DRIVER -DSTM32F103xB -c -I../Core/Inc -I../Drivers/STM32F1xx_HAL_Driver/Inc/Legacy -I../Drivers/STM32F1xx_HAL_Driver/Inc -I../Drivers/CMSIS/Device/ST/STM32F1xx/Include -I../Drivers/CMSIS/Include -O0 -ffunction-sections -fdata-sections -Wall -fstack-usage -fcyclomatic-complexity -MMD -MP -MF"Core/Src/main.d" -MT"Core/Src/main.o" --specs=nano.specs -mfloat-abi=soft -mthumb -o "Core/Src/main.o"
arm-none-eabi-gcc -o "CAN2RS_Translator.elf" @"objects.list"   -mcpu=cortex-m3 -T"C:\Users\Yapupalo\Desktop\pet-проекты\STM workspace\CAN2RS_Translator\STM32F103C8TX_FLASH.ld" --specs=nosys.specs -Wl,-Map="CAN2RS_Translator.map" -Wl,--gc-sections -static --specs=nano.specs -mfloat-abi=soft -mthumb -Wl,--start-group -lc -lm -Wl,--end-group
Finished building target: CAN2RS_Translator.elf
 
arm-none-eabi-size  CAN2RS_Translator.elf 
arm-none-eabi-objdump -h -S CAN2RS_Translator.elf  > "CAN2RS_Translator.list"
   text	   data	    bss	    dec	    hex	filename
   6908	     12	   1684	   8604	   219c	CAN2RS_Translator.elf
Finished building: default.size.stdout
 
Finished building: CAN2RS_Translator.list
 
02:17:04 **** Incremental Build of configuration Debug for project CAN2RS_Translator ****
make -j8 all 
arm-none-eabi-gcc "../Core/Src/main.c" -mcpu=cortex-m3 -std=gnu11 -g3 -DDEBUG -DUSE_HAL_DRIVER -DSTM32F103xB -c -I../Core/Inc -I../Drivers/STM32F1xx_HAL_Driver/Inc/Legacy -I../Drivers/STM32F1xx_HAL_Driver/Inc -I../Drivers/CMSIS/Device/ST/STM32F1xx/Include -I../Drivers/CMSIS/Include -O0 -ffunction-sections -fdata-sections -Wall -fstack-usage -fcyclomatic-complexity -MMD -MP -MF"Core/Src/main.d" -MT"Core/Src/main.o" --specs=nano.specs -mfloat-abi=soft -mthumb -o "Core/Src/main.o"
arm-none-eabi-gcc -o "CAN2RS_Translator.elf" @"objects.list"   -mcpu=cortex-m3 -T"C:\Users\Yapupalo\Desktop\pet-проекты\STM workspace\CAN2RS_Translator\STM32F103C8TX_FLASH.ld" --specs=nosys.specs -Wl,-Map="CAN2RS_Translator.map" -Wl,--gc-sections -static --specs=nano.specs -mfloat-abi=soft -mthumb -Wl,--start-group -lc -lm -Wl,--end-group
Finished building target: CAN2RS_Translator.elf
 
arm-none-eabi-size  CAN2RS_Translator.elf 
arm-none-eabi-objdump -h -S CAN2RS_Translator.elf  > "CAN2RS_Translator.list"
   text	   data	    bss	    dec	    hex	filename
   7040	     12	   1684	   8736	   2220	CAN2RS_Translator.elf
Finished building: default.size.stdout
 
Finished building: CAN2RS_Translator.list
 
02:17:16 **** Incremental Build of configuration Debug for project CAN2RS_Translator ****
make -j8 all 
arm-none-eabi-size  CAN2RS_Translator.elf 
   text	   data	    bss	    dec	    hex	filename
   7040	     12	   1684	   8736	   2220	CAN2RS_Translator.elf
Finished building: default.size.stdout
 
